Archive member included to satisfy reference by file (symbol)

C:/ST/STM32CubeIDE_1.18.1/STM32CubeIDE/plugins/com.st.stm32cube.ide.mcu.externaltools.gnu-tools-for-stm32.13.3.rel1.win32_1.0.0.202411081344/tools/bin/../lib/gcc/arm-none-eabi/13.3.1/../../../../arm-none-eabi/lib/thumb/v8-m.main+fp/hard\libc_nano.a(libc_a-assert.o)
                              ./Application/littlefs/lfs.o (__assert_func)
C:/ST/STM32CubeIDE_1.18.1/STM32CubeIDE/plugins/com.st.stm32cube.ide.mcu.externaltools.gnu-tools-for-stm32.13.3.rel1.win32_1.0.0.202411081344/tools/bin/../lib/gcc/arm-none-eabi/13.3.1/../../../../arm-none-eabi/lib/thumb/v8-m.main+fp/hard\libc_nano.a(libc_a-exit.o)
                              C:/ST/STM32CubeIDE_1.18.1/STM32CubeIDE/plugins/com.st.stm32cube.ide.mcu.externaltools.gnu-tools-for-stm32.13.3.rel1.win32_1.0.0.202411081344/tools/bin/../lib/gcc/arm-none-eabi/13.3.1/../../../../arm-none-eabi/lib/thumb/v8-m.main+fp/hard/crt0.o (exit)
C:/ST/STM32CubeIDE_1.18.1/STM32CubeIDE/plugins/com.st.stm32cube.ide.mcu.externaltools.gnu-tools-for-stm32.13.3.rel1.win32_1.0.0.202411081344/tools/bin/../lib/gcc/arm-none-eabi/13.3.1/../../../../arm-none-eabi/lib/thumb/v8-m.main+fp/hard\libc_nano.a(libc_a-malloc.o)
                              ./Application/littlefs/lfs.o (malloc)
C:/ST/STM32CubeIDE_1.18.1/STM32CubeIDE/plugins/com.st.stm32cube.ide.mcu.externaltools.gnu-tools-for-stm32.13.3.rel1.win32_1.0.0.202411081344/tools/bin/../lib/gcc/arm-none-eabi/13.3.1/../../../../arm-none-eabi/lib/thumb/v8-m.main+fp/hard\libc_nano.a(libc_a-mallocr.o)
                              C:/ST/STM32CubeIDE_1.18.1/STM32CubeIDE/plugins/com.st.stm32cube.ide.mcu.externaltools.gnu-tools-for-stm32.13.3.rel1.win32_1.0.0.202411081344/tools/bin/../lib/gcc/arm-none-eabi/13.3.1/../../../../arm-none-eabi/lib/thumb/v8-m.main+fp/hard\libc_nano.a(libc_a-malloc.o) (_malloc_r)
C:/ST/STM32CubeIDE_1.18.1/STM32CubeIDE/plugins/com.st.stm32cube.ide.mcu.externaltools.gnu-tools-for-stm32.13.3.rel1.win32_1.0.0.202411081344/tools/bin/../lib/gcc/arm-none-eabi/13.3.1/../../../../arm-none-eabi/lib/thumb/v8-m.main+fp/hard\libc_nano.a(libc_a-mlock.o)
                              C:/ST/STM32CubeIDE_1.18.1/STM32CubeIDE/plugins/com.st.stm32cube.ide.mcu.externaltools.gnu-tools-for-stm32.13.3.rel1.win32_1.0.0.202411081344/tools/bin/../lib/gcc/arm-none-eabi/13.3.1/../../../../arm-none-eabi/lib/thumb/v8-m.main+fp/hard\libc_nano.a(libc_a-mallocr.o) (__malloc_lock)
C:/ST/STM32CubeIDE_1.18.1/STM32CubeIDE/plugins/com.st.stm32cube.ide.mcu.externaltools.gnu-tools-for-stm32.13.3.rel1.win32_1.0.0.202411081344/tools/bin/../lib/gcc/arm-none-eabi/13.3.1/../../../../arm-none-eabi/lib/thumb/v8-m.main+fp/hard\libc_nano.a(libc_a-findfp.o)
                              C:/ST/STM32CubeIDE_1.18.1/STM32CubeIDE/plugins/com.st.stm32cube.ide.mcu.externaltools.gnu-tools-for-stm32.13.3.rel1.win32_1.0.0.202411081344/tools/bin/../lib/gcc/arm-none-eabi/13.3.1/../../../../arm-none-eabi/lib/thumb/v8-m.main+fp/hard\libc_nano.a(libc_a-exit.o) (__stdio_exit_handler)
C:/ST/STM32CubeIDE_1.18.1/STM32CubeIDE/plugins/com.st.stm32cube.ide.mcu.externaltools.gnu-tools-for-stm32.13.3.rel1.win32_1.0.0.202411081344/tools/bin/../lib/gcc/arm-none-eabi/13.3.1/../../../../arm-none-eabi/lib/thumb/v8-m.main+fp/hard\libc_nano.a(libc_a-fprintf.o)
                              C:/ST/STM32CubeIDE_1.18.1/STM32CubeIDE/plugins/com.st.stm32cube.ide.mcu.externaltools.gnu-tools-for-stm32.13.3.rel1.win32_1.0.0.202411081344/tools/bin/../lib/gcc/arm-none-eabi/13.3.1/../../../../arm-none-eabi/lib/thumb/v8-m.main+fp/hard\libc_nano.a(libc_a-assert.o) (fiprintf)
C:/ST/STM32CubeIDE_1.18.1/STM32CubeIDE/plugins/com.st.stm32cube.ide.mcu.externaltools.gnu-tools-for-stm32.13.3.rel1.win32_1.0.0.202411081344/tools/bin/../lib/gcc/arm-none-eabi/13.3.1/../../../../arm-none-eabi/lib/thumb/v8-m.main+fp/hard\libc_nano.a(libc_a-fwalk.o)
                              C:/ST/STM32CubeIDE_1.18.1/STM32CubeIDE/plugins/com.st.stm32cube.ide.mcu.externaltools.gnu-tools-for-stm32.13.3.rel1.win32_1.0.0.202411081344/tools/bin/../lib/gcc/arm-none-eabi/13.3.1/../../../../arm-none-eabi/lib/thumb/v8-m.main+fp/hard\libc_nano.a(libc_a-findfp.o) (_fwalk_sglue)
C:/ST/STM32CubeIDE_1.18.1/STM32CubeIDE/plugins/com.st.stm32cube.ide.mcu.externaltools.gnu-tools-for-stm32.13.3.rel1.win32_1.0.0.202411081344/tools/bin/../lib/gcc/arm-none-eabi/13.3.1/../../../../arm-none-eabi/lib/thumb/v8-m.main+fp/hard\libc_nano.a(libc_a-printf.o)
                              ./Application/User/Core/main.o (printf)
C:/ST/STM32CubeIDE_1.18.1/STM32CubeIDE/plugins/com.st.stm32cube.ide.mcu.externaltools.gnu-tools-for-stm32.13.3.rel1.win32_1.0.0.202411081344/tools/bin/../lib/gcc/arm-none-eabi/13.3.1/../../../../arm-none-eabi/lib/thumb/v8-m.main+fp/hard\libc_nano.a(libc_a-stdio.o)
[...]
Memory Configuration

Name             Origin             Length             Attributes
RAM              0x20000000         0x000a0000         xrw
FLASH            0x08000000         0x00200000         xr
*default*        0x00000000         0xffffffff

Linker script and memory map

LOAD C:/ST/STM32CubeIDE_1.18.1/STM32CubeIDE/plugins/com.st.stm32cube.ide.mcu.externaltools.gnu-tools-for-stm32.13.3.rel1.win32_1.0.0.202411081344/tools/bin/../lib/gcc/arm-none-eabi/13.3.1/thumb/v8-m.main+fp/hard/crti.o
LOAD C:/ST/STM32CubeIDE_1.18.1/STM32CubeIDE/plugins/com.st.stm32cube.ide.mcu.externaltools.gnu-tools-for-stm32.13.3.rel1.win32_1.0.0.202411081344/tools/bin/../lib/gcc/arm-none-eabi/13.3.1/thumb/v8-m.main+fp/hard/crtbegin.o
LOAD C:/ST/STM32CubeIDE_1.18.1/STM32CubeIDE/plugins/com.st.stm32cube.ide.mcu.externaltools.gnu-tools-for-stm32.13.3.rel1.win32_1.0.0.202411081344/tools/bin/../lib/gcc/arm-none-eabi/13.3.1/../../../../arm-none-eabi/lib/thumb/v8-m.main+fp/hard/crt0.o
LOAD ./Application/User/Core/lfs_config.o
LOAD ./Application/User/Core/main.o
LOAD ./Application/User/Core/stm32h5xx_hal_msp.o
LOAD ./Application/User/Core/stm32h5xx_it.o
LOAD ./Application/User/Core/syscalls.o
LOAD ./Application/User/Core/sysmem.o
LOAD ./Application/User/Core/xspi_driver.o
LOAD ./Application/User/Startup/startup_stm32h573iikxq.o
LOAD ./Application/littlefs/lfs.o
LOAD ./Application/littlefs/lfs_util.o
LOAD ./Drivers/CMSIS/system_stm32h5xx.o
LOAD ./Drivers/STM32H5xx_HAL_Driver/stm32h5xx_hal.o
LOAD ./Drivers/STM32H5xx_HAL_Driver/stm32h5xx_hal_cortex.o
LOAD ./Drivers/STM32H5xx_HAL_Driver/stm32h5xx_hal_dma.o
LOAD ./Drivers/STM32H5xx_HAL_Driver/stm32h5xx_hal_dma_ex.o
LOAD ./Drivers/STM32H5xx_HAL_Driver/stm32h5xx_hal_exti.o
LOAD ./Drivers/STM32H5xx_HAL_Driver/stm32h5xx_hal_flash.o
LOAD ./Drivers/STM32H5xx_HAL_Driver/stm32h5xx_hal_flash_ex.o
LOAD ./Drivers/STM32H5xx_HAL_Driver/stm32h5xx_hal_gpio.o
LOAD ./Drivers/STM32H5xx_HAL_Driver/stm32h5xx_hal_icache.o
LOAD ./Drivers/STM32H5xx_HAL_Driver/stm32h5xx_hal_pwr.o
LOAD ./Drivers/STM32H5xx_HAL_Driver/stm32h5xx_hal_pwr_ex.o
LOAD ./Drivers/STM32H5xx_HAL_Driver/stm32h5xx_hal_rcc.o
LOAD ./Drivers/STM32H5xx_HAL_Driver/stm32h5xx_hal_rcc_ex.o
LOAD ./Drivers/STM32H5xx_HAL_Driver/stm32h5xx_hal_xspi.o
LOAD ./Drivers/STM32H5xx_HAL_Driver/stm32h5xx_ll_dlyb.o
START GROUP
LOAD C:/ST/STM32CubeIDE_1.18.1/STM32CubeIDE/plugins/com.st.stm32cube.ide.mcu.externaltools.gnu-tools-for-stm32.13.3.rel1.win32_1.0.0.202411081344/tools/bin/../lib/gcc/arm-none-eabi/13.3.1/../../../../arm-none-eabi/lib/thumb/v8-m.main+fp/hard\libc_nano.a
LOAD C:/ST/STM32CubeIDE_1.18.1/STM32CubeIDE/plugins/com.st.stm32cube.ide.mcu.externaltools.gnu-tools-for-stm32.13.3.rel1.win32_1.0.0.202411081344/tools/bin/../lib/gcc/arm-none-eabi/13.3.1/../../../../arm-none-eabi/lib/thumb/v8-m.main+fp/hard\libm.a
END GROUP
START GROUP
LOAD C:/ST/STM32CubeIDE_1.18.1/STM32CubeIDE/plugins/com.st.stm32cube.ide.mcu.externaltools.gnu-tools-for-stm32.13.3.rel1.win32_1.0.0.202411081344/tools/bin/../lib/gcc/arm-none-eabi/13.3.1/thumb/v8-m.main+fp/hard\libgcc.a
LOAD C:/ST/STM32CubeIDE_1.18.1/STM32CubeIDE/plugins/com.st.stm32cube.ide.mcu.externaltools.gnu-tools-for-stm32.13.3.rel1.win32_1.0.0.202411081344/tools/bin/../lib/gcc/arm-none-eabi/13.3.1/../../../../arm-none-eabi/lib/thumb/v8-m.main+fp/hard\libc_nano.a
END GROUP
START GROUP
LOAD C:/ST/STM32CubeIDE_1.18.1/STM32CubeIDE/plugins/com.st.stm32cube.ide.mcu.externaltools.gnu-tools-for-stm32.13.3.rel1.win32_1.0.0.202411081344/tools/bin/../lib/gcc/arm-none-eabi/13.3.1/thumb/v8-m.main+fp/hard\libgcc.a
LOAD C:/ST/STM32CubeIDE_1.18.1/STM32CubeIDE/plugins/com.st.stm32cube.ide.mcu.externaltools.gnu-tools-for-stm32.13.3.rel1.win32_1.0.0.202411081344/tools/bin/../lib/gcc/arm-none-eabi/13.3.1/../../../../arm-none-eabi/lib/thumb/v8-m.main+fp/hard\libc_nano.a
LOAD C:/ST/STM32CubeIDE_1.18.1/STM32CubeIDE/plugins/com.st.stm32cube.ide.mcu.externaltools.gnu-tools-for-stm32.13.3.rel1.win32_1.0.0.202411081344/tools/bin/../lib/gcc/arm-none-eabi/13.3.1/../../../../arm-none-eabi/lib/thumb/v8-m.main+fp/hard\libnosys.a
END GROUP
START GROUP
LOAD C:/ST/STM32CubeIDE_1.18.1/STM32CubeIDE/plugins/com.st.stm32cube.ide.mcu.externaltools.gnu-tools-for-stm32.13.3.rel1.win32_1.0.0.202411081344/tools/bin/../lib/gcc/arm-none-eabi/13.3.1/thumb/v8-m.main+fp/hard\libgcc.a
LOAD C:/ST/STM32CubeIDE_1.18.1/STM32CubeIDE/plugins/com.st.stm32cube.ide.mcu.externaltools.gnu-tools-for-stm32.13.3.rel1.win32_1.0.0.202411081344/tools/bin/../lib/gcc/arm-none-eabi/13.3.1/../../../../arm-none-eabi/lib/thumb/v8-m.main+fp/hard\libc_nano.a
LOAD C:/ST/STM32CubeIDE_1.18.1/STM32CubeIDE/plugins/com.st.stm32cube.ide.mcu.externaltools.gnu-tools-for-stm32.13.3.rel1.win32_1.0.0.202411081344/tools/bin/../lib/gcc/arm-none-eabi/13.3.1/../../../../arm-none-eabi/lib/thumb/v8-m.main+fp/hard\libnosys.a
END GROUP
LOAD C:/ST/STM32CubeIDE_1.18.1/STM32CubeIDE/plugins/com.st.stm32cube.ide.mcu.externaltools.gnu-tools-for-stm32.13.3.rel1.win32_1.0.0.202411081344/tools/bin/../lib/gcc/arm-none-eabi/13.3.1/thumb/v8-m.main+fp/hard/crtend.o
LOAD C:/ST/STM32CubeIDE_1.18.1/STM32CubeIDE/plugins/com.st.stm32cube.ide.mcu.externaltools.gnu-tools-for-stm32.13.3.rel1.win32_1.0.0.202411081344/tools/bin/../lib/gcc/arm-none-eabi/13.3.1/thumb/v8-m.main+fp/hard/crtn.o
                0x200a0000                        _estack = (ORIGIN (RAM) + LENGTH (RAM))
                0x00000200                        _Min_Heap_Size = 0x200
                0x00000400                        _Min_Stack_Size = 0x400

.isr_vector     0x08000000      0x24c
                0x08000000                        . = ALIGN (0x4)
 *(.isr_vector)
 .isr_vector    0x08000000      0x24c ./Application/User/Startup/startup_stm32h573iikxq.o
                0x08000000                g_pfnVectors
                0x0800024c                        . = ALIGN (0x4)

.text           0x0800024c     0xd9b8
                0x0800024c                        . = ALIGN (0x4)
 *(.text)
 .text          0x0800024c       0x40 C:/ST/STM32CubeIDE_1.18.1/STM32CubeIDE/plugins/com.st.stm32cube.ide.mcu.externaltools.gnu-tools-for-stm32.13.3.rel1.win32_1.0.0.202411081344/tools/bin/../lib/gcc/arm-none-eabi/13.3.1/thumb/v8-m.main+fp/hard/crtbegin.o
 .text          0x0800028c       0x10 C:/ST/STM32CubeIDE_1.18.1/STM32CubeIDE/plugins/com.st.stm32cube.ide.mcu.externaltools.gnu-tools-for-stm32.13.3.rel1.win32_1.0.0.202411081344/tools/bin/../lib/gcc/arm-none-eabi/13.3.1/../../../../arm-none-eabi/lib/thumb/v8-m.main+fp/hard\libc_nano.a(libc_a-strlen.o)
                0x0800028c                strlen
 .text          0x0800029c       0x28 C:/ST/STM32CubeIDE_1.18.1/STM32CubeIDE/plugins/com.st.stm32cube.ide.mcu.externaltools.gnu-tools-for-stm32.13.3.rel1.win32_1.0.0.202411081344/tools/bin/../lib/gcc/arm-none-eabi/13.3.1/thumb/v8-m.main+fp/hard\libgcc.a(_popcountsi2.o)
                0x0800029c                __popcountsi2
 *(.text*)
 .text.user_provided_block_device_read
                0x080002c4       0x36 ./Application/User/Core/lfs_config.o
                0x080002c4                user_provided_block_device_read
 .text.user_provided_block_device_prog
                0x080002fa       0x36 ./Application/User/Core/lfs_config.o
                0x080002fa                user_provided_block_device_prog
 .text.user_provided_block_device_erase
                0x08000330       0x2a ./Application/User/Core/lfs_config.o
                0x08000330                user_provided_block_device_erase
 .text.user_provided_block_device_sync
                0x0800035a       0x16 ./Application/User/Core/lfs_config.o
                0x0800035a                user_provided_block_device_sync
 .text.main     0x08000370       0xe0 ./Application/User/Core/main.o
                0x08000370                main
 .text.SystemClock_Config
                0x08000450       0xe4 ./Application/User/Core/main.o
                0x08000450                SystemClock_Config
 .text.MX_GPDMA1_Init
                0x08000534      0x134 ./Application/User/Core/main.o
 .text.MX_ICACHE_Init
                0x08000668       0x16 ./Application/User/Core/main.o
 *fill*         0x0800067e        0x2 
 .text.MX_OCTOSPI1_Init
                0x08000680       0x7c ./Application/User/Core/main.o
 .text.MX_GPIO_Init
                0x080006fc      0x108 ./Application/User/Core/main.o
 .text.Error_Handler
                0x08000804        0xc ./Application/User/Core/main.o
                0x08000804                Error_Handler
 .text.HAL_MspInit
                0x08000810        0xe ./Application/User/Core/stm32h5xx_hal_msp.o
                0x08000810                HAL_MspInit
 *fill*         0x0800081e        0x2 
 .text.HAL_XSPI_MspInit
                0x08000820      0x384 ./Application/User/Core/stm32h5xx_hal_msp.o
                0x08000820                HAL_XSPI_MspInit
 .text.NMI_Handler
                0x08000ba4        0x8 ./Application/User/Core/stm32h5xx_it.o
                0x08000ba4                NMI_Handler
 .text.HardFault_Handler
                0x08000bac        0x8 ./Application/User/Core/stm32h5xx_it.o
                0x08000bac                HardFault_Handler
 .text.MemManage_Handler
                0x08000bb4        0x8 ./Application/User/Core/stm32h5xx_it.o
                0x08000bb4                MemManage_Handler
 .text.BusFault_Handler
                0x08000bbc        0x8 ./Application/User/Core/stm32h5xx_it.o
                0x08000bbc                BusFault_Handler
 .text.UsageFault_Handler
                0x08000bc4        0x8 ./Application/User/Core/stm32h5xx_it.o
                0x08000bc4                UsageFault_Handler
 .text.SVC_Handler
                0x08000bcc        0xe ./Application/User/Core/stm32h5xx_it.o
                0x08000bcc                SVC_Handler
 .text.DebugMon_Handler
                0x08000bda        0xe ./Application/User/Core/stm32h5xx_it.o
                0x08000bda                DebugMon_Handler
 .text.PendSV_Handler
                0x08000be8        0xe ./Application/User/Core/stm32h5xx_it.o
                0x08000be8                PendSV_Handler
 .text.SysTick_Handler
                0x08000bf6        0xc ./Application/User/Core/stm32h5xx_it.o
                0x08000bf6                SysTick_Handler
 *fill*         0x08000c02        0x2 
 .text.OCTOSPI1_IRQHandler
                0x08000c04       0x14 ./Application/User/Core/stm32h5xx_it.o
                0x08000c04                OCTOSPI1_IRQHandler
 .text._getpid  0x08000c18       0x10 ./Application/User/Core/syscalls.o
                0x08000c18                _getpid
 .text._kill    0x08000c28       0x20 ./Application/User/Core/syscalls.o
                0x08000c28                _kill
 .text._exit    0x08000c48       0x16 ./Application/User/Core/syscalls.o
                0x08000c48                _exit
 .text._read    0x08000c5e       0x3a ./Application/User/Core/syscalls.o
                0x08000c5e                _read
 .text._write   0x08000c98       0x38 ./Application/User/Core/syscalls.o
                0x08000c98                _write
 .text._close   0x08000cd0       0x18 ./Application/User/Core/syscalls.o
                0x08000cd0                _close
 .text._fstat   0x08000ce8       0x20 ./Application/User/Core/syscalls.o
                0x08000ce8                _fstat
 .text._isatty  0x08000d08       0x16 ./Application/User/Core/syscalls.o
                0x08000d08                _isatty
 .text._lseek   0x08000d1e       0x1a ./Application/User/Core/syscalls.o
                0x08000d1e                _lseek
 .text._sbrk    0x08000d38       0x6c ./Application/User/Core/sysmem.o
                0x08000d38                _sbrk
 .text.XSPI_Erase_Block
                0x08000da4       0x70 ./Application/User/Core/xspi_driver.o
                0x08000da4                XSPI_Erase_Block
 .text.XSPI_Write
                0x08000e14       0x94 ./Application/User/Core/xspi_driver.o
                0x08000e14                XSPI_Write
 .text.XSPI_Read
                0x08000ea8       0x94 ./Application/User/Core/xspi_driver.o
                0x08000ea8                XSPI_Read
 .text.Reset_Handler
                0x08000f3c       0x50 ./Application/User/Startup/startup_stm32h573iikxq.o
                0x08000f3c                Reset_Handler
 .text.Default_Handler
                0x08000f8c        0x2 ./Application/User/Startup/startup_stm32h573iikxq.o
                0x08000f8c                EXTI2_IRQHandler
                0x08000f8c                TIM8_TRG_COM_IRQHandler
                0x08000f8c                TIM8_CC_IRQHandler
                0x08000f8c                EXTI5_IRQHandler
                0x08000f8c                I3C1_ER_IRQHandler
                0x08000f8c                UART8_IRQHandler
                0x08000f8c                SPI4_IRQHandler
                0x08000f8c                GPDMA2_Channel1_IRQHandler
                0x08000f8c                FLASH_S_IRQHandler
                0x08000f8c                EXTI13_IRQHandler
                0x08000f8c                TIM1_CC_IRQHandler
                0x08000f8c                GPDMA2_Channel3_IRQHandler
                0x08000f8c                TAMP_IRQHandler
                0x08000f8c                TIM6_IRQHandler
                0x08000f8c                EXTI12_IRQHandler
                0x08000f8c                CORDIC_IRQHandler
                0x08000f8c                USB_DRD_FS_IRQHandler
                0x08000f8c                EXTI3_IRQHandler
                0x08000f8c                LPTIM4_IRQHandler
                0x08000f8c                GPDMA1_Channel5_IRQHandler
                0x08000f8c                EXTI8_IRQHandler
                0x08000f8c                GPDMA2_Channel5_IRQHandler
                0x08000f8c                LPTIM2_IRQHandler
                0x08000f8c                I2C3_ER_IRQHandler
                0x08000f8c                GPDMA2_Channel2_IRQHandler
                0x08000f8c                USART10_IRQHandler
                0x08000f8c                LPTIM3_IRQHandler
                0x08000f8c                EXTI0_IRQHandler
                0x08000f8c                I2C2_EV_IRQHandler
                0x08000f8c                FPU_IRQHandler
                0x08000f8c                GPDMA1_Channel3_IRQHandler
                0x08000f8c                GPDMA1_Channel7_IRQHandler
                0x08000f8c                FDCAN1_IT1_IRQHandler
                0x08000f8c                RAMCFG_IRQHandler
                0x08000f8c                DCACHE1_IRQHandler
                0x08000f8c                SPI1_IRQHandler
                0x08000f8c                GPDMA1_Channel2_IRQHandler
                0x08000f8c                TIM8_UP_IRQHandler
                0x08000f8c                RCC_S_IRQHandler
                0x08000f8c                SAI2_IRQHandler
                0x08000f8c                ADC1_IRQHandler
                0x08000f8c                PKA_IRQHandler
                0x08000f8c                USART6_IRQHandler
                0x08000f8c                EXTI15_IRQHandler
                0x08000f8c                TIM17_IRQHandler
                0x08000f8c                USART3_IRQHandler
                0x08000f8c                RTC_IRQHandler
                0x08000f8c                EXTI9_IRQHandler
                0x08000f8c                LPTIM5_IRQHandler
                0x08000f8c                UART5_IRQHandler
                0x08000f8c                TIM4_IRQHandler
                0x08000f8c                I2C1_EV_IRQHandler
                0x08000f8c                GPDMA1_Channel1_IRQHandler
                0x08000f8c                TIM16_IRQHandler
                0x08000f8c                UART4_IRQHandler
                0x08000f8c                SecureFault_Handler
                0x08000f8c                TIM3_IRQHandler
                0x08000f8c                RCC_IRQHandler
                0x08000f8c                UART9_IRQHandler
                0x08000f8c                TIM1_TRG_COM_IRQHandler
                0x08000f8c                Default_Handler
                0x08000f8c                FMAC_IRQHandler
                0x08000f8c                CEC_IRQHandler
                0x08000f8c                USART11_IRQHandler
                0x08000f8c                TIM14_IRQHandler
                0x08000f8c                TIM13_IRQHandler
                0x08000f8c                OTFDEC1_IRQHandler
                0x08000f8c                GPDMA2_Channel4_IRQHandler
                0x08000f8c                SPI5_IRQHandler
                0x08000f8c                TIM12_IRQHandler
                0x08000f8c                TIM7_IRQHandler
                0x08000f8c                SDMMC1_IRQHandler
                0x08000f8c                SAES_IRQHandler
                0x08000f8c                TIM5_IRQHandler
                0x08000f8c                UCPD1_IRQHandler
                0x08000f8c                GPDMA1_Channel0_IRQHandler
                0x08000f8c                I3C1_EV_IRQHandler
                0x08000f8c                TIM15_IRQHandler
                0x08000f8c                PVD_AVD_IRQHandler
                0x08000f8c                I2C3_EV_IRQHandler
                0x08000f8c                ETH_WKUP_IRQHandler
                0x08000f8c                ADC2_IRQHandler
                0x08000f8c                SPI2_IRQHandler
                0x08000f8c                EXTI14_IRQHandler
                0x08000f8c                EXTI11_IRQHandler
                0x08000f8c                CRS_IRQHandler
                0x08000f8c                EXTI4_IRQHandler
                0x08000f8c                GPDMA2_Channel0_IRQHandler
                0x08000f8c                RTC_S_IRQHandler
                0x08000f8c                RNG_IRQHandler
                0x08000f8c                FDCAN2_IT1_IRQHandler
                0x08000f8c                ETH_IRQHandler
                0x08000f8c                GPDMA2_Channel6_IRQHandler
                0x08000f8c                TIM1_UP_IRQHandler
                0x08000f8c                UART12_IRQHandler
                0x08000f8c                WWDG_IRQHandler
                0x08000f8c                SPI6_IRQHandler
                0x08000f8c                I2C4_EV_IRQHandler
                0x08000f8c                FDCAN2_IT0_IRQHandler
                0x08000f8c                IWDG_IRQHandler
                0x08000f8c                LPUART1_IRQHandler
                0x08000f8c                FDCAN1_IT0_IRQHandler
                0x08000f8c                TIM2_IRQHandler
                0x08000f8c                GPDMA1_Channel4_IRQHandler
                0x08000f8c                EXTI7_IRQHandler
                0x08000f8c                TIM1_BRK_IRQHandler
                0x08000f8c                EXTI1_IRQHandler
                0x08000f8c                SDMMC2_IRQHandler
                0x08000f8c                AES_IRQHandler
                0x08000f8c                LPTIM6_IRQHandler
                0x08000f8c                DAC1_IRQHandler
                0x08000f8c                DTS_IRQHandler
                0x08000f8c                UART7_IRQHandler
                0x08000f8c                GTZC_IRQHandler
                0x08000f8c                USART2_IRQHandler
                0x08000f8c                GPDMA1_Channel6_IRQHandler
                0x08000f8c                GPDMA2_Channel7_IRQHandler
                0x08000f8c                I2C2_ER_IRQHandler
                0x08000f8c                TIM8_BRK_IRQHandler
                0x08000f8c                FLASH_IRQHandler
                0x08000f8c                USART1_IRQHandler
                0x08000f8c                EXTI10_IRQHandler
                0x08000f8c                SPI3_IRQHandler
                0x08000f8c                I2C1_ER_IRQHandler
                0x08000f8c                FMC_IRQHandler
                0x08000f8c                EXTI6_IRQHandler
                0x08000f8c                LPTIM1_IRQHandler
                0x08000f8c                DCMI_PSSI_IRQHandler
                0x08000f8c                I2C4_ER_IRQHandler
                0x08000f8c                ICACHE_IRQHandler
                0x08000f8c                SAI1_IRQHandler
                0x08000f8c                HASH_IRQHandler
 .text.lfs_max  0x08000f8e       0x20 ./Application/littlefs/lfs.o
 .text.lfs_min  0x08000fae       0x20 ./Application/littlefs/lfs.o
 .text.lfs_aligndown
                0x08000fce       0x2a ./Application/littlefs/lfs.o
 .text.lfs_alignup
                0x08000ff8       0x24 ./Application/littlefs/lfs.o
 .text.lfs_npw2
                0x0800101c       0x20 ./Application/littlefs/lfs.o
 .text.lfs_ctz  0x0800103c       0x1e ./Application/littlefs/lfs.o
 .text.lfs_popc
                0x0800105a       0x18 ./Application/littlefs/lfs.o
 .text.lfs_scmp
                0x08001072       0x1c ./Application/littlefs/lfs.o
 .text.lfs_fromle32
                0x0800108e       0x16 ./Application/littlefs/lfs.o
 .text.lfs_tole32
                0x080010a4       0x18 ./Application/littlefs/lfs.o
 .text.lfs_frombe32
                0x080010bc       0x18 ./Application/littlefs/lfs.o
 .text.lfs_tobe32
                0x080010d4       0x18 ./Application/littlefs/lfs.o
 .text.lfs_malloc
                0x080010ec       0x18 ./Application/littlefs/lfs.o
 .text.lfs_free
                0x08001104       0x16 ./Application/littlefs/lfs.o
 .text.lfs_cache_drop
                0x0800111a       0x1e ./Application/littlefs/lfs.o
 .text.lfs_cache_zero
                0x08001138       0x2c ./Application/littlefs/lfs.o
 .text.lfs_bd_read
                0x08001164      0x298 ./Application/littlefs/lfs.o
 .text.lfs_bd_cmp
                0x080013fc       0xa2 ./Application/littlefs/lfs.o
 .text.lfs_bd_crc
                0x0800149e       0x8c ./Application/littlefs/lfs.o
 *fill*         0x0800152a        0x2 
 .text.lfs_bd_flush
                0x0800152c       0xf4 ./Application/littlefs/lfs.o
 .text.lfs_bd_sync
                0x08001620       0x68 ./Application/littlefs/lfs.o
 .text.lfs_bd_prog
                0x08001688      0x15c ./Application/littlefs/lfs.o
 .text.lfs_bd_erase
                0x080017e4       0x64 ./Application/littlefs/lfs.o
 .text.lfs_path_namelen
                0x08001848       0x20 ./Application/littlefs/lfs.o
 .text.lfs_path_islast
                0x08001868       0x40 ./Application/littlefs/lfs.o
 .text.lfs_path_isdir
                0x080018a8       0x28 ./Application/littlefs/lfs.o
 .text.lfs_pair_swap
                0x080018d0       0x2a ./Application/littlefs/lfs.o
 .text.lfs_pair_isnull
                0x080018fa       0x36 ./Application/littlefs/lfs.o
 .text.lfs_pair_cmp
                0x08001930       0x54 ./Application/littlefs/lfs.o
 .text.lfs_pair_issync
                0x08001984       0x5a ./Application/littlefs/lfs.o
 .text.lfs_pair_fromle32
                0x080019de       0x34 ./Application/littlefs/lfs.o
 .text.lfs_pair_tole32
                0x08001a12       0x34 ./Application/littlefs/lfs.o
 .text.lfs_tag_isvalid
                0x08001a46       0x1c ./Application/littlefs/lfs.o
 .text.lfs_tag_isdelete
                0x08001a62       0x26 ./Application/littlefs/lfs.o
 .text.lfs_tag_type1
                0x08001a88       0x20 ./Application/littlefs/lfs.o
 .text.lfs_tag_type2
                0x08001aa8       0x20 ./Application/littlefs/lfs.o
 .text.lfs_tag_type3
                0x08001ac8       0x20 ./Application/littlefs/lfs.o
 .text.lfs_tag_chunk
                0x08001ae8       0x1a ./Application/littlefs/lfs.o
 .text.lfs_tag_splice
                0x08001b02       0x1a ./Application/littlefs/lfs.o
 .text.lfs_tag_id
                0x08001b1c       0x20 ./Application/littlefs/lfs.o
 .text.lfs_tag_size
                0x08001b3c       0x1a ./Application/littlefs/lfs.o
 .text.lfs_tag_dsize
                0x08001b56       0x28 ./Application/littlefs/lfs.o
 .text.lfs_gstate_xor
                0x08001b7e       0x40 ./Application/littlefs/lfs.o
 .text.lfs_gstate_iszero
                0x08001bbe       0x38 ./Application/littlefs/lfs.o
 .text.lfs_gstate_hasorphans
                0x08001bf6       0x26 ./Application/littlefs/lfs.o
 .text.lfs_gstate_getorphans
                0x08001c1c       0x1e ./Application/littlefs/lfs.o
 .text.lfs_gstate_hasmove
                0x08001c3a       0x26 ./Application/littlefs/lfs.o
 .text.lfs_gstate_needssuperblock
                0x08001c60       0x28 ./Application/littlefs/lfs.o
 .text.lfs_gstate_hasmovehere
                0x08001c88       0x40 ./Application/littlefs/lfs.o
 .text.lfs_gstate_fromle32
                0x08001cc8       0x40 ./Application/littlefs/lfs.o
 .text.lfs_gstate_tole32
                0x08001d08       0x40 ./Application/littlefs/lfs.o
 .text.lfs_fcrc_fromle32
                0x08001d48       0x30 ./Application/littlefs/lfs.o
 .text.lfs_fcrc_tole32
                0x08001d78       0x30 ./Application/littlefs/lfs.o
 .text.lfs_ctz_fromle32
                0x08001da8       0x30 ./Application/littlefs/lfs.o
 .text.lfs_ctz_tole32
                0x08001dd8       0x30 ./Application/littlefs/lfs.o
 .text.lfs_superblock_fromle32
                0x08001e08       0x70 ./Application/littlefs/lfs.o
 .text.lfs_superblock_tole32
                0x08001e78       0x70 ./Application/littlefs/lfs.o
 .text.lfs_mlist_isopen
                0x08001ee8       0x3a ./Application/littlefs/lfs.o
 .text.lfs_mlist_remove
                0x08001f22       0x44 ./Application/littlefs/lfs.o
 .text.lfs_mlist_append
                0x08001f66       0x24 ./Application/littlefs/lfs.o
 *fill*         0x08001f8a        0x2 
 .text.lfs_fs_disk_version
                0x08001f8c       0x1c ./Application/littlefs/lfs.o
 .text.lfs_fs_disk_version_major
                0x08001fa8       0x1c ./Application/littlefs/lfs.o
 .text.lfs_fs_disk_version_minor
                0x08001fc4       0x1a ./Application/littlefs/lfs.o
 .text.lfs_alloc_ckpoint
                0x08001fde       0x1c ./Application/littlefs/lfs.o
 .text.lfs_alloc_drop
                0x08001ffa       0x22 ./Application/littlefs/lfs.o
 .text.lfs_alloc_lookahead
                0x0800201c       0x6a ./Application/littlefs/lfs.o
 *fill*         0x08002086        0x2 
 .text.lfs_alloc_scan
                0x08002088       0x84 ./Application/littlefs/lfs.o
 .text.lfs_alloc
                0x0800210c      0x110 ./Application/littlefs/lfs.o
 .text.lfs_dir_getslice
                0x0800221c      0x1ec ./Application/littlefs/lfs.o
 .text.lfs_dir_get
                0x08002408       0x36 ./Application/littlefs/lfs.o
 .text.lfs_dir_getread
                0x0800243e      0x1b6 ./Application/littlefs/lfs.o
 .text.lfs_dir_traverse_filter
                0x080025f4       0xb8 ./Application/littlefs/lfs.o
 .text.lfs_dir_traverse
                0x080026ac      0x7c8 ./Application/littlefs/lfs.o
 .text.lfs_dir_fetchmatch
                0x08002e74      0x7a0 ./Application/littlefs/lfs.o
 .text.lfs_dir_fetch
                0x08003614       0x36 ./Application/littlefs/lfs.o
 *fill*         0x0800364a        0x2 
 .text.lfs_dir_getgstate
                0x0800364c       0x64 ./Application/littlefs/lfs.o
 .text.lfs_dir_find_match
                0x080036b0       0x92 ./Application/littlefs/lfs.o
 *fill*         0x08003742        0x2 
 .text.lfs_dir_find
                0x08003744      0x208 ./Application/littlefs/lfs.o
 .text.lfs_dir_commitprog
                0x0800394c       0x6c ./Application/littlefs/lfs.o
 .text.lfs_dir_commitattr
                0x080039b8      0x100 ./Application/littlefs/lfs.o
 .text.lfs_dir_commitcrc
                0x08003ab8      0x2e0 ./Application/littlefs/lfs.o
 .text.lfs_dir_alloc
                0x08003d98       0xf2 ./Application/littlefs/lfs.o
 .text.lfs_dir_split
                0x08003e8a       0xa8 ./Application/littlefs/lfs.o
 .text.lfs_dir_commit_size
                0x08003f32       0x2c ./Application/littlefs/lfs.o
 .text.lfs_dir_commit_commit
                0x08003f5e       0x2a ./Application/littlefs/lfs.o
 .text.lfs_dir_needsrelocation
                0x08003f88       0x4c ./Application/littlefs/lfs.o
 .text.lfs_dir_compact
                0x08003fd4      0x3f0 ./Application/littlefs/lfs.o
 .text.lfs_dir_splittingcompact
                0x080043c4      0x230 ./Application/littlefs/lfs.o
 .text.lfs_dir_relocatingcommit
                0x080045f4      0x58c ./Application/littlefs/lfs.o
 .text.lfs_dir_orphaningcommit
                0x08004b80      0x5f4 ./Application/littlefs/lfs.o
 .text.lfs_dir_commit
                0x08005174       0x4a ./Application/littlefs/lfs.o
 .text.lfs_ctz_index
                0x080051be       0x70 ./Application/littlefs/lfs.o
 .text.lfs_ctz_find
                0x0800522e       0xd6 ./Application/littlefs/lfs.o
 .text.lfs_ctz_extend
                0x08005304      0x214 ./Application/littlefs/lfs.o
 .text.lfs_ctz_traverse
                0x08005518       0xf8 ./Application/littlefs/lfs.o
 .text.lfs_file_opencfg_
                0x08005610      0x3c0 ./Application/littlefs/lfs.o
 .text.lfs_file_open_
                0x080059d0       0x30 ./Application/littlefs/lfs.o
 .text.lfs_file_close_
                0x08005a00       0x3a ./Application/littlefs/lfs.o
 *fill*         0x08005a3a        0x2 
 .text.lfs_file_relocate
                0x08005a3c      0x1b4 ./Application/littlefs/lfs.o
 .text.lfs_file_outline
                0x08005bf0       0x42 ./Application/littlefs/lfs.o
 *fill*         0x08005c32        0x2 
 .text.lfs_file_flush
                0x08005c34      0x1a8 ./Application/littlefs/lfs.o
 .text.lfs_file_sync_
                0x08005ddc      0x140 ./Application/littlefs/lfs.o
 .text.lfs_file_flushedread
                0x08005f1c      0x1a4 ./Application/littlefs/lfs.o
 .text.lfs_file_read_
                0x080060c0       0x6c ./Application/littlefs/lfs.o
 .text.lfs_file_flushedwrite
                0x0800612c      0x21e ./Application/littlefs/lfs.o
 *fill*         0x0800634a        0x2 
 .text.lfs_file_write_
                0x0800634c      0x108 ./Application/littlefs/lfs.o
 .text.lfs_init
                0x08006454      0x5d4 ./Application/littlefs/lfs.o
 .text.lfs_deinit
                0x08006a28       0x4e ./Application/littlefs/lfs.o
 *fill*         0x08006a76        0x2 
 .text.lfs_format_
                0x08006a78      0x164 ./Application/littlefs/lfs.o
 .text.lfs_tortoise_detectcycles
                0x08006bdc       0x80 ./Application/littlefs/lfs.o
 .text.lfs_mount_
                0x08006c5c      0x404 ./Application/littlefs/lfs.o
 .text.lfs_unmount_
                0x08007060       0x18 ./Application/littlefs/lfs.o
 .text.lfs_fs_traverse_
                0x08007078      0x260 ./Application/littlefs/lfs.o
 .text.lfs_fs_pred
                0x080072d8       0x9c ./Application/littlefs/lfs.o
 .text.lfs_fs_parent_match
                0x08007374       0x84 ./Application/littlefs/lfs.o
 .text.lfs_fs_parent
                0x080073f8       0xbc ./Application/littlefs/lfs.o
 .text.lfs_fs_prepsuperblock
                0x080074b4       0x2a ./Application/littlefs/lfs.o
 *fill*         0x080074de        0x2 
 .text.lfs_fs_preporphans
                0x080074e0       0xa0 ./Application/littlefs/lfs.o
 .text.lfs_fs_prepmove
                0x08007580       0x74 ./Application/littlefs/lfs.o
 .text.lfs_fs_desuperblock
                0x080075f4       0xd8 ./Application/littlefs/lfs.o
 .text.lfs_fs_demove
                0x080076cc       0xf8 ./Application/littlefs/lfs.o
 .text.lfs_fs_deorphan
                0x080077c4      0x360 ./Application/littlefs/lfs.o
 .text.lfs_fs_forceconsistency
                0x08007b24       0x4a ./Application/littlefs/lfs.o
 .text.lfs_fs_size_count
                0x08007b6e       0x26 ./Application/littlefs/lfs.o
 .text.lfs_fs_size_
                0x08007b94       0x34 ./Application/littlefs/lfs.o
 .text.lfs_format
                0x08007bc8       0x2c ./Application/littlefs/lfs.o
                0x08007bc8                lfs_format
 .text.lfs_mount
                0x08007bf4       0x2c ./Application/littlefs/lfs.o
                0x08007bf4                lfs_mount
 .text.lfs_file_open
                0x08007c20       0x68 ./Application/littlefs/lfs.o
                0x08007c20                lfs_file_open
 .text.lfs_file_close
                0x08007c88       0x58 ./Application/littlefs/lfs.o
                0x08007c88                lfs_file_close
 .text.lfs_file_read
                0x08007ce0       0x60 ./Application/littlefs/lfs.o
                0x08007ce0                lfs_file_read
 .text.lfs_file_write
                0x08007d40       0x60 ./Application/littlefs/lfs.o
                0x08007d40                lfs_file_write
 .text.lfs_crc  0x08007da0       0x7c ./Application/littlefs/lfs_util.o
                0x08007da0                lfs_crc
 .text.SystemInit
                0x08007e1c       0xf8 ./Drivers/CMSIS/system_stm32h5xx.o
                0x08007e1c                SystemInit
 .text.HAL_Init
                0x08007f14       0x50 ./Drivers/STM32H5xx_HAL_Driver/stm32h5xx_hal.o
                0x08007f14                HAL_Init
 .text.HAL_InitTick
                0x08007f64       0xec ./Drivers/STM32H5xx_HAL_Driver/stm32h5xx_hal.o
                0x08007f64                HAL_InitTick
 .text.HAL_IncTick
                0x08008050       0x28 ./Drivers/STM32H5xx_HAL_Driver/stm32h5xx_hal.o
                0x08008050                HAL_IncTick
 .text.HAL_GetTick
                0x08008078       0x18 ./Drivers/STM32H5xx_HAL_Driver/stm32h5xx_hal.o
                0x08008078                HAL_GetTick
 .text.HAL_Delay
                0x08008090       0x48 ./Drivers/STM32H5xx_HAL_Driver/stm32h5xx_hal.o
                0x08008090                HAL_Delay
 .text.__NVIC_SetPriorityGrouping
                0x080080d8       0x48 ./Drivers/STM32H5xx_HAL_Driver/stm32h5xx_hal_cortex.o
 .text.__NVIC_GetPriorityGrouping
                0x08008120       0x1c ./Drivers/STM32H5xx_HAL_Driver/stm32h5xx_hal_cortex.o
 .text.__NVIC_EnableIRQ
                0x0800813c       0x3c ./Drivers/STM32H5xx_HAL_Driver/stm32h5xx_hal_cortex.o
 .text.__NVIC_SetPriority
                0x08008178       0x54 ./Drivers/STM32H5xx_HAL_Driver/stm32h5xx_hal_cortex.o
 .text.NVIC_EncodePriority
                0x080081cc       0x66 ./Drivers/STM32H5xx_HAL_Driver/stm32h5xx_hal_cortex.o
 .text.HAL_NVIC_SetPriorityGrouping
                0x08008232       0x16 ./Drivers/STM32H5xx_HAL_Driver/stm32h5xx_hal_cortex.o
                0x08008232                HAL_NVIC_SetPriorityGrouping
 .text.HAL_NVIC_SetPriority
                0x08008248       0x34 ./Drivers/STM32H5xx_HAL_Driver/stm32h5xx_hal_cortex.o
                0x08008248                HAL_NVIC_SetPriority
 .text.HAL_NVIC_EnableIRQ
                0x0800827c       0x1c ./Drivers/STM32H5xx_HAL_Driver/stm32h5xx_hal_cortex.o
                0x0800827c                HAL_NVIC_EnableIRQ
 .text.HAL_SYSTICK_Config
                0x08008298       0x44 ./Drivers/STM32H5xx_HAL_Driver/stm32h5xx_hal_cortex.o
                0x08008298                HAL_SYSTICK_Config
 .text.HAL_SYSTICK_CLKSourceConfig
                0x080082dc       0xb0 ./Drivers/STM32H5xx_HAL_Driver/stm32h5xx_hal_cortex.o
                0x080082dc                HAL_SYSTICK_CLKSourceConfig
 .text.HAL_SYSTICK_GetCLKSourceConfig
                0x0800838c       0x6c ./Drivers/STM32H5xx_HAL_Driver/stm32h5xx_hal_cortex.o
                0x0800838c                HAL_SYSTICK_GetCLKSourceConfig
 .text.HAL_DMA_Init
                0x080083f8      0x284 ./Drivers/STM32H5xx_HAL_Driver/stm32h5xx_hal_dma.o
                0x080083f8                HAL_DMA_Init
 .text.HAL_DMA_Abort_IT
                0x0800867c       0x52 ./Drivers/STM32H5xx_HAL_Driver/stm32h5xx_hal_dma.o
                0x0800867c                HAL_DMA_Abort_IT
 .text.HAL_DMA_ConfigChannelAttributes
                0x080086ce       0x78 ./Drivers/STM32H5xx_HAL_Driver/stm32h5xx_hal_dma.o
                0x080086ce                HAL_DMA_ConfigChannelAttributes
 *fill*         0x08008746        0x2 
 .text.DMA_Init
                0x08008748      0x508 ./Drivers/STM32H5xx_HAL_Driver/stm32h5xx_hal_dma.o
 .text.HAL_GPIO_Init
                0x08008c50      0x2bc ./Drivers/STM32H5xx_HAL_Driver/stm32h5xx_hal_gpio.o
                0x08008c50                HAL_GPIO_Init
 .text.HAL_GPIO_TogglePin
                0x08008f0c       0x34 ./Drivers/STM32H5xx_HAL_Driver/stm32h5xx_hal_gpio.o
                0x08008f0c                HAL_GPIO_TogglePin
 .text.HAL_ICACHE_Enable
                0x08008f40       0x20 ./Drivers/STM32H5xx_HAL_Driver/stm32h5xx_hal_icache.o
                0x08008f40                HAL_ICACHE_Enable
 .text.HAL_RCC_OscConfig
                0x08008f60      0x870 ./Drivers/STM32H5xx_HAL_Driver/stm32h5xx_hal_rcc.o
                0x08008f60                HAL_RCC_OscConfig
 .text.HAL_RCC_ClockConfig
                0x080097d0      0x370 ./Drivers/STM32H5xx_HAL_Driver/stm32h5xx_hal_rcc.o
                0x080097d0                HAL_RCC_ClockConfig
 .text.HAL_RCC_GetSysClockFreq
                0x08009b40      0x258 ./Drivers/STM32H5xx_HAL_Driver/stm32h5xx_hal_rcc.o
                0x08009b40                HAL_RCC_GetSysClockFreq
 .text.HAL_RCC_GetHCLKFreq
                0x08009d98       0x38 ./Drivers/STM32H5xx_HAL_Driver/stm32h5xx_hal_rcc.o
                0x08009d98                HAL_RCC_GetHCLKFreq
 .text.HAL_RCCEx_PeriphCLKConfig
                0x08009dd0     0x1f14 ./Drivers/STM32H5xx_HAL_Driver/stm32h5xx_hal_rcc_ex.o
                0x08009dd0                HAL_RCCEx_PeriphCLKConfig
 .text.RCCEx_PLL2_Config
                0x0800bce4      0x130 ./Drivers/STM32H5xx_HAL_Driver/stm32h5xx_hal_rcc_ex.o
 .text.RCCEx_PLL3_Config
                0x0800be14      0x130 ./Drivers/STM32H5xx_HAL_Driver/stm32h5xx_hal_rcc_ex.o
 .text.HAL_XSPI_Init
                0x0800bf44      0x1b0 ./Drivers/STM32H5xx_HAL_Driver/stm32h5xx_hal_xspi.o
                0x0800bf44                HAL_XSPI_Init
 .text.HAL_XSPI_IRQHandler
                0x0800c0f4      0x2a8 ./Drivers/STM32H5xx_HAL_Driver/stm32h5xx_hal_xspi.o
                0x0800c0f4                HAL_XSPI_IRQHandler
 .text.HAL_XSPI_Command
                0x0800c39c      0x120 ./Drivers/STM32H5xx_HAL_Driver/stm32h5xx_hal_xspi.o
                0x0800c39c                HAL_XSPI_Command
 .text.HAL_XSPI_Transmit
                0x0800c4bc       0xe6 ./Drivers/STM32H5xx_HAL_Driver/stm32h5xx_hal_xspi.o
                0x0800c4bc                HAL_XSPI_Transmit
 .text.HAL_XSPI_Receive
                0x0800c5a2      0x146 ./Drivers/STM32H5xx_HAL_Driver/stm32h5xx_hal_xspi.o
                0x0800c5a2                HAL_XSPI_Receive
 .text.HAL_XSPI_ErrorCallback
                0x0800c6e8       0x14 ./Drivers/STM32H5xx_HAL_Driver/stm32h5xx_hal_xspi.o
                0x0800c6e8                HAL_XSPI_ErrorCallback
 .text.HAL_XSPI_AbortCpltCallback
                0x0800c6fc       0x14 ./Drivers/STM32H5xx_HAL_Driver/stm32h5xx_hal_xspi.o
                0x0800c6fc                HAL_XSPI_AbortCpltCallback
 .text.HAL_XSPI_FifoThresholdCallback
                0x0800c710       0x14 ./Drivers/STM32H5xx_HAL_Driver/stm32h5xx_hal_xspi.o
                0x0800c710                HAL_XSPI_FifoThresholdCallback
 .text.HAL_XSPI_CmdCpltCallback
                0x0800c724       0x14 ./Drivers/STM32H5xx_HAL_Driver/stm32h5xx_hal_xspi.o
                0x0800c724                HAL_XSPI_CmdCpltCallback
 .text.HAL_XSPI_RxCpltCallback
                0x0800c738       0x14 ./Drivers/STM32H5xx_HAL_Driver/stm32h5xx_hal_xspi.o
                0x0800c738                HAL_XSPI_RxCpltCallback
 .text.HAL_XSPI_TxCpltCallback
                0x0800c74c       0x14 ./Drivers/STM32H5xx_HAL_Driver/stm32h5xx_hal_xspi.o
                0x0800c74c                HAL_XSPI_TxCpltCallback
 .text.HAL_XSPI_StatusMatchCallback
                0x0800c760       0x14 ./Drivers/STM32H5xx_HAL_Driver/stm32h5xx_hal_xspi.o
                0x0800c760                HAL_XSPI_StatusMatchCallback
 .text.HAL_XSPI_TimeOutCallback
                0x0800c774       0x14 ./Drivers/STM32H5xx_HAL_Driver/stm32h5xx_hal_xspi.o
                0x0800c774                HAL_XSPI_TimeOutCallback
 .text.HAL_XSPI_SetTimeout
                0x0800c788       0x1e ./Drivers/STM32H5xx_HAL_Driver/stm32h5xx_hal_xspi.o
                0x0800c788                HAL_XSPI_SetTimeout
 .text.XSPI_DMAAbortCplt
                0x0800c7a6       0x78 ./Drivers/STM32H5xx_HAL_Driver/stm32h5xx_hal_xspi.o
 .text.XSPI_WaitFlagStateUntilTimeout
                0x0800c81e       0x6c ./Drivers/STM32H5xx_HAL_Driver/stm32h5xx_hal_xspi.o
 *fill*         0x0800c88a        0x2 
 .text.XSPI_ConfigCmd
                0x0800c88c      0x350 ./Drivers/STM32H5xx_HAL_Driver/stm32h5xx_hal_xspi.o
 .text.__assert_func
                0x0800cbdc       0x3c C:/ST/STM32CubeIDE_1.18.1/STM32CubeIDE/plugins/com.st.stm32cube.ide.mcu.externaltools.gnu-tools-for-stm32.13.3.rel1.win32_1.0.0.202411081344/tools/bin/../lib/gcc/arm-none-eabi/13.3.1/../../../../arm-none-eabi/lib/thumb/v8-m.main+fp/hard\libc_nano.a(libc_a-assert.o)
                0x0800cbdc                __assert_func
 .text.malloc   0x0800cc18       0x10 C:/ST/STM32CubeIDE_1.18.1/STM32CubeIDE/plugins/com.st.stm32cube.ide.mcu.externaltools.gnu-tools-for-stm32.13.3.rel1.win32_1.0.0.202411081344/tools/bin/../lib/gcc/arm-none-eabi/13.3.1/../../../../arm-none-eabi/lib/thumb/v8-m.main+fp/hard\libc_nano.a(libc_a-malloc.o)
                0x0800cc18                malloc
 .text.free     0x0800cc28       0x10 C:/ST/STM32CubeIDE_1.18.1/STM32CubeIDE/plugins/com.st.stm32cube.ide.mcu.externaltools.gnu-tools-for-stm32.13.3.rel1.win32_1.0.0.202411081344/tools/bin/../lib/gcc/arm-none-eabi/13.3.1/../../../../arm-none-eabi/lib/thumb/v8-m.main+fp/hard\libc_nano.a(libc_a-malloc.o)
                0x0800cc28                free
 .text.sbrk_aligned
                0x0800cc38       0x44 C:/ST/STM32CubeIDE_1.18.1/STM32CubeIDE/plugins/com.st.stm32cube.ide.mcu.externaltools.gnu-tools-for-stm32.13.3.rel1.win32_1.0.0.202411081344/tools/bin/../lib/gcc/arm-none-eabi/13.3.1/../../../../arm-none-eabi/lib/thumb/v8-m.main+fp/hard\libc_nano.a(libc_a-mallocr.o)
 .text._malloc_r
                0x0800cc7c      0x100 C:/ST/STM32CubeIDE_1.18.1/STM32CubeIDE/plugins/com.st.stm32cube.ide.mcu.externaltools.gnu-tools-for-stm32.13.3.rel1.win32_1.0.0.202411081344/tools/bin/../lib/gcc/arm-none-eabi/13.3.1/../../../../arm-none-eabi/lib/thumb/v8-m.main+fp/hard\libc_nano.a(libc_a-mallocr.o)
                0x0800cc7c                _malloc_r
 .text.__malloc_lock
                0x0800cd7c        0xc C:/ST/STM32CubeIDE_1.18.1/STM32CubeIDE/plugins/com.st.stm32cube.ide.mcu.externaltools.gnu-tools-for-stm32.13.3.rel1.win32_1.0.0.202411081344/tools/bin/../lib/gcc/arm-none-eabi/13.3.1/../../../../arm-none-eabi/lib/thumb/v8-m.main+fp/hard\libc_nano.a(libc_a-mlock.o)
                0x0800cd7c                __malloc_lock
 .text.__malloc_unlock
                0x0800cd88        0xc C:/ST/STM32CubeIDE_1.18.1/STM32CubeIDE/plugins/com.st.stm32cube.ide.mcu.externaltools.gnu-tools-for-stm32.13.3.rel1.win32_1.0.0.202411081344/tools/bin/../lib/gcc/arm-none-eabi/13.3.1/../../../../arm-none-eabi/lib/thumb/v8-m.main+fp/hard\libc_nano.a(libc_a-mlock.o)
                0x0800cd88                __malloc_unlock
 .text.std      0x0800cd94       0x6c C:/ST/STM32CubeIDE_1.18.1/STM32CubeIDE/plugins/com.st.stm32cube.ide.mcu.externaltools.gnu-tools-for-stm32.13.3.rel1.win32_1.0.0.202411081344/tools/bin/../lib/gcc/arm-none-eabi/13.3.1/../../../../arm-none-eabi/lib/thumb/v8-m.main+fp/hard\libc_nano.a(libc_a-findfp.o)
 .text.stdio_exit_handler
                0x0800ce00       0x18 C:/ST/STM32CubeIDE_1.18.1/STM32CubeIDE/plugins/com.st.stm32cube.ide.mcu.externaltools.gnu-tools-for-stm32.13.3.rel1.win32_1.0.0.202411081344/tools/bin/../lib/gcc/arm-none-eabi/13.3.1/../../../../arm-none-eabi/lib/thumb/v8-m.main+fp/hard\libc_nano.a(libc_a-findfp.o)
 .text.cleanup_stdio
                0x0800ce18       0x40 C:/ST/STM32CubeIDE_1.18.1/STM32CubeIDE/plugins/com.st.stm32cube.ide.mcu.externaltools.gnu-tools-for-stm32.13.3.rel1.win32_1.0.0.202411081344/tools/bin/../lib/gcc/arm-none-eabi/13.3.1/../../../../arm-none-eabi/lib/thumb/v8-m.main+fp/hard\libc_nano.a(libc_a-findfp.o)
 .text.global_stdio_init.part.0
                0x0800ce58       0x3c C:/ST/STM32CubeIDE_1.18.1/STM32CubeIDE/plugins/com.st.stm32cube.ide.mcu.externaltools.gnu-tools-for-stm32.13.3.rel1.win32_1.0.0.202411081344/tools/bin/../lib/gcc/arm-none-eabi/13.3.1/../../../../arm-none-eabi/lib/thumb/v8-m.main+fp/hard\libc_nano.a(libc_a-findfp.o)
 .text.__sfp_lock_acquire
                0x0800ce94        0xc C:/ST/STM32CubeIDE_1.18.1/STM32CubeIDE/plugins/com.st.stm32cube.ide.mcu.externaltools.gnu-tools-for-stm32.13.3.rel1.win32_1.0.0.202411081344/tools/bin/../lib/gcc/arm-none-eabi/13.3.1/../../../../arm-none-eabi/lib/thumb/v8-m.main+fp/hard\libc_nano.a(libc_a-findfp.o)
                0x0800ce94                __sfp_lock_acquire
 .text.__sfp_lock_release
                0x0800cea0        0xc C:/ST/STM32CubeIDE_1.18.1/STM32CubeIDE/plugins/com.st.stm32cube.ide.mcu.externaltools.gnu-tools-for-stm32.13.3.rel1.win32_1.0.0.202411081344/tools/bin/../lib/gcc/arm-none-eabi/13.3.1/../../../../arm-none-eabi/lib/thumb/v8-m.main+fp/hard\libc_nano.a(libc_a-findfp.o)
                0x0800cea0                __sfp_lock_release
 .text.__sinit  0x0800ceac       0x30 C:/ST/STM32CubeIDE_1.18.1/STM32CubeIDE/plugins/com.st.stm32cube.ide.mcu.externaltools.gnu-tools-for-stm32.13.3.rel1.win32_1.0.0.202411081344/tools/bin/../lib/gcc/arm-none-eabi/13.3.1/../../../../arm-none-eabi/lib/thumb/v8-m.main+fp/hard\libc_nano.a(libc_a-findfp.o)
                0x0800ceac                __sinit
 .text.fprintf  0x0800cedc       0x24 C:/ST/STM32CubeIDE_1.18.1/STM32CubeIDE/plugins/com.st.stm32cube.ide.mcu.externaltools.gnu-tools-for-stm32.13.3.rel1.win32_1.0.0.202411081344/tools/bin/../lib/gcc/arm-none-eabi/13.3.1/../../../../arm-none-eabi/lib/thumb/v8-m.main+fp/hard\libc_nano.a(libc_a-fprintf.o)
                0x0800cedc                fiprintf
                0x0800cedc                fprintf
 .text._fwalk_sglue
                0x0800cf00       0x3c C:/ST/STM32CubeIDE_1.18.1/STM32CubeIDE/plugins/com.st.stm32cube.ide.mcu.externaltools.gnu-tools-for-stm32.13.3.rel1.win32_1.0.0.202411081344/tools/bin/../lib/gcc/arm-none-eabi/13.3.1/../../../../arm-none-eabi/lib/thumb/v8-m.main+fp/hard\libc_nano.a(libc_a-fwalk.o)
                0x0800cf00                _fwalk_sglue
 .text.printf   0x0800cf3c       0x24 C:/ST/STM32CubeIDE_1.18.1/STM32CubeIDE/plugins/com.st.stm32cube.ide.mcu.externaltools.gnu-tools-for-stm32.13.3.rel1.win32_1.0.0.202411081344/tools/bin/../lib/gcc/arm-none-eabi/13.3.1/../../../../arm-none-eabi/lib/thumb/v8-m.main+fp/hard\libc_nano.a(libc_a-printf.o)
                0x0800cf3c                iprintf
                0x0800cf3c                printf
 .text.__sread  0x0800cf60       0x22 C:/ST/STM32CubeIDE_1.18.1/STM32CubeIDE/plugins/com.st.stm32cube.ide.mcu.externaltools.gnu-tools-for-stm32.13.3.rel1.win32_1.0.0.202411081344/tools/bin/../lib/gcc/arm-none-eabi/13.3.1/../../../../arm-none-eabi/lib/thumb/v8-m.main+fp/hard\libc_nano.a(libc_a-stdio.o)
                0x0800cf60                __sread
 .text.__swrite
                0x0800cf82       0x38 C:/ST/STM32CubeIDE_1.18.1/STM32CubeIDE/plugins/com.st.stm32cube.ide.mcu.externaltools.gnu-tools-for-stm32.13.3.rel1.win32_1.0.0.202411081344/tools/bin/../lib/gcc/arm-none-eabi/13.3.1/../../../../arm-none-eabi/lib/thumb/v8-m.main+fp/hard\libc_nano.a(libc_a-stdio.o)
                0x0800cf82                __swrite
 .text.__sseek  0x0800cfba       0x24 C:/ST/STM32CubeIDE_1.18.1/STM32CubeIDE/plugins/com.st.stm32cube.ide.mcu.externaltools.gnu-tools-for-stm32.13.3.rel1.win32_1.0.0.202411081344/tools/bin/../lib/gcc/arm-none-eabi/13.3.1/../../../../arm-none-eabi/lib/thumb/v8-m.main+fp/hard\libc_nano.a(libc_a-stdio.o)
                0x0800cfba                __sseek
 .text.__sclose
                0x0800cfde        0x8 C:/ST/STM32CubeIDE_1.18.1/STM32CubeIDE/plugins/com.st.stm32cube.ide.mcu.externaltools.gnu-tools-for-stm32.13.3.rel1.win32_1.0.0.202411081344/tools/bin/../lib/gcc/arm-none-eabi/13.3.1/../../../../arm-none-eabi/lib/thumb/v8-m.main+fp/hard\libc_nano.a(libc_a-stdio.o)
                0x0800cfde                __sclose
 .text.memcmp   0x0800cfe6       0x20 C:/ST/STM32CubeIDE_1.18.1/STM32CubeIDE/plugins/com.st.stm32cube.ide.mcu.externaltools.gnu-tools-for-stm32.13.3.rel1.win32_1.0.0.202411081344/tools/bin/../lib/gcc/arm-none-eabi/13.3.1/../../../../arm-none-eabi/lib/thumb/v8-m.main+fp/hard\libc_nano.a(libc_a-memcmp.o)
                0x0800cfe6                memcmp
 .text.memset   0x0800d006       0x10 C:/ST/STM32CubeIDE_1.18.1/STM32CubeIDE/plugins/com.st.stm32cube.ide.mcu.externaltools.gnu-tools-for-stm32.13.3.rel1.win32_1.0.0.202411081344/tools/bin/../lib/gcc/arm-none-eabi/13.3.1/../../../../arm-none-eabi/lib/thumb/v8-m.main+fp/hard\libc_nano.a(libc_a-memset.o)
                0x0800d006                memset
 .text.strcspn  0x0800d016       0x22 C:/ST/STM32CubeIDE_1.18.1/STM32CubeIDE/plugins/com.st.stm32cube.ide.mcu.externaltools.gnu-tools-for-stm32.13.3.rel1.win32_1.0.0.202411081344/tools/bin/../lib/gcc/arm-none-eabi/13.3.1/../../../../arm-none-eabi/lib/thumb/v8-m.main+fp/hard\libc_nano.a(libc_a-strcspn.o)
                0x0800d016                strcspn
 .text.strspn   0x0800d038       0x20 C:/ST/STM32CubeIDE_1.18.1/STM32CubeIDE/plugins/com.st.stm32cube.ide.mcu.externaltools.gnu-tools-for-stm32.13.3.rel1.win32_1.0.0.202411081344/tools/bin/../lib/gcc/arm-none-eabi/13.3.1/../../../../arm-none-eabi/lib/thumb/v8-m.main+fp/hard\libc_nano.a(libc_a-strspn.o)
                0x0800d038                strspn
 .text._close_r
                0x0800d058       0x20 C:/ST/STM32CubeIDE_1.18.1/STM32CubeIDE/plugins/com.st.stm32cube.ide.mcu.externaltools.gnu-tools-for-stm32.13.3.rel1.win32_1.0.0.202411081344/tools/bin/../lib/gcc/arm-none-eabi/13.3.1/../../../../arm-none-eabi/lib/thumb/v8-m.main+fp/hard\libc_nano.a(libc_a-closer.o)
                0x0800d058                _close_r
 .text._lseek_r
                0x0800d078       0x24 C:/ST/STM32CubeIDE_1.18.1/STM32CubeIDE/plugins/com.st.stm32cube.ide.mcu.externaltools.gnu-tools-for-stm32.13.3.rel1.win32_1.0.0.202411081344/tools/bin/../lib/gcc/arm-none-eabi/13.3.1/../../../../arm-none-eabi/lib/thumb/v8-m.main+fp/hard\libc_nano.a(libc_a-lseekr.o)
                0x0800d078                _lseek_r
 .text._read_r  0x0800d09c       0x24 C:/ST/STM32CubeIDE_1.18.1/STM32CubeIDE/plugins/com.st.stm32cube.ide.mcu.externaltools.gnu-tools-for-stm32.13.3.rel1.win32_1.0.0.202411081344/tools/bin/../lib/gcc/arm-none-eabi/13.3.1/../../../../arm-none-eabi/lib/thumb/v8-m.main+fp/hard\libc_nano.a(libc_a-readr.o)
                0x0800d09c                _read_r
 .text._sbrk_r  0x0800d0c0       0x20 C:/ST/STM32CubeIDE_1.18.1/STM32CubeIDE/plugins/com.st.stm32cube.ide.mcu.externaltools.gnu-tools-for-stm32.13.3.rel1.win32_1.0.0.202411081344/tools/bin/../lib/gcc/arm-none-eabi/13.3.1/../../../../arm-none-eabi/lib/thumb/v8-m.main+fp/hard\libc_nano.a(libc_a-sbrkr.o)
                0x0800d0c0                _sbrk_r
 .text._write_r
                0x0800d0e0       0x24 C:/ST/STM32CubeIDE_1.18.1/STM32CubeIDE/plugins/com.st.stm32cube.ide.mcu.externaltools.gnu-tools-for-stm32.13.3.rel1.win32_1.0.0.202411081344/tools/bin/../lib/gcc/arm-none-eabi/13.3.1/../../../../arm-none-eabi/lib/thumb/v8-m.main+fp/hard\libc_nano.a(libc_a-writer.o)
                0x0800d0e0                _write_r
 .text.__errno  0x0800d104        0xc C:/ST/STM32CubeIDE_1.18.1/STM32CubeIDE/plugins/com.st.stm32cube.ide.mcu.externaltools.gnu-tools-for-stm32.13.3.rel1.win32_1.0.0.202411081344/tools/bin/../lib/gcc/arm-none-eabi/13.3.1/../../../../arm-none-eabi/lib/thumb/v8-m.main+fp/hard\libc_nano.a(libc_a-errno.o)
                0x0800d104                __errno
 .text.__libc_init_array
                0x0800d110       0x48 C:/ST/STM32CubeIDE_1.18.1/STM32CubeIDE/plugins/com.st.stm32cube.ide.mcu.externaltools.gnu-tools-for-stm32.13.3.rel1.win32_1.0.0.202411081344/tools/bin/../lib/gcc/arm-none-eabi/13.3.1/../../../../arm-none-eabi/lib/thumb/v8-m.main+fp/hard\libc_nano.a(libc_a-init.o)
                0x0800d110                __libc_init_array
 .text.__retarget_lock_init_recursive
                0x0800d158        0x2 C:/ST/STM32CubeIDE_1.18.1/STM32CubeIDE/plugins/com.st.stm32cube.ide.mcu.externaltools.gnu-tools-for-stm32.13.3.rel1.win32_1.0.0.202411081344/tools/bin/../lib/gcc/arm-none-eabi/13.3.1/../../../../arm-none-eabi/lib/thumb/v8-m.main+fp/hard\libc_nano.a(libc_a-lock.o)
                0x0800d158                __retarget_lock_init_recursive
 .text.__retarget_lock_acquire_recursive
                0x0800d15a        0x2 C:/ST/STM32CubeIDE_1.18.1/STM32CubeIDE/plugins/com.st.stm32cube.ide.mcu.externaltools.gnu-tools-for-stm32.13.3.rel1.win32_1.0.0.202411081344/tools/bin/../lib/gcc/arm-none-eabi/13.3.1/../../../../arm-none-eabi/lib/thumb/v8-m.main+fp/hard\libc_nano.a(libc_a-lock.o)
                0x0800d15a                __retarget_lock_acquire_recursive
 .text.__retarget_lock_release_recursive
                0x0800d15c        0x2 C:/ST/STM32CubeIDE_1.18.1/STM32CubeIDE/plugins/com.st.stm32cube.ide.mcu.externaltools.gnu-tools-for-stm32.13.3.rel1.win32_1.0.0.202411081344/tools/bin/../lib/gcc/arm-none-eabi/13.3.1/../../../../arm-none-eabi/lib/thumb/v8-m.main+fp/hard\libc_nano.a(libc_a-lock.o)
                0x0800d15c                __retarget_lock_release_recursive
 .text.memcpy   0x0800d15e       0x1a C:/ST/STM32CubeIDE_1.18.1/STM32CubeIDE/plugins/com.st.stm32cube.ide.mcu.externaltools.gnu-tools-for-stm32.13.3.rel1.win32_1.0.0.202411081344/tools/bin/../lib/gcc/arm-none-eabi/13.3.1/../../../../arm-none-eabi/lib/thumb/v8-m.main+fp/hard\libc_nano.a(libc_a-memcpy-stub.o)
                0x0800d15e                memcpy
 .text.abort    0x0800d178        0xe C:/ST/STM32CubeIDE_1.18.1/STM32CubeIDE/plugins/com.st.stm32cube.ide.mcu.externaltools.gnu-tools-for-stm32.13.3.rel1.win32_1.0.0.202411081344/tools/bin/../lib/gcc/arm-none-eabi/13.3.1/../../../../arm-none-eabi/lib/thumb/v8-m.main+fp/hard\libc_nano.a(libc_a-abort.o)
                0x0800d178                abort
 *fill*         0x0800d186        0x2 
 .text._free_r  0x0800d188       0x94 C:/ST/STM32CubeIDE_1.18.1/STM32CubeIDE/plugins/com.st.stm32cube.ide.mcu.externaltools.gnu-tools-for-stm32.13.3.rel1.win32_1.0.0.202411081344/tools/bin/../lib/gcc/arm-none-eabi/13.3.1/../../../../arm-none-eabi/lib/thumb/v8-m.main+fp/hard\libc_nano.a(libc_a-freer.o)
                0x0800d188                _free_r
 .text.__sfputc_r
                0x0800d21c       0x2e C:/ST/STM32CubeIDE_1.18.1/STM32CubeIDE/plugins/com.st.stm32cube.ide.mcu.externaltools.gnu-tools-for-stm32.13.3.rel1.win32_1.0.0.202411081344/tools/bin/../lib/gcc/arm-none-eabi/13.3.1/../../../../arm-none-eabi/lib/thumb/v8-m.main+fp/hard\libc_nano.a(libc_a-nano-vfprintf.o)
 .text.__sfputs_r
                0x0800d24a       0x24 C:/ST/STM32CubeIDE_1.18.1/STM32CubeIDE/plugins/com.st.stm32cube.ide.mcu.externaltools.gnu-tools-for-stm32.13.3.rel1.win32_1.0.0.202411081344/tools/bin/../lib/gcc/arm-none-eabi/13.3.1/../../../../arm-none-eabi/lib/thumb/v8-m.main+fp/hard\libc_nano.a(libc_a-nano-vfprintf.o)
                0x0800d24a                __sfputs_r
 *fill*         0x0800d26e        0x2 
 .text._vfprintf_r
                0x0800d270      0x230 C:/ST/STM32CubeIDE_1.18.1/STM32CubeIDE/plugins/com.st.stm32cube.ide.mcu.externaltools.gnu-tools-for-stm32.13.3.rel1.win32_1.0.0.202411081344/tools/bin/../lib/gcc/arm-none-eabi/13.3.1/../../../../arm-none-eabi/lib/thumb/v8-m.main+fp/hard\libc_nano.a(libc_a-nano-vfprintf.o)
                0x0800d270                _vfprintf_r
                0x0800d270                _vfiprintf_r
 .text._printf_common
                0x0800d4a0       0xe4 C:/ST/STM32CubeIDE_1.18.1/STM32CubeIDE/plugins/com.st.stm32cube.ide.mcu.externaltools.gnu-tools-for-stm32.13.3.rel1.win32_1.0.0.202411081344/tools/bin/../lib/gcc/arm-none-eabi/13.3.1/../../../../arm-none-eabi/lib/thumb/v8-m.main+fp/hard\libc_nano.a(libc_a-nano-vfprintf_i.o)
                0x0800d4a0                _printf_common
 .text._printf_i
                0x0800d584      0x23c C:/ST/STM32CubeIDE_1.18.1/STM32CubeIDE/plugins/com.st.stm32cube.ide.mcu.externaltools.gnu-tools-for-stm32.13.3.rel1.win32_1.0.0.202411081344/tools/bin/../lib/gcc/arm-none-eabi/13.3.1/../../../../arm-none-eabi/lib/thumb/v8-m.main+fp/hard\libc_nano.a(libc_a-nano-vfprintf_i.o)
                0x0800d584                _printf_i
 .text.__sflush_r
                0x0800d7c0      0x108 C:/ST/STM32CubeIDE_1.18.1/STM32CubeIDE/plugins/com.st.stm32cube.ide.mcu.externaltools.gnu-tools-for-stm32.13.3.rel1.win32_1.0.0.202411081344/tools/bin/../lib/gcc/arm-none-eabi/13.3.1/../../../../arm-none-eabi/lib/thumb/v8-m.main+fp/hard\libc_nano.a(libc_a-fflush.o)
                0x0800d7c0                __sflush_r
 .text._fflush_r
                0x0800d8c8       0x50 C:/ST/STM32CubeIDE_1.18.1/STM32CubeIDE/plugins/com.st.stm32cube.ide.mcu.externaltools.gnu-tools-for-stm32.13.3.rel1.win32_1.0.0.202411081344/tools/bin/../lib/gcc/arm-none-eabi/13.3.1/../../../../arm-none-eabi/lib/thumb/v8-m.main+fp/hard\libc_nano.a(libc_a-fflush.o)
                0x0800d8c8                _fflush_r
 .text.__swbuf_r
                0x0800d918       0x7c C:/ST/STM32CubeIDE_1.18.1/STM32CubeIDE/plugins/com.st.stm32cube.ide.mcu.externaltools.gnu-tools-for-stm32.13.3.rel1.win32_1.0.0.202411081344/tools/bin/../lib/gcc/arm-none-eabi/13.3.1/../../../../arm-none-eabi/lib/thumb/v8-m.main+fp/hard\libc_nano.a(libc_a-wbuf.o)
                0x0800d918                __swbuf_r
 .text.__swsetup_r
                0x0800d994       0xac C:/ST/STM32CubeIDE_1.18.1/STM32CubeIDE/plugins/com.st.stm32cube.ide.mcu.externaltools.gnu-tools-for-stm32.13.3.rel1.win32_1.0.0.202411081344/tools/bin/../lib/gcc/arm-none-eabi/13.3.1/../../../../arm-none-eabi/lib/thumb/v8-m.main+fp/hard\libc_nano.a(libc_a-wsetup.o)
                0x0800d994                __swsetup_r
 .text._raise_r
                0x0800da40       0x50 C:/ST/STM32CubeIDE_1.18.1/STM32CubeIDE/plugins/com.st.stm32cube.ide.mcu.externaltools.gnu-tools-for-stm32.13.3.rel1.win32_1.0.0.202411081344/tools/bin/../lib/gcc/arm-none-eabi/13.3.1/../../../../arm-none-eabi/lib/thumb/v8-m.main+fp/hard\libc_nano.a(libc_a-signal.o)
                0x0800da40                _raise_r
 .text.raise    0x0800da90       0x10 C:/ST/STM32CubeIDE_1.18.1/STM32CubeIDE/plugins/com.st.stm32cube.ide.mcu.externaltools.gnu-tools-for-stm32.13.3.rel1.win32_1.0.0.202411081344/tools/bin/../lib/gcc/arm-none-eabi/13.3.1/../../../../arm-none-eabi/lib/thumb/v8-m.main+fp/hard\libc_nano.a(libc_a-signal.o)
                0x0800da90                raise
 .text._kill_r  0x0800daa0       0x24 C:/ST/STM32CubeIDE_1.18.1/STM32CubeIDE/plugins/com.st.stm32cube.ide.mcu.externaltools.gnu-tools-for-stm32.13.3.rel1.win32_1.0.0.202411081344/tools/bin/../lib/gcc/arm-none-eabi/13.3.1/../../../../arm-none-eabi/lib/thumb/v8-m.main+fp/hard\libc_nano.a(libc_a-signalr.o)
                0x0800daa0                _kill_r
 .text._getpid_r
                0x0800dac4        0x4 C:/ST/STM32CubeIDE_1.18.1/STM32CubeIDE/plugins/com.st.stm32cube.ide.mcu.externaltools.gnu-tools-for-stm32.13.3.rel1.win32_1.0.0.202411081344/tools/bin/../lib/gcc/arm-none-eabi/13.3.1/../../../../arm-none-eabi/lib/thumb/v8-m.main+fp/hard\libc_nano.a(libc_a-signalr.o)
                0x0800dac4                _getpid_r
 .text.memchr   0x0800dac8       0x1c C:/ST/STM32CubeIDE_1.18.1/STM32CubeIDE/plugins/com.st.stm32cube.ide.mcu.externaltools.gnu-tools-for-stm32.13.3.rel1.win32_1.0.0.202411081344/tools/bin/../lib/gcc/arm-none-eabi/13.3.1/../../../../arm-none-eabi/lib/thumb/v8-m.main+fp/hard\libc_nano.a(libc_a-memchr-stub.o)
                0x0800dac8                memchr
 .text.__swhatbuf_r
                0x0800dae4       0x4a C:/ST/STM32CubeIDE_1.18.1/STM32CubeIDE/plugins/com.st.stm32cube.ide.mcu.externaltools.gnu-tools-for-stm32.13.3.rel1.win32_1.0.0.202411081344/tools/bin/../lib/gcc/arm-none-eabi/13.3.1/../../../../arm-none-eabi/lib/thumb/v8-m.main+fp/hard\libc_nano.a(libc_a-makebuf.o)
                0x0800dae4                __swhatbuf_r
 .text.__smakebuf_r
                0x0800db2e       0x78 C:/ST/STM32CubeIDE_1.18.1/STM32CubeIDE/plugins/com.st.stm32cube.ide.mcu.externaltools.gnu-tools-for-stm32.13.3.rel1.win32_1.0.0.202411081344/tools/bin/../lib/gcc/arm-none-eabi/13.3.1/../../../../arm-none-eabi/lib/thumb/v8-m.main+fp/hard\libc_nano.a(libc_a-makebuf.o)
                0x0800db2e                __smakebuf_r
 *fill*         0x0800dba6        0x2 
 .text._fstat_r
                0x0800dba8       0x24 C:/ST/STM32CubeIDE_1.18.1/STM32CubeIDE/plugins/com.st.stm32cube.ide.mcu.externaltools.gnu-tools-for-stm32.13.3.rel1.win32_1.0.0.202411081344/tools/bin/../lib/gcc/arm-none-eabi/13.3.1/../../../../arm-none-eabi/lib/thumb/v8-m.main+fp/hard\libc_nano.a(libc_a-fstatr.o)
                0x0800dba8                _fstat_r
 .text._isatty_r
                0x0800dbcc       0x20 C:/ST/STM32CubeIDE_1.18.1/STM32CubeIDE/plugins/com.st.stm32cube.ide.mcu.externaltools.gnu-tools-for-stm32.13.3.rel1.win32_1.0.0.202411081344/tools/bin/../lib/gcc/arm-none-eabi/13.3.1/../../../../arm-none-eabi/lib/thumb/v8-m.main+fp/hard\libc_nano.a(libc_a-isattyr.o)
                0x0800dbcc                _isatty_r
 *(.glue_7)
 .glue_7        0x0800dbec        0x0 linker stubs
 *(.glue_7t)
 .glue_7t       0x0800dbec        0x0 linker stubs
 *(.eh_frame)
 .eh_frame      0x0800dbec        0x0 C:/ST/STM32CubeIDE_1.18.1/STM32CubeIDE/plugins/com.st.stm32cube.ide.mcu.externaltools.gnu-tools-for-stm32.13.3.rel1.win32_1.0.0.202411081344/tools/bin/../lib/gcc/arm-none-eabi/13.3.1/thumb/v8-m.main+fp/hard/crtbegin.o
 *(.init)
 .init          0x0800dbec        0x4 C:/ST/STM32CubeIDE_1.18.1/STM32CubeIDE/plugins/com.st.stm32cube.ide.mcu.externaltools.gnu-tools-for-stm32.13.3.rel1.win32_1.0.0.202411081344/tools/bin/../lib/gcc/arm-none-eabi/13.3.1/thumb/v8-m.main+fp/hard/crti.o
                0x0800dbec                _init
 .init          0x0800dbf0        0x8 C:/ST/STM32CubeIDE_1.18.1/STM32CubeIDE/plugins/com.st.stm32cube.ide.mcu.externaltools.gnu-tools-for-stm32.13.3.rel1.win32_1.0.0.202411081344/tools/bin/../lib/gcc/arm-none-eabi/13.3.1/thumb/v8-m.main+fp/hard/crtn.o
 *(.fini)
 .fini          0x0800dbf8        0x4 C:/ST/STM32CubeIDE_1.18.1/STM32CubeIDE/plugins/com.st.stm32cube.ide.mcu.externaltools.gnu-tools-for-stm32.13.3.rel1.win32_1.0.0.202411081344/tools/bin/../lib/gcc/arm-none-eabi/13.3.1/thumb/v8-m.main+fp/hard/crti.o
                0x0800dbf8                _fini
 .fini          0x0800dbfc        0x8 C:/ST/STM32CubeIDE_1.18.1/STM32CubeIDE/plugins/com.st.stm32cube.ide.mcu.externaltools.gnu-tools-for-stm32.13.3.rel1.win32_1.0.0.202411081344/tools/bin/../lib/gcc/arm-none-eabi/13.3.1/thumb/v8-m.main+fp/hard/crtn.o
                0x0800dc04                        . = ALIGN (0x4)
                0x0800dc04                        _etext = .

.vfp11_veneer   0x0800dc04        0x0
 .vfp11_veneer  0x0800dc04        0x0 linker stubs

.v4_bx          0x0800dc04        0x0
 .v4_bx         0x0800dc04        0x0 linker stubs

.iplt           0x0800dc04        0x0
 .iplt          0x0800dc04        0x0 C:/ST/STM32CubeIDE_1.18.1/STM32CubeIDE/plugins/com.st.stm32cube.ide.mcu.externaltools.gnu-tools-for-stm32.13.3.rel1.win32_1.0.0.202411081344/tools/bin/../lib/gcc/arm-none-eabi/13.3.1/thumb/v8-m.main+fp/hard/crtbegin.o

.rodata         0x0800dc04     0x1040
                0x0800dc04                        . = ALIGN (0x4)
 *(.rodata)
 .rodata        0x0800dc04       0x40 ./Application/User/Core/main.o
 .rodata        0x0800dc44      0xdfa ./Application/littlefs/lfs.o
 *(.rodata*)
 *fill*         0x0800ea3e        0x2 
 .rodata.__func__.28
                0x0800ea40        0xc ./Application/littlefs/lfs.o
 .rodata.__func__.27
                0x0800ea4c        0xd ./Application/littlefs/lfs.o
 *fill*         0x0800ea59        0x3 
 .rodata.__func__.26
                0x0800ea5c        0xc ./Application/littlefs/lfs.o
 .rodata.__func__.25
                0x0800ea68        0xc ./Application/littlefs/lfs.o
 .rodata.__func__.24
                0x0800ea74        0xd ./Application/littlefs/lfs.o
 *fill*         0x0800ea81        0x3 
 .rodata.__func__.23
                0x0800ea84       0x11 ./Application/littlefs/lfs.o
 *fill*         0x0800ea95        0x3 
 .rodata.__func__.22
                0x0800ea98       0x10 ./Application/littlefs/lfs.o
 .rodata.__func__.21
                0x0800eaa8       0x19 ./Application/littlefs/lfs.o
 *fill*         0x0800eac1        0x3 
 .rodata.__func__.20
                0x0800eac4       0x18 ./Application/littlefs/lfs.o
 .rodata.defaults.19
                0x0800eadc        0xc ./Application/littlefs/lfs.o
 .rodata.__func__.18
                0x0800eae8        0xf ./Application/littlefs/lfs.o
 *fill*         0x0800eaf7        0x1 
 .rodata.__func__.17
                0x0800eaf8       0x10 ./Application/littlefs/lfs.o
 .rodata.__func__.15
                0x0800eb08        0x9 ./Application/littlefs/lfs.o
 *fill*         0x0800eb11        0x3 
 .rodata.__func__.14
                0x0800eb14        0xc ./Application/littlefs/lfs.o
 .rodata.__func__.13
                0x0800eb20       0x13 ./Application/littlefs/lfs.o
 *fill*         0x0800eb33        0x1 
 .rodata.__func__.12
                0x0800eb34        0xe ./Application/littlefs/lfs.o
 *fill*         0x0800eb42        0x2 
 .rodata.__func__.10
                0x0800eb44        0xe ./Application/littlefs/lfs.o
 *fill*         0x0800eb52        0x2 
 .rodata.__func__.8
                0x0800eb54        0xf ./Application/littlefs/lfs.o
 *fill*         0x0800eb63        0x1 
 .rodata.__func__.6
                0x0800eb64        0xe ./Application/littlefs/lfs.o
 *fill*         0x0800eb72        0x2 
 .rodata.__func__.5
                0x0800eb74        0xf ./Application/littlefs/lfs.o
 *fill*         0x0800eb83        0x1 
 .rodata.rtable.0
                0x0800eb84       0x40 ./Application/littlefs/lfs_util.o
 .rodata.AHBPrescTable
                0x0800ebc4       0x10 ./Drivers/CMSIS/system_stm32h5xx.o
                0x0800ebc4                AHBPrescTable
 .rodata.__assert_func.str1.1
                0x0800ebd4       0x6f C:/ST/STM32CubeIDE_1.18.1/STM32CubeIDE/plugins/com.st.stm32cube.ide.mcu.externaltools.gnu-tools-for-stm32.13.3.rel1.win32_1.0.0.202411081344/tools/bin/../lib/gcc/arm-none-eabi/13.3.1/../../../../arm-none-eabi/lib/thumb/v8-m.main+fp/hard\libc_nano.a(libc_a-assert.o)
                                 0x3d (size before relaxing)
 .rodata._vfprintf_r.str1.1
                0x0800ec43       0x11 C:/ST/STM32CubeIDE_1.18.1/STM32CubeIDE/plugins/com.st.stm32cube.ide.mcu.externaltools.gnu-tools-for-stm32.13.3.rel1.win32_1.0.0.202411081344/tools/bin/../lib/gcc/arm-none-eabi/13.3.1/../../../../arm-none-eabi/lib/thumb/v8-m.main+fp/hard\libc_nano.a(libc_a-nano-vfprintf.o)
 .rodata._printf_i.str1.1
                0x0800ec43       0x22 C:/ST/STM32CubeIDE_1.18.1/STM32CubeIDE/plugins/com.st.stm32cube.ide.mcu.externaltools.gnu-tools-for-stm32.13.3.rel1.win32_1.0.0.202411081344/tools/bin/../lib/gcc/arm-none-eabi/13.3.1/../../../../arm-none-eabi/lib/thumb/v8-m.main+fp/hard\libc_nano.a(libc_a-nano-vfprintf_i.o)
                0x0800ec68                        . = ALIGN (0x4)
 *fill*         0x0800ec43        0x1 

.ARM.extab      0x0800ec44        0x0
                0x0800ec44                        . = ALIGN (0x4)
 *(.ARM.extab* .gnu.linkonce.armextab.*)
                0x0800ec44                        . = ALIGN (0x4)

.ARM            0x0800ec44        0x8
                0x0800ec44                        . = ALIGN (0x4)
                0x0800ec44                        __exidx_start = .
 *(.ARM.exidx*)
 .ARM.exidx     0x0800ec44        0x8 C:/ST/STM32CubeIDE_1.18.1/STM32CubeIDE/plugins/com.st.stm32cube.ide.mcu.externaltools.gnu-tools-for-stm32.13.3.rel1.win32_1.0.0.202411081344/tools/bin/../lib/gcc/arm-none-eabi/13.3.1/../../../../arm-none-eabi/lib/thumb/v8-m.main+fp/hard\libc_nano.a(libc_a-strlen.o)
                0x0800ec4c                        __exidx_end = .
                0x0800ec4c                        . = ALIGN (0x4)

.preinit_array  0x0800ec4c        0x0
                0x0800ec4c                        . = ALIGN (0x4)
                0x0800ec4c                        PROVIDE (__preinit_array_start = .)
 *(.preinit_array*)
                0x0800ec4c                        PROVIDE (__preinit_array_end = .)
                0x0800ec4c                        . = ALIGN (0x4)

.init_array     0x0800ec4c        0x4
                0x0800ec4c                        . = ALIGN (0x4)
                0x0800ec4c                        PROVIDE (__init_array_start = .)
 *(SORT_BY_NAME(.init_array.*))
 *(.init_array*)
 .init_array    0x0800ec4c        0x4 C:/ST/STM32CubeIDE_1.18.1/STM32CubeIDE/plugins/com.st.stm32cube.ide.mcu.externaltools.gnu-tools-for-stm32.13.3.rel1.win32_1.0.0.202411081344/tools/bin/../lib/gcc/arm-none-eabi/13.3.1/thumb/v8-m.main+fp/hard/crtbegin.o
                0x0800ec50                        PROVIDE (__init_array_end = .)
                0x0800ec50                        . = ALIGN (0x4)

.fini_array     0x0800ec50        0x4
                0x0800ec50                        . = ALIGN (0x4)
                [!provide]                        PROVIDE (__fini_array_start = .)
 *(SORT_BY_NAME(.fini_array.*))
 *(.fini_array*)
 .fini_array    0x0800ec50        0x4 C:/ST/STM32CubeIDE_1.18.1/STM32CubeIDE/plugins/com.st.stm32cube.ide.mcu.externaltools.gnu-tools-for-stm32.13.3.rel1.win32_1.0.0.202411081344/tools/bin/../lib/gcc/arm-none-eabi/13.3.1/thumb/v8-m.main+fp/hard/crtbegin.o
                [!provide]                        PROVIDE (__fini_array_end = .)
                0x0800ec54                        . = ALIGN (0x4)
                0x0800ec54                        _sidata = LOADADDR (.data)

.rel.dyn        0x0800ec54        0x0
 .rel.iplt      0x0800ec54        0x0 C:/ST/STM32CubeIDE_1.18.1/STM32CubeIDE/plugins/com.st.stm32cube.ide.mcu.externaltools.gnu-tools-for-stm32.13.3.rel1.win32_1.0.0.202411081344/tools/bin/../lib/gcc/arm-none-eabi/13.3.1/thumb/v8-m.main+fp/hard/crtbegin.o

.data           0x20000000       0xbc load address 0x0800ec54
                0x20000000                        . = ALIGN (0x4)
                0x20000000                        _sdata = .
 *(.data)
 *(.data*)
 .data.cfg      0x20000000       0x54 ./Application/User/Core/lfs_config.o
                0x20000000                cfg
 .data.SystemCoreClock
                0x20000054        0x4 ./Drivers/CMSIS/system_stm32h5xx.o
                0x20000054                SystemCoreClock
 .data.uwTickPrio
                0x20000058        0x4 ./Drivers/STM32H5xx_HAL_Driver/stm32h5xx_hal.o
                0x20000058                uwTickPrio
 .data.uwTickFreq
                0x2000005c        0x1 ./Drivers/STM32H5xx_HAL_Driver/stm32h5xx_hal.o
                0x2000005c                uwTickFreq
 *fill*         0x2000005d        0x3 
 .data.__sglue  0x20000060        0xc C:/ST/STM32CubeIDE_1.18.1/STM32CubeIDE/plugins/com.st.stm32cube.ide.mcu.externaltools.gnu-tools-for-stm32.13.3.rel1.win32_1.0.0.202411081344/tools/bin/../lib/gcc/arm-none-eabi/13.3.1/../../../../arm-none-eabi/lib/thumb/v8-m.main+fp/hard\libc_nano.a(libc_a-findfp.o)
                0x20000060                __sglue
 .data._impure_ptr
                0x2000006c        0x4 C:/ST/STM32CubeIDE_1.18.1/STM32CubeIDE/plugins/com.st.stm32cube.ide.mcu.externaltools.gnu-tools-for-stm32.13.3.rel1.win32_1.0.0.202411081344/tools/bin/../lib/gcc/arm-none-eabi/13.3.1/../../../../arm-none-eabi/lib/thumb/v8-m.main+fp/hard\libc_nano.a(libc_a-impure.o)
                0x2000006c                _impure_ptr
 .data._impure_data
                0x20000070       0x4c C:/ST/STM32CubeIDE_1.18.1/STM32CubeIDE/plugins/com.st.stm32cube.ide.mcu.externaltools.gnu-tools-for-stm32.13.3.rel1.win32_1.0.0.202411081344/tools/bin/../lib/gcc/arm-none-eabi/13.3.1/../../../../arm-none-eabi/lib/thumb/v8-m.main+fp/hard\libc_nano.a(libc_a-impure.o)
                0x20000070                _impure_data
 *(.RamFunc)
 *(.RamFunc*)
                0x200000bc                        . = ALIGN (0x4)
                0x200000bc                        _edata = .

.igot.plt       0x200000bc        0x0 load address 0x0800ed10
 .igot.plt      0x200000bc        0x0 C:/ST/STM32CubeIDE_1.18.1/STM32CubeIDE/plugins/com.st.stm32cube.ide.mcu.externaltools.gnu-tools-for-stm32.13.3.rel1.win32_1.0.0.202411081344/tools/bin/../lib/gcc/arm-none-eabi/13.3.1/thumb/v8-m.main+fp/hard/crtbegin.o
                0x200000bc                        . = ALIGN (0x4)

.bss            0x200000bc      0x33c load address 0x0800ed10
                0x200000bc                        _sbss = .
                0x200000bc                        __bss_start__ = _sbss
 *(.bss)
 .bss           0x200000bc       0x1c C:/ST/STM32CubeIDE_1.18.1/STM32CubeIDE/plugins/com.st.stm32cube.ide.mcu.externaltools.gnu-tools-for-stm32.13.3.rel1.win32_1.0.0.202411081344/tools/bin/../lib/gcc/arm-none-eabi/13.3.1/thumb/v8-m.main+fp/hard/crtbegin.o
 *(.bss*)
 .bss.handle_GPDMA1_Channel1
                0x200000d8       0x78 ./Application/User/Core/main.o
                0x200000d8                handle_GPDMA1_Channel1
 .bss.handle_GPDMA1_Channel0
                0x20000150       0x78 ./Application/User/Core/main.o
                0x20000150                handle_GPDMA1_Channel0
 .bss.hospi1    0x200001c8       0x5c ./Application/User/Core/main.o
                0x200001c8                hospi1
 .bss.lfs       0x20000224       0x80 ./Application/User/Core/main.o
                0x20000224                lfs
 .bss.__sbrk_heap_end
                0x200002a4        0x4 ./Application/User/Core/sysmem.o
 .bss.uwTick    0x200002a8        0x4 ./Drivers/STM32H5xx_HAL_Driver/stm32h5xx_hal.o
                0x200002a8                uwTick
 .bss.__malloc_sbrk_start
                0x200002ac        0x4 C:/ST/STM32CubeIDE_1.18.1/STM32CubeIDE/plugins/com.st.stm32cube.ide.mcu.externaltools.gnu-tools-for-stm32.13.3.rel1.win32_1.0.0.202411081344/tools/bin/../lib/gcc/arm-none-eabi/13.3.1/../../../../arm-none-eabi/lib/thumb/v8-m.main+fp/hard\libc_nano.a(libc_a-mallocr.o)
                0x200002ac                __malloc_sbrk_start
 .bss.__malloc_free_list
                0x200002b0        0x4 C:/ST/STM32CubeIDE_1.18.1/STM32CubeIDE/plugins/com.st.stm32cube.ide.mcu.externaltools.gnu-tools-for-stm32.13.3.rel1.win32_1.0.0.202411081344/tools/bin/../lib/gcc/arm-none-eabi/13.3.1/../../../../arm-none-eabi/lib/thumb/v8-m.main+fp/hard\libc_nano.a(libc_a-mallocr.o)
                0x200002b0                __malloc_free_list
 .bss.__sf      0x200002b4      0x138 C:/ST/STM32CubeIDE_1.18.1/STM32CubeIDE/plugins/com.st.stm32cube.ide.mcu.externaltools.gnu-tools-for-stm32.13.3.rel1.win32_1.0.0.202411081344/tools/bin/../lib/gcc/arm-none-eabi/13.3.1/../../../../arm-none-eabi/lib/thumb/v8-m.main+fp/hard\libc_nano.a(libc_a-findfp.o)
                0x200002b4                __sf
 .bss.__stdio_exit_handler
                0x200003ec        0x4 C:/ST/STM32CubeIDE_1.18.1/STM32CubeIDE/plugins/com.st.stm32cube.ide.mcu.externaltools.gnu-tools-for-stm32.13.3.rel1.win32_1.0.0.202411081344/tools/bin/../lib/gcc/arm-none-eabi/13.3.1/../../../../arm-none-eabi/lib/thumb/v8-m.main+fp/hard\libc_nano.a(libc_a-findfp.o)
                0x200003ec                __stdio_exit_handler
 .bss.errno     0x200003f0        0x4 C:/ST/STM32CubeIDE_1.18.1/STM32CubeIDE/plugins/com.st.stm32cube.ide.mcu.externaltools.gnu-tools-for-stm32.13.3.rel1.win32_1.0.0.202411081344/tools/bin/../lib/gcc/arm-none-eabi/13.3.1/../../../../arm-none-eabi/lib/thumb/v8-m.main+fp/hard\libc_nano.a(libc_a-reent.o)
                0x200003f0                errno
 .bss.__lock___malloc_recursive_mutex
                0x200003f4        0x1 C:/ST/STM32CubeIDE_1.18.1/STM32CubeIDE/plugins/com.st.stm32cube.ide.mcu.externaltools.gnu-tools-for-stm32.13.3.rel1.win32_1.0.0.202411081344/tools/bin/../lib/gcc/arm-none-eabi/13.3.1/../../../../arm-none-eabi/lib/thumb/v8-m.main+fp/hard\libc_nano.a(libc_a-lock.o)
                0x200003f4                __lock___malloc_recursive_mutex
 .bss.__lock___sfp_recursive_mutex
                0x200003f5        0x1 C:/ST/STM32CubeIDE_1.18.1/STM32CubeIDE/plugins/com.st.stm32cube.ide.mcu.externaltools.gnu-tools-for-stm32.13.3.rel1.win32_1.0.0.202411081344/tools/bin/../lib/gcc/arm-none-eabi/13.3.1/../../../../arm-none-eabi/lib/thumb/v8-m.main+fp/hard\libc_nano.a(libc_a-lock.o)
                0x200003f5                __lock___sfp_recursive_mutex
 *(COMMON)
                0x200003f8                        . = ALIGN (0x4)
 *fill*         0x200003f6        0x2 
                0x200003f8                        _ebss = .
                0x200003f8                        __bss_end__ = _ebss

._user_heap_stack
                0x200003f8      0x600 load address 0x0800ed10
                0x200003f8                        . = ALIGN (0x8)
                [!provide]                        PROVIDE (end = .)
                0x200003f8                        PROVIDE (_end = .)
                0x200005f8                        . = (. + _Min_Heap_Size)
 *fill*         0x200003f8      0x200 
                0x200009f8                        . = (. + _Min_Stack_Size)
 *fill*         0x200005f8      0x400 
                0x200009f8                        . = ALIGN (0x8)

/DISCARD/
 libc.a(*)
 libm.a(*)
 libgcc.a(*)

.ARM.attributes
                0x00000000       0x36
 *(.ARM.attributes)
 .ARM.attributes
                0x00000000       0x26 C:/ST/STM32CubeIDE_1.18.1/STM32CubeIDE/plugins/com.st.stm32cube.ide.mcu.externaltools.gnu-tools-for-stm32.13.3.rel1.win32_1.0.0.202411081344/tools/bin/../lib/gcc/arm-none-eabi/13.3.1/thumb/v8-m.main+fp/hard/crti.o
 .ARM.attributes
                0x00000026       0x38 C:/ST/STM32CubeIDE_1.18.1/STM32CubeIDE/plugins/com.st.stm32cube.ide.mcu.externaltools.gnu-tools-for-stm32.13.3.rel1.win32_1.0.0.202411081344/tools/bin/../lib/gcc/arm-none-eabi/13.3.1/thumb/v8-m.main+fp/hard/crtbegin.o
 .ARM.attributes
                0x0000005e       0x3a ./Application/User/Core/lfs_config.o
 .ARM.attributes
                0x00000098       0x3a ./Application/User/Core/main.o
 .ARM.attributes
                0x000000d2       0x3a ./Application/User/Core/stm32h5xx_hal_msp.o
 .ARM.attributes
                0x0000010c       0x3a ./Application/User/Core/stm32h5xx_it.o
 .ARM.attributes
                0x00000146       0x3a ./Application/User/Core/syscalls.o
 .ARM.attributes
                0x00000180       0x3a ./Application/User/Core/sysmem.o
 .ARM.attributes
                0x000001ba       0x3a ./Application/User/Core/xspi_driver.o
 .ARM.attributes
                0x000001f4       0x24 ./Application/User/Startup/startup_stm32h573iikxq.o
 .ARM.attributes
                0x00000218       0x3a ./Application/littlefs/lfs.o
 .ARM.attributes
                0x00000252       0x3a ./Application/littlefs/lfs_util.o
 .ARM.attributes
                0x0000028c       0x3a ./Drivers/CMSIS/system_stm32h5xx.o
 .ARM.attributes
                0x000002c6       0x3a ./Drivers/STM32H5xx_HAL_Driver/stm32h5xx_hal.o
 .ARM.attributes
                0x00000300       0x3a ./Drivers/STM32H5xx_HAL_Driver/stm32h5xx_hal_cortex.o
 .ARM.attributes
                0x0000033a       0x3a ./Drivers/STM32H5xx_HAL_Driver/stm32h5xx_hal_dma.o
 .ARM.attributes
                0x00000374       0x3a ./Drivers/STM32H5xx_HAL_Driver/stm32h5xx_hal_gpio.o
 .ARM.attributes
                0x000003ae       0x3a ./Drivers/STM32H5xx_HAL_Driver/stm32h5xx_hal_icache.o
 .ARM.attributes
                0x000003e8       0x3a ./Drivers/STM32H5xx_HAL_Driver/stm32h5xx_hal_rcc.o
 .ARM.attributes
                0x00000422       0x3a ./Drivers/STM32H5xx_HAL_Driver/stm32h5xx_hal_rcc_ex.o
 .ARM.attributes
                0x0000045c       0x3a ./Drivers/STM32H5xx_HAL_Driver/stm32h5xx_hal_xspi.o
 .ARM.attributes
                0x00000496       0x38 C:/ST/STM32CubeIDE_1.18.1/STM32CubeIDE/plugins/com.st.stm32cube.ide.mcu.externaltools.gnu-tools-for-stm32.13.3.rel1.win32_1.0.0.202411081344/tools/bin/../lib/gcc/arm-none-eabi/13.3.1/../../../../arm-none-eabi/lib/thumb/v8-m.main+fp/hard\libc_nano.a(libc_a-assert.o)
 .ARM.attributes
                0x000004ce       0x38 C:/ST/STM32CubeIDE_1.18.1/STM32CubeIDE/plugins/com.st.stm32cube.ide.mcu.externaltools.gnu-tools-for-stm32.13.3.rel1.win32_1.0.0.202411081344/tools/bin/../lib/gcc/arm-none-eabi/13.3.1/../../../../arm-none-eabi/lib/thumb/v8-m.main+fp/hard\libc_nano.a(libc_a-malloc.o)
 .ARM.attributes
                0x00000506       0x38 C:/ST/STM32CubeIDE_1.18.1/STM32CubeIDE/plugins/com.st.stm32cube.ide.mcu.externaltools.gnu-tools-for-stm32.13.3.rel1.win32_1.0.0.202411081344/tools/bin/../lib/gcc/arm-none-eabi/13.3.1/../../../../arm-none-eabi/lib/thumb/v8-m.main+fp/hard\libc_nano.a(libc_a-mallocr.o)
 .ARM.attributes
                0x0000053e       0x38 C:/ST/STM32CubeIDE_1.18.1/STM32CubeIDE/plugins/com.st.stm32cube.ide.mcu.externaltools.gnu-tools-for-stm32.13.3.rel1.win32_1.0.0.202411081344/tools/bin/../lib/gcc/arm-none-eabi/13.3.1/../../../../arm-none-eabi/lib/thumb/v8-m.main+fp/hard\libc_nano.a(libc_a-mlock.o)
 .ARM.attributes
                0x00000576       0x38 C:/ST/STM32CubeIDE_1.18.1/STM32CubeIDE/plugins/com.st.stm32cube.ide.mcu.externaltools.gnu-tools-for-stm32.13.3.rel1.win32_1.0.0.202411081344/tools/bin/../lib/gcc/arm-none-eabi/13.3.1/../../../../arm-none-eabi/lib/thumb/v8-m.main+fp/hard\libc_nano.a(libc_a-findfp.o)
 .ARM.attributes
                0x000005ae       0x38 C:/ST/STM32CubeIDE_1.18.1/STM32CubeIDE/plugins/com.st.stm32cube.ide.mcu.externaltools.gnu-tools-for-stm32.13.3.rel1.win32_1.0.0.202411081344/tools/bin/../lib/gcc/arm-none-eabi/13.3.1/../../../../arm-none-eabi/lib/thumb/v8-m.main+fp/hard\libc_nano.a(libc_a-fprintf.o)
 .ARM.attributes
                0x000005e6       0x38 C:/ST/STM32CubeIDE_1.18.1/STM32CubeIDE/plugins/com.st.stm32cube.ide.mcu.externaltools.gnu-tools-for-stm32.13.3.rel1.win32_1.0.0.202411081344/tools/bin/../lib/gcc/arm-none-eabi/13.3.1/../../../../arm-none-eabi/lib/thumb/v8-m.main+fp/hard\libc_nano.a(libc_a-fwalk.o)
 .ARM.attributes
                0x0000061e       0x38 C:/ST/STM32CubeIDE_1.18.1/STM32CubeIDE/plugins/com.st.stm32cube.ide.mcu.externaltools.gnu-tools-for-stm32.13.3.rel1.win32_1.0.0.202411081344/tools/bin/../lib/gcc/arm-none-eabi/13.3.1/../../../../arm-none-eabi/lib/thumb/v8-m.main+fp/hard\libc_nano.a(libc_a-printf.o)
 .ARM.attributes
                0x00000656       0x38 C:/ST/STM32CubeIDE_1.18.1/STM32CubeIDE/plugins/com.st.stm32cube.ide.mcu.externaltools.gnu-tools-for-stm32.13.3.rel1.win32_1.0.0.202411081344/tools/bin/../lib/gcc/arm-none-eabi/13.3.1/../../../../arm-none-eabi/lib/thumb/v8-m.main+fp/hard\libc_nano.a(libc_a-stdio.o)
 .ARM.attributes
                0x0000068e       0x38 C:/ST/STM32CubeIDE_1.18.1/STM32CubeIDE/plugins/com.st.stm32cube.ide.mcu.externaltools.gnu-tools-for-stm32.13.3.rel1.win32_1.0.0.202411081344/tools/bin/../lib/gcc/arm-none-eabi/13.3.1/../../../../arm-none-eabi/lib/thumb/v8-m.main+fp/hard\libc_nano.a(libc_a-memcmp.o)
 .ARM.attributes
                0x000006c6       0x38 C:/ST/STM32CubeIDE_1.18.1/STM32CubeIDE/plugins/com.st.stm32cube.ide.mcu.externaltools.gnu-tools-for-stm32.13.3.rel1.win32_1.0.0.202411081344/tools/bin/../lib/gcc/arm-none-eabi/13.3.1/../../../../arm-none-eabi/lib/thumb/v8-m.main+fp/hard\libc_nano.a(libc_a-memset.o)
 .ARM.attributes
                0x000006fe       0x38 C:/ST/STM32CubeIDE_1.18.1/STM32CubeIDE/plugins/com.st.stm32cube.ide.mcu.externaltools.gnu-tools-for-stm32.13.3.rel1.win32_1.0.0.202411081344/tools/bin/../lib/gcc/arm-none-eabi/13.3.1/../../../../arm-none-eabi/lib/thumb/v8-m.main+fp/hard\libc_nano.a(libc_a-strcspn.o)
 .ARM.attributes
                0x00000736       0x38 C:/ST/STM32CubeIDE_1.18.1/STM32CubeIDE/plugins/com.st.stm32cube.ide.mcu.externaltools.gnu-tools-for-stm32.13.3.rel1.win32_1.0.0.202411081344/tools/bin/../lib/gcc/arm-none-eabi/13.3.1/../../../../arm-none-eabi/lib/thumb/v8-m.main+fp/hard\libc_nano.a(libc_a-strspn.o)
 .ARM.attributes
                0x0000076e       0x38 C:/ST/STM32CubeIDE_1.18.1/STM32CubeIDE/plugins/com.st.stm32cube.ide.mcu.externaltools.gnu-tools-for-stm32.13.3.rel1.win32_1.0.0.202411081344/tools/bin/../lib/gcc/arm-none-eabi/13.3.1/../../../../arm-none-eabi/lib/thumb/v8-m.main+fp/hard\libc_nano.a(libc_a-closer.o)
 .ARM.attributes
                0x000007a6       0x38 C:/ST/STM32CubeIDE_1.18.1/STM32CubeIDE/plugins/com.st.stm32cube.ide.mcu.externaltools.gnu-tools-for-stm32.13.3.rel1.win32_1.0.0.202411081344/tools/bin/../lib/gcc/arm-none-eabi/13.3.1/../../../../arm-none-eabi/lib/thumb/v8-m.main+fp/hard\libc_nano.a(libc_a-reent.o)
 .ARM.attributes
                0x000007de       0x38 C:/ST/STM32CubeIDE_1.18.1/STM32CubeIDE/plugins/com.st.stm32cube.ide.mcu.externaltools.gnu-tools-for-stm32.13.3.rel1.win32_1.0.0.202411081344/tools/bin/../lib/gcc/arm-none-eabi/13.3.1/../../../../arm-none-eabi/lib/thumb/v8-m.main+fp/hard\libc_nano.a(libc_a-impure.o)
 .ARM.attributes
                0x00000816       0x38 C:/ST/STM32CubeIDE_1.18.1/STM32CubeIDE/plugins/com.st.stm32cube.ide.mcu.externaltools.gnu-tools-for-stm32.13.3.rel1.win32_1.0.0.202411081344/tools/bin/../lib/gcc/arm-none-eabi/13.3.1/../../../../arm-none-eabi/lib/thumb/v8-m.main+fp/hard\libc_nano.a(libc_a-lseekr.o)
 .ARM.attributes
                0x0000084e       0x38 C:/ST/STM32CubeIDE_1.18.1/STM32CubeIDE/plugins/com.st.stm32cube.ide.mcu.externaltools.gnu-tools-for-stm32.13.3.rel1.win32_1.0.0.202411081344/tools/bin/../lib/gcc/arm-none-eabi/13.3.1/../../../../arm-none-eabi/lib/thumb/v8-m.main+fp/hard\libc_nano.a(libc_a-readr.o)
 .ARM.attributes
                0x00000886       0x38 C:/ST/STM32CubeIDE_1.18.1/STM32CubeIDE/plugins/com.st.stm32cube.ide.mcu.externaltools.gnu-tools-for-stm32.13.3.rel1.win32_1.0.0.202411081344/tools/bin/../lib/gcc/arm-none-eabi/13.3.1/../../../../arm-none-eabi/lib/thumb/v8-m.main+fp/hard\libc_nano.a(libc_a-sbrkr.o)
 .ARM.attributes
                0x000008be       0x38 C:/ST/STM32CubeIDE_1.18.1/STM32CubeIDE/plugins/com.st.stm32cube.ide.mcu.externaltools.gnu-tools-for-stm32.13.3.rel1.win32_1.0.0.202411081344/tools/bin/../lib/gcc/arm-none-eabi/13.3.1/../../../../arm-none-eabi/lib/thumb/v8-m.main+fp/hard\libc_nano.a(libc_a-writer.o)
 .ARM.attributes
                0x000008f6       0x38 C:/ST/STM32CubeIDE_1.18.1/STM32CubeIDE/plugins/com.st.stm32cube.ide.mcu.externaltools.gnu-tools-for-stm32.13.3.rel1.win32_1.0.0.202411081344/tools/bin/../lib/gcc/arm-none-eabi/13.3.1/../../../../arm-none-eabi/lib/thumb/v8-m.main+fp/hard\libc_nano.a(libc_a-errno.o)
 .ARM.attributes
                0x0000092e       0x38 C:/ST/STM32CubeIDE_1.18.1/STM32CubeIDE/plugins/com.st.stm32cube.ide.mcu.externaltools.gnu-tools-for-stm32.13.3.rel1.win32_1.0.0.202411081344/tools/bin/../lib/gcc/arm-none-eabi/13.3.1/../../../../arm-none-eabi/lib/thumb/v8-m.main+fp/hard\libc_nano.a(libc_a-init.o)
 .ARM.attributes
                0x00000966       0x38 C:/ST/STM32CubeIDE_1.18.1/STM32CubeIDE/plugins/com.st.stm32cube.ide.mcu.externaltools.gnu-tools-for-stm32.13.3.rel1.win32_1.0.0.202411081344/tools/bin/../lib/gcc/arm-none-eabi/13.3.1/../../../../arm-none-eabi/lib/thumb/v8-m.main+fp/hard\libc_nano.a(libc_a-lock.o)
 .ARM.attributes
                0x0000099e       0x38 C:/ST/STM32CubeIDE_1.18.1/STM32CubeIDE/plugins/com.st.stm32cube.ide.mcu.externaltools.gnu-tools-for-stm32.13.3.rel1.win32_1.0.0.202411081344/tools/bin/../lib/gcc/arm-none-eabi/13.3.1/../../../../arm-none-eabi/lib/thumb/v8-m.main+fp/hard\libc_nano.a(libc_a-memcpy-stub.o)
 .ARM.attributes
                0x000009d6       0x24 C:/ST/STM32CubeIDE_1.18.1/STM32CubeIDE/plugins/com.st.stm32cube.ide.mcu.externaltools.gnu-tools-for-stm32.13.3.rel1.win32_1.0.0.202411081344/tools/bin/../lib/gcc/arm-none-eabi/13.3.1/../../../../arm-none-eabi/lib/thumb/v8-m.main+fp/hard\libc_nano.a(libc_a-strlen.o)
 .ARM.attributes
                0x000009fa       0x38 C:/ST/STM32CubeIDE_1.18.1/STM32CubeIDE/plugins/com.st.stm32cube.ide.mcu.externaltools.gnu-tools-for-stm32.13.3.rel1.win32_1.0.0.202411081344/tools/bin/../lib/gcc/arm-none-eabi/13.3.1/../../../../arm-none-eabi/lib/thumb/v8-m.main+fp/hard\libc_nano.a(libc_a-abort.o)
 .ARM.attributes
                0x00000a32       0x38 C:/ST/STM32CubeIDE_1.18.1/STM32CubeIDE/plugins/com.st.stm32cube.ide.mcu.externaltools.gnu-tools-for-stm32.13.3.rel1.win32_1.0.0.202411081344/tools/bin/../lib/gcc/arm-none-eabi/13.3.1/../../../../arm-none-eabi/lib/thumb/v8-m.main+fp/hard\libc_nano.a(libc_a-freer.o)
 .ARM.attributes
                0x00000a6a       0x38 C:/ST/STM32CubeIDE_1.18.1/STM32CubeIDE/plugins/com.st.stm32cube.ide.mcu.externaltools.gnu-tools-for-stm32.13.3.rel1.win32_1.0.0.202411081344/tools/bin/../lib/gcc/arm-none-eabi/13.3.1/../../../../arm-none-eabi/lib/thumb/v8-m.main+fp/hard\libc_nano.a(libc_a-nano-vfprintf.o)
 .ARM.attributes
                0x00000aa2       0x38 C:/ST/STM32CubeIDE_1.18.1/STM32CubeIDE/plugins/com.st.stm32cube.ide.mcu.externaltools.gnu-tools-for-stm32.13.3.rel1.win32_1.0.0.202411081344/tools/bin/../lib/gcc/arm-none-eabi/13.3.1/../../../../arm-none-eabi/lib/thumb/v8-m.main+fp/hard\libc_nano.a(libc_a-nano-vfprintf_i.o)
 .ARM.attributes
                0x00000ada       0x38 C:/ST/STM32CubeIDE_1.18.1/STM32CubeIDE/plugins/com.st.stm32cube.ide.mcu.externaltools.gnu-tools-for-stm32.13.3.rel1.win32_1.0.0.202411081344/tools/bin/../lib/gcc/arm-none-eabi/13.3.1/../../../../arm-none-eabi/lib/thumb/v8-m.main+fp/hard\libc_nano.a(libc_a-fflush.o)
 .ARM.attributes
                0x00000b12       0x38 C:/ST/STM32CubeIDE_1.18.1/STM32CubeIDE/plugins/com.st.stm32cube.ide.mcu.externaltools.gnu-tools-for-stm32.13.3.rel1.win32_1.0.0.202411081344/tools/bin/../lib/gcc/arm-none-eabi/13.3.1/../../../../arm-none-eabi/lib/thumb/v8-m.main+fp/hard\libc_nano.a(libc_a-wbuf.o)
 .ARM.attributes
                0x00000b4a       0x38 C:/ST/STM32CubeIDE_1.18.1/STM32CubeIDE/plugins/com.st.stm32cube.ide.mcu.externaltools.gnu-tools-for-stm32.13.3.rel1.win32_1.0.0.202411081344/tools/bin/../lib/gcc/arm-none-eabi/13.3.1/../../../../arm-none-eabi/lib/thumb/v8-m.main+fp/hard\libc_nano.a(libc_a-wsetup.o)
 .ARM.attributes
                0x00000b82       0x38 C:/ST/STM32CubeIDE_1.18.1/STM32CubeIDE/plugins/com.st.stm32cube.ide.mcu.externaltools.gnu-tools-for-stm32.13.3.rel1.win32_1.0.0.202411081344/tools/bin/../lib/gcc/arm-none-eabi/13.3.1/../../../../arm-none-eabi/lib/thumb/v8-m.main+fp/hard\libc_nano.a(libc_a-signal.o)
 .ARM.attributes
                0x00000bba       0x38 C:/ST/STM32CubeIDE_1.18.1/STM32CubeIDE/plugins/com.st.stm32cube.ide.mcu.externaltools.gnu-tools-for-stm32.13.3.rel1.win32_1.0.0.202411081344/tools/bin/../lib/gcc/arm-none-eabi/13.3.1/../../../../arm-none-eabi/lib/thumb/v8-m.main+fp/hard\libc_nano.a(libc_a-signalr.o)
 .ARM.attributes
                0x00000bf2       0x38 C:/ST/STM32CubeIDE_1.18.1/STM32CubeIDE/plugins/com.st.stm32cube.ide.mcu.externaltools.gnu-tools-for-stm32.13.3.rel1.win32_1.0.0.202411081344/tools/bin/../lib/gcc/arm-none-eabi/13.3.1/../../../../arm-none-eabi/lib/thumb/v8-m.main+fp/hard\libc_nano.a(libc_a-memchr-stub.o)
 .ARM.attributes
                0x00000c2a       0x38 C:/ST/STM32CubeIDE_1.18.1/STM32CubeIDE/plugins/com.st.stm32cube.ide.mcu.externaltools.gnu-tools-for-stm32.13.3.rel1.win32_1.0.0.202411081344/tools/bin/../lib/gcc/arm-none-eabi/13.3.1/../../../../arm-none-eabi/lib/thumb/v8-m.main+fp/hard\libc_nano.a(libc_a-makebuf.o)
 .ARM.attributes
                0x00000c62       0x38 C:/ST/STM32CubeIDE_1.18.1/STM32CubeIDE/plugins/com.st.stm32cube.ide.mcu.externaltools.gnu-tools-for-stm32.13.3.rel1.win32_1.0.0.202411081344/tools/bin/../lib/gcc/arm-none-eabi/13.3.1/../../../../arm-none-eabi/lib/thumb/v8-m.main+fp/hard\libc_nano.a(libc_a-fstatr.o)
 .ARM.attributes
                0x00000c9a       0x38 C:/ST/STM32CubeIDE_1.18.1/STM32CubeIDE/plugins/com.st.stm32cube.ide.mcu.externaltools.gnu-tools-for-stm32.13.3.rel1.win32_1.0.0.202411081344/tools/bin/../lib/gcc/arm-none-eabi/13.3.1/../../../../arm-none-eabi/lib/thumb/v8-m.main+fp/hard\libc_nano.a(libc_a-isattyr.o)
 .ARM.attributes
                0x00000cd2       0x38 C:/ST/STM32CubeIDE_1.18.1/STM32CubeIDE/plugins/com.st.stm32cube.ide.mcu.externaltools.gnu-tools-for-stm32.13.3.rel1.win32_1.0.0.202411081344/tools/bin/../lib/gcc/arm-none-eabi/13.3.1/thumb/v8-m.main+fp/hard\libgcc.a(_popcountsi2.o)
 .ARM.attributes
                0x00000d0a       0x26 C:/ST/STM32CubeIDE_1.18.1/STM32CubeIDE/plugins/com.st.stm32cube.ide.mcu.externaltools.gnu-tools-for-stm32.13.3.rel1.win32_1.0.0.202411081344/tools/bin/../lib/gcc/arm-none-eabi/13.3.1/thumb/v8-m.main+fp/hard/crtn.o
OUTPUT(essai_OSPI.elf elf32-littlearm)
LOAD linker stubs
LOAD C:/ST/STM32CubeIDE_1.18.1/STM32CubeIDE/plugins/com.st.stm32cube.ide.mcu.externaltools.gnu-tools-for-stm32.13.3.rel1.win32_1.0.0.202411081344/tools/bin/../lib/gcc/arm-none-eabi/13.3.1/../../../../arm-none-eabi/lib/thumb/v8-m.main+fp/hard\libc.a
LOAD C:/ST/STM32CubeIDE_1.18.1/STM32CubeIDE/plugins/com.st.stm32cube.ide.mcu.externaltools.gnu-tools-for-stm32.13.3.rel1.win32_1.0.0.202411081344/tools/bin/../lib/gcc/arm-none-eabi/13.3.1/../../../../arm-none-eabi/lib/thumb/v8-m.main+fp/hard\libm.a
LOAD C:/ST/STM32CubeIDE_1.18.1/STM32CubeIDE/plugins/com.st.stm32cube.ide.mcu.externaltools.gnu-tools-for-stm32.13.3.rel1.win32_1.0.0.202411081344/tools/bin/../lib/gcc/arm-none-eabi/13.3.1/thumb/v8-m.main+fp/hard\libgcc.a

.debug_info     0x00000000    0x1488b
 .debug_info    0x00000000      0x428 ./Application/User/Core/lfs_config.o
 .debug_info    0x00000428     0x2087 ./Application/User/Core/main.o
 .debug_info    0x000024af     0x17e8 ./Application/User/Core/stm32h5xx_hal_msp.o
 .debug_info    0x00003c97      0xa2c ./Application/User/Core/stm32h5xx_it.o
 .debug_info    0x000046c3      0x6a3 ./Application/User/Core/syscalls.o
 .debug_info    0x00004d66      0x168 ./Application/User/Core/sysmem.o
 .debug_info    0x00004ece      0xc35 ./Application/User/Core/xspi_driver.o
 .debug_info    0x00005b03       0x30 ./Application/User/Startup/startup_stm32h573iikxq.o
 .debug_info    0x00005b33     0x5f58 ./Application/littlefs/lfs.o
 .debug_info    0x0000ba8b      0x15f ./Application/littlefs/lfs_util.o
 .debug_info    0x0000bbea      0xd8e ./Drivers/CMSIS/system_stm32h5xx.o
 .debug_info    0x0000c978     0x13b1 ./Drivers/STM32H5xx_HAL_Driver/stm32h5xx_hal.o