Archive member included to satisfy reference by file (symbol)

C:/ST/STM32CubeIDE_1.13.2/STM32CubeIDE/plugins/com.st.stm32cube.ide.mcu.externaltools.gnu-tools-for-stm32.13.3.rel1.win32_1.0.0.202411081344/tools/bin/../lib/gcc/arm-none-eabi/13.3.1/../../../../arm-none-eabi/lib/thumb/v8-m.main+fp/hard\libc_nano.a(libc_a-assert.o)
                              ./Application/littlefs/lfs.o (__assert_func)
C:/ST/STM32CubeIDE_1.13.2/STM32CubeIDE/plugins/com.st.stm32cube.ide.mcu.externaltools.gnu-tools-for-stm32.13.3.rel1.win32_1.0.0.202411081344/tools/bin/../lib/gcc/arm-none-eabi/13.3.1/../../../../arm-none-eabi/lib/thumb/v8-m.main+fp/hard\libc_nano.a(libc_a-exit.o)
                              C:/ST/STM32CubeIDE_1.13.2/STM32CubeIDE/plugins/com.st.stm32cube.ide.mcu.externaltools.gnu-tools-for-stm32.13.3.rel1.win32_1.0.0.202411081344/tools/bin/../lib/gcc/arm-none-eabi/13.3.1/../../../../arm-none-eabi/lib/thumb/v8-m.main+fp/hard/crt0.o (exit)
C:/ST/STM32CubeIDE_1.13.2/STM32CubeIDE/plugins/com.st.stm32cube.ide.mcu.externaltools.gnu-tools-for-stm32.13.3.rel1.win32_1.0.0.202411081344/tools/bin/../lib/gcc/arm-none-eabi/13.3.1/../../../../arm-none-eabi/lib/thumb/v8-m.main+fp/hard\libc_nano.a(libc_a-malloc.o)
                              ./Application/littlefs/lfs.o (malloc)
C:/ST/STM32CubeIDE_1.13.2/STM32CubeIDE/plugins/com.st.stm32cube.ide.mcu.externaltools.gnu-tools-for-stm32.13.3.rel1.win32_1.0.0.202411081344/tools/bin/../lib/gcc/arm-none-eabi/13.3.1/../../../../arm-none-eabi/lib/thumb/v8-m.main+fp/hard\libc_nano.a(libc_a-mallocr.o)
                              C:/ST/STM32CubeIDE_1.13.2/STM32CubeIDE/plugins/com.st.stm32cube.ide.mcu.externaltools.gnu-tools-for-stm32.13.3.rel1.win32_1.0.0.202411081344/tools/bin/../lib/gcc/arm-none-eabi/13.3.1/../../../../arm-none-eabi/lib/thumb/v8-m.main+fp/hard\libc_nano.a(libc_a-malloc.o) (_malloc_r)
C:/ST/STM32CubeIDE_1.13.2/STM32CubeIDE/plugins/com.st.stm32cube.ide.mcu.externaltools.gnu-tools-for-stm32.13.3.rel1.win32_1.0.0.202411081344/tools/bin/../lib/gcc/arm-none-eabi/13.3.1/../../../../arm-none-eabi/lib/thumb/v8-m.main+fp/hard\libc_nano.a(libc_a-mlock.o)
                              C:/ST/STM32CubeIDE_1.13.2/STM32CubeIDE/plugins/com.st.stm32cube.ide.mcu.externaltools.gnu-tools-for-stm32.13.3.rel1.win32_1.0.0.202411081344/tools/bin/../lib/gcc/arm-none-eabi/13.3.1/../../../../arm-none-eabi/lib/thumb/v8-m.main+fp/hard\libc_nano.a(libc_a-mallocr.o) (__malloc_lock)
C:/ST/STM32CubeIDE_1.13.2/STM32CubeIDE/plugins/com.st.stm32cube.ide.mcu.externaltools.gnu-tools-for-stm32.13.3.rel1.win32_1.0.0.202411081344/tools/bin/../lib/gcc/arm-none-eabi/13.3.1/../../../../arm-none-eabi/lib/thumb/v8-m.main+fp/hard\libc_nano.a(libc_a-findfp.o)
                              C:/ST/STM32CubeIDE_1.13.2/STM32CubeIDE/plugins/com.st.stm32cube.ide.mcu.externaltools.gnu-tools-for-stm32.13.3.rel1.win32_1.0.0.202411081344/tools/bin/../lib/gcc/arm-none-eabi/13.3.1/../../../../arm-none-eabi/lib/thumb/v8-m.main+fp/hard\libc_nano.a(libc_a-exit.o) (__stdio_exit_handler)
C:/ST/STM32CubeIDE_1.13.2/STM32CubeIDE/plugins/com.st.stm32cube.ide.mcu.externaltools.gnu-tools-for-stm32.13.3.rel1.win32_1.0.0.202411081344/tools/bin/../lib/gcc/arm-none-eabi/13.3.1/../../../../arm-none-eabi/lib/thumb/v8-m.main+fp/hard\libc_nano.a(libc_a-fprintf.o)
                              C:/ST/STM32CubeIDE_1.13.2/STM32CubeIDE/plugins/com.st.stm32cube.ide.mcu.externaltools.gnu-tools-for-stm32.13.3.rel1.win32_1.0.0.202411081344/tools/bin/../lib/gcc/arm-none-eabi/13.3.1/../../../../arm-none-eabi/lib/thumb/v8-m.main+fp/hard\libc_nano.a(libc_a-assert.o) (fiprintf)
C:/ST/STM32CubeIDE_1.13.2/STM32CubeIDE/plugins/com.st.stm32cube.ide.mcu.externaltools.gnu-tools-for-stm32.13.3.rel1.win32_1.0.0.202411081344/tools/bin/../lib/gcc/arm-none-eabi/13.3.1/../../../../arm-none-eabi/lib/thumb/v8-m.main+fp/hard\libc_nano.a(libc_a-fwalk.o)
                              C:/ST/STM32CubeIDE_1.13.2/STM32CubeIDE/plugins/com.st.stm32cube.ide.mcu.externaltools.gnu-tools-for-stm32.13.3.rel1.win32_1.0.0.202411081344/tools/bin/../lib/gcc/arm-none-eabi/13.3.1/../../../../arm-none-eabi/lib/thumb/v8-m.main+fp/hard\libc_nano.a(libc_a-findfp.o) (_fwalk_sglue)
C:/ST/STM32CubeIDE_1.13.2/STM32CubeIDE/plugins/com.st.stm32cube.ide.mcu.externaltools.gnu-tools-for-stm32.13.3.rel1.win32_1.0.0.202411081344/tools/bin/../lib/gcc/arm-none-eabi/13.3.1/../../../../arm-none-eabi/lib/thumb/v8-m.main+fp/hard\libc_nano.a(libc_a-printf.o)
                              ./Application/littlefs/lfs.o (printf)
C:/ST/STM32CubeIDE_1.13.2/STM32CubeIDE/plugins/com.st.stm32cube.ide.mcu.externaltools.gnu-tools-for-stm32.13.3.rel1.win32_1.0.0.202411081344/tools/bin/../lib/gcc/arm-none-eabi/13.3.1/../../../../arm-none-eabi/lib/thumb/v8-m.main+fp/hard\libc_nano.a(libc_a-puts.o)
                              ./Application/User/Core/main.o (puts)
[...]
Memory Configuration

Name             Origin             Length             Attributes
RAM              0x20000000         0x000a0000         xrw
FLASH            0x08000000         0x00200000         xr
*default*        0x00000000         0xffffffff

Linker script and memory map

LOAD C:/ST/STM32CubeIDE_1.13.2/STM32CubeIDE/plugins/com.st.stm32cube.ide.mcu.externaltools.gnu-tools-for-stm32.13.3.rel1.win32_1.0.0.202411081344/tools/bin/../lib/gcc/arm-none-eabi/13.3.1/thumb/v8-m.main+fp/hard/crti.o
LOAD C:/ST/STM32CubeIDE_1.13.2/STM32CubeIDE/plugins/com.st.stm32cube.ide.mcu.externaltools.gnu-tools-for-stm32.13.3.rel1.win32_1.0.0.202411081344/tools/bin/../lib/gcc/arm-none-eabi/13.3.1/thumb/v8-m.main+fp/hard/crtbegin.o
LOAD C:/ST/STM32CubeIDE_1.13.2/STM32CubeIDE/plugins/com.st.stm32cube.ide.mcu.externaltools.gnu-tools-for-stm32.13.3.rel1.win32_1.0.0.202411081344/tools/bin/../lib/gcc/arm-none-eabi/13.3.1/../../../../arm-none-eabi/lib/thumb/v8-m.main+fp/hard/crt0.o
LOAD ./Application/User/Core/lfs_config.o
LOAD ./Application/User/Core/main.o
LOAD ./Application/User/Core/stm32h5xx_hal_msp.o
LOAD ./Application/User/Core/stm32h5xx_hal_uart.o
LOAD ./Application/User/Core/stm32h5xx_hal_uart_ex.o
LOAD ./Application/User/Core/stm32h5xx_it.o
LOAD ./Application/User/Core/syscalls.o
LOAD ./Application/User/Core/sysmem.o
LOAD ./Application/User/Core/xspi_driver.o
LOAD ./Application/User/Startup/startup_stm32h573iikxq.o
LOAD ./Application/littlefs/lfs.o
LOAD ./Application/littlefs/lfs_util.o
LOAD ./Drivers/BSP/Components/cs42l51/cs42l51.o
LOAD ./Drivers/BSP/Components/cs42l51/cs42l51_reg.o
LOAD ./Drivers/BSP/Components/lan8742/lan8742.o
LOAD ./Drivers/BSP/Components/mx25lm51245g/mx25lm51245g.o
LOAD ./Drivers/BSP/Components/st7789h2/st7789h2.o
LOAD ./Drivers/BSP/Components/st7789h2/st7789h2_reg.o
LOAD ./Drivers/BSP/Components/tcpp0203/tcpp0203.o
LOAD ./Drivers/BSP/Components/tcpp0203/tcpp0203_reg.o
LOAD ./Drivers/BSP/STM32H573I-DK/stm32h573i_discovery_xspi.o
LOAD ./Drivers/CMSIS/system_stm32h5xx.o
LOAD ./Drivers/STM32H5xx_HAL_Driver/stm32h5xx_hal.o
LOAD ./Drivers/STM32H5xx_HAL_Driver/stm32h5xx_hal_cortex.o
LOAD ./Drivers/STM32H5xx_HAL_Driver/stm32h5xx_hal_dma.o
LOAD ./Drivers/STM32H5xx_HAL_Driver/stm32h5xx_hal_dma_ex.o
LOAD ./Drivers/STM32H5xx_HAL_Driver/stm32h5xx_hal_exti.o
LOAD ./Drivers/STM32H5xx_HAL_Driver/stm32h5xx_hal_flash.o
LOAD ./Drivers/STM32H5xx_HAL_Driver/stm32h5xx_hal_flash_ex.o
LOAD ./Drivers/STM32H5xx_HAL_Driver/stm32h5xx_hal_gpio.o
LOAD ./Drivers/STM32H5xx_HAL_Driver/stm32h5xx_hal_icache.o
LOAD ./Drivers/STM32H5xx_HAL_Driver/stm32h5xx_hal_pwr.o
LOAD ./Drivers/STM32H5xx_HAL_Driver/stm32h5xx_hal_pwr_ex.o
LOAD ./Drivers/STM32H5xx_HAL_Driver/stm32h5xx_hal_rcc.o
LOAD ./Drivers/STM32H5xx_HAL_Driver/stm32h5xx_hal_rcc_ex.o
LOAD ./Drivers/STM32H5xx_HAL_Driver/stm32h5xx_hal_xspi.o
LOAD ./Drivers/STM32H5xx_HAL_Driver/stm32h5xx_ll_dlyb.o
START GROUP
LOAD C:/ST/STM32CubeIDE_1.13.2/STM32CubeIDE/plugins/com.st.stm32cube.ide.mcu.externaltools.gnu-tools-for-stm32.13.3.rel1.win32_1.0.0.202411081344/tools/bin/../lib/gcc/arm-none-eabi/13.3.1/../../../../arm-none-eabi/lib/thumb/v8-m.main+fp/hard\libc_nano.a
LOAD C:/ST/STM32CubeIDE_1.13.2/STM32CubeIDE/plugins/com.st.stm32cube.ide.mcu.externaltools.gnu-tools-for-stm32.13.3.rel1.win32_1.0.0.202411081344/tools/bin/../lib/gcc/arm-none-eabi/13.3.1/../../../../arm-none-eabi/lib/thumb/v8-m.main+fp/hard\libm.a
END GROUP
START GROUP
LOAD C:/ST/STM32CubeIDE_1.13.2/STM32CubeIDE/plugins/com.st.stm32cube.ide.mcu.externaltools.gnu-tools-for-stm32.13.3.rel1.win32_1.0.0.202411081344/tools/bin/../lib/gcc/arm-none-eabi/13.3.1/thumb/v8-m.main+fp/hard\libgcc.a
LOAD C:/ST/STM32CubeIDE_1.13.2/STM32CubeIDE/plugins/com.st.stm32cube.ide.mcu.externaltools.gnu-tools-for-stm32.13.3.rel1.win32_1.0.0.202411081344/tools/bin/../lib/gcc/arm-none-eabi/13.3.1/../../../../arm-none-eabi/lib/thumb/v8-m.main+fp/hard\libc_nano.a
END GROUP
START GROUP
LOAD C:/ST/STM32CubeIDE_1.13.2/STM32CubeIDE/plugins/com.st.stm32cube.ide.mcu.externaltools.gnu-tools-for-stm32.13.3.rel1.win32_1.0.0.202411081344/tools/bin/../lib/gcc/arm-none-eabi/13.3.1/thumb/v8-m.main+fp/hard\libgcc.a
LOAD C:/ST/STM32CubeIDE_1.13.2/STM32CubeIDE/plugins/com.st.stm32cube.ide.mcu.externaltools.gnu-tools-for-stm32.13.3.rel1.win32_1.0.0.202411081344/tools/bin/../lib/gcc/arm-none-eabi/13.3.1/../../../../arm-none-eabi/lib/thumb/v8-m.main+fp/hard\libc_nano.a
LOAD C:/ST/STM32CubeIDE_1.13.2/STM32CubeIDE/plugins/com.st.stm32cube.ide.mcu.externaltools.gnu-tools-for-stm32.13.3.rel1.win32_1.0.0.202411081344/tools/bin/../lib/gcc/arm-none-eabi/13.3.1/../../../../arm-none-eabi/lib/thumb/v8-m.main+fp/hard\libnosys.a
END GROUP
START GROUP
LOAD C:/ST/STM32CubeIDE_1.13.2/STM32CubeIDE/plugins/com.st.stm32cube.ide.mcu.externaltools.gnu-tools-for-stm32.13.3.rel1.win32_1.0.0.202411081344/tools/bin/../lib/gcc/arm-none-eabi/13.3.1/thumb/v8-m.main+fp/hard\libgcc.a
LOAD C:/ST/STM32CubeIDE_1.13.2/STM32CubeIDE/plugins/com.st.stm32cube.ide.mcu.externaltools.gnu-tools-for-stm32.13.3.rel1.win32_1.0.0.202411081344/tools/bin/../lib/gcc/arm-none-eabi/13.3.1/../../../../arm-none-eabi/lib/thumb/v8-m.main+fp/hard\libc_nano.a
LOAD C:/ST/STM32CubeIDE_1.13.2/STM32CubeIDE/plugins/com.st.stm32cube.ide.mcu.externaltools.gnu-tools-for-stm32.13.3.rel1.win32_1.0.0.202411081344/tools/bin/../lib/gcc/arm-none-eabi/13.3.1/../../../../arm-none-eabi/lib/thumb/v8-m.main+fp/hard\libnosys.a
END GROUP
LOAD C:/ST/STM32CubeIDE_1.13.2/STM32CubeIDE/plugins/com.st.stm32cube.ide.mcu.externaltools.gnu-tools-for-stm32.13.3.rel1.win32_1.0.0.202411081344/tools/bin/../lib/gcc/arm-none-eabi/13.3.1/thumb/v8-m.main+fp/hard/crtend.o
LOAD C:/ST/STM32CubeIDE_1.13.2/STM32CubeIDE/plugins/com.st.stm32cube.ide.mcu.externaltools.gnu-tools-for-stm32.13.3.rel1.win32_1.0.0.202411081344/tools/bin/../lib/gcc/arm-none-eabi/13.3.1/thumb/v8-m.main+fp/hard/crtn.o
                0x200a0000                        _estack = (ORIGIN (RAM) + LENGTH (RAM))
                0x00000200                        _Min_Heap_Size = 0x200
                0x00000400                        _Min_Stack_Size = 0x400

.isr_vector     0x08000000      0x24c
                0x08000000                        . = ALIGN (0x4)
 *(.isr_vector)
 .isr_vector    0x08000000      0x24c ./Application/User/Startup/startup_stm32h573iikxq.o
                0x08000000                g_pfnVectors
                0x0800024c                        . = ALIGN (0x4)

.text           0x0800024c    0x14404
                0x0800024c                        . = ALIGN (0x4)
 *(.text)
 .text          0x0800024c       0x40 C:/ST/STM32CubeIDE_1.13.2/STM32CubeIDE/plugins/com.st.stm32cube.ide.mcu.externaltools.gnu-tools-for-stm32.13.3.rel1.win32_1.0.0.202411081344/tools/bin/../lib/gcc/arm-none-eabi/13.3.1/thumb/v8-m.main+fp/hard/crtbegin.o
 .text          0x0800028c       0x10 C:/ST/STM32CubeIDE_1.13.2/STM32CubeIDE/plugins/com.st.stm32cube.ide.mcu.externaltools.gnu-tools-for-stm32.13.3.rel1.win32_1.0.0.202411081344/tools/bin/../lib/gcc/arm-none-eabi/13.3.1/../../../../arm-none-eabi/lib/thumb/v8-m.main+fp/hard\libc_nano.a(libc_a-strlen.o)
                0x0800028c                strlen
 .text          0x0800029c       0x30 C:/ST/STM32CubeIDE_1.13.2/STM32CubeIDE/plugins/com.st.stm32cube.ide.mcu.externaltools.gnu-tools-for-stm32.13.3.rel1.win32_1.0.0.202411081344/tools/bin/../lib/gcc/arm-none-eabi/13.3.1/thumb/v8-m.main+fp/hard\libgcc.a(_aeabi_uldivmod.o)
                0x0800029c                __aeabi_uldivmod
 .text          0x080002cc       0x28 C:/ST/STM32CubeIDE_1.13.2/STM32CubeIDE/plugins/com.st.stm32cube.ide.mcu.externaltools.gnu-tools-for-stm32.13.3.rel1.win32_1.0.0.202411081344/tools/bin/../lib/gcc/arm-none-eabi/13.3.1/thumb/v8-m.main+fp/hard\libgcc.a(_popcountsi2.o)
                0x080002cc                __popcountsi2
 .text          0x080002f4      0x348 C:/ST/STM32CubeIDE_1.13.2/STM32CubeIDE/plugins/com.st.stm32cube.ide.mcu.externaltools.gnu-tools-for-stm32.13.3.rel1.win32_1.0.0.202411081344/tools/bin/../lib/gcc/arm-none-eabi/13.3.1/thumb/v8-m.main+fp/hard\libgcc.a(_udivmoddi4.o)
                0x080002f4                __udivmoddi4
 .text          0x0800063c        0x4 C:/ST/STM32CubeIDE_1.13.2/STM32CubeIDE/plugins/com.st.stm32cube.ide.mcu.externaltools.gnu-tools-for-stm32.13.3.rel1.win32_1.0.0.202411081344/tools/bin/../lib/gcc/arm-none-eabi/13.3.1/thumb/v8-m.main+fp/hard\libgcc.a(_dvmd_tls.o)
                0x0800063c                __aeabi_idiv0
                0x0800063c                __aeabi_ldiv0
 *(.text*)
 .text.xspi_init_if_needed
                0x08000640       0x2c ./Application/User/Core/lfs_config.o
 .text.user_provided_block_device_read
                0x0800066c       0x44 ./Application/User/Core/lfs_config.o
                0x0800066c                user_provided_block_device_read
 .text.user_provided_block_device_prog
                0x080006b0       0x44 ./Application/User/Core/lfs_config.o
                0x080006b0                user_provided_block_device_prog
 .text.user_provided_block_device_erase
                0x080006f4       0x3a ./Application/User/Core/lfs_config.o
                0x080006f4                user_provided_block_device_erase
 .text.user_provided_block_device_sync
                0x0800072e       0x28 ./Application/User/Core/lfs_config.o
                0x0800072e                user_provided_block_device_sync
 .text.lfs_config_init
                0x08000756        0xc ./Application/User/Core/lfs_config.o
                0x08000756                lfs_config_init
 *fill*         0x08000762        0x2 
 .text.__io_putchar
                0x08000764       0x24 ./Application/User/Core/main.o
                0x08000764                __io_putchar
 .text.blink_error.0
                0x08000788       0x54 ./Application/User/Core/main.o
 .text.main     0x080007dc      0x168 ./Application/User/Core/main.o
                0x080007dc                main
 .text.SystemClock_Config
                0x08000944       0xe4 ./Application/User/Core/main.o
                0x08000944                SystemClock_Config
 .text.MX_GPDMA1_Init
                0x08000a28      0x134 ./Application/User/Core/main.o
 .text.MX_ICACHE_Init
                0x08000b5c       0x16 ./Application/User/Core/main.o
 *fill*         0x08000b72        0x2 
 .text.MX_OCTOSPI1_Init
                0x08000b74       0x7c ./Application/User/Core/main.o
 .text.MX_UART4_Init
                0x08000bf0       0x98 ./Application/User/Core/main.o
 .text.MX_GPIO_Init
                0x08000c88      0x140 ./Application/User/Core/main.o
 .text.Error_Handler
                0x08000dc8        0xc ./Application/User/Core/main.o
                0x08000dc8                Error_Handler
 .text.HAL_MspInit
                0x08000dd4        0xe ./Application/User/Core/stm32h5xx_hal_msp.o
                0x08000dd4                HAL_MspInit
 *fill*         0x08000de2        0x2 
 .text.HAL_XSPI_MspInit
                0x08000de4      0x3a0 ./Application/User/Core/stm32h5xx_hal_msp.o
                0x08000de4                HAL_XSPI_MspInit
 .text.HAL_UART_MspInit
                0x08001184      0x12c ./Application/User/Core/stm32h5xx_hal_msp.o
                0x08001184                HAL_UART_MspInit
 .text.HAL_UART_Init
                0x080012b0       0xc0 ./Application/User/Core/stm32h5xx_hal_uart.o
                0x080012b0                HAL_UART_Init
 .text.HAL_UART_Transmit
                0x08001370      0x13c ./Application/User/Core/stm32h5xx_hal_uart.o
                0x08001370                HAL_UART_Transmit
 .text.HAL_UART_IRQHandler
                0x080014ac      0x600 ./Application/User/Core/stm32h5xx_hal_uart.o
                0x080014ac                HAL_UART_IRQHandler
 .text.HAL_UART_TxCpltCallback
                0x08001aac       0x14 ./Application/User/Core/stm32h5xx_hal_uart.o
                0x08001aac                HAL_UART_TxCpltCallback
 .text.HAL_UART_TxHalfCpltCallback
                0x08001ac0       0x14 ./Application/User/Core/stm32h5xx_hal_uart.o
                0x08001ac0                HAL_UART_TxHalfCpltCallback
 .text.HAL_UART_RxCpltCallback
                0x08001ad4       0x14 ./Application/User/Core/stm32h5xx_hal_uart.o
                0x08001ad4                HAL_UART_RxCpltCallback
 .text.HAL_UART_RxHalfCpltCallback
                0x08001ae8       0x14 ./Application/User/Core/stm32h5xx_hal_uart.o
                0x08001ae8                HAL_UART_RxHalfCpltCallback
 .text.HAL_UART_ErrorCallback
                0x08001afc       0x14 ./Application/User/Core/stm32h5xx_hal_uart.o
                0x08001afc                HAL_UART_ErrorCallback
 .text.HAL_UART_AbortCpltCallback
                0x08001b10       0x14 ./Application/User/Core/stm32h5xx_hal_uart.o
                0x08001b10                HAL_UART_AbortCpltCallback
 .text.HAL_UART_AbortTransmitCpltCallback
                0x08001b24       0x14 ./Application/User/Core/stm32h5xx_hal_uart.o
                0x08001b24                HAL_UART_AbortTransmitCpltCallback
 .text.HAL_UART_AbortReceiveCpltCallback
                0x08001b38       0x14 ./Application/User/Core/stm32h5xx_hal_uart.o
                0x08001b38                HAL_UART_AbortReceiveCpltCallback
 .text.HAL_UARTEx_RxEventCallback
                0x08001b4c       0x18 ./Application/User/Core/stm32h5xx_hal_uart.o
                0x08001b4c                HAL_UARTEx_RxEventCallback
 .text.UART_InitCallbacksToDefault
                0x08001b64       0xa4 ./Application/User/Core/stm32h5xx_hal_uart.o
                0x08001b64                UART_InitCallbacksToDefault
 .text.UART_SetConfig
                0x08001c08      0x3dc ./Application/User/Core/stm32h5xx_hal_uart.o
                0x08001c08                UART_SetConfig
 .text.UART_AdvFeatureConfig
                0x08001fe4      0x144 ./Application/User/Core/stm32h5xx_hal_uart.o
                0x08001fe4                UART_AdvFeatureConfig
 .text.UART_CheckIdleState
                0x08002128      0x154 ./Application/User/Core/stm32h5xx_hal_uart.o
                0x08002128                UART_CheckIdleState
 .text.UART_WaitOnFlagUntilTimeout
                0x0800227c       0xda ./Application/User/Core/stm32h5xx_hal_uart.o
                0x0800227c                UART_WaitOnFlagUntilTimeout
 .text.UART_EndRxTransfer
                0x08002356       0xcc ./Application/User/Core/stm32h5xx_hal_uart.o
 .text.UART_DMAAbortOnError
                0x08002422       0x28 ./Application/User/Core/stm32h5xx_hal_uart.o
 .text.UART_EndTransmit_IT
                0x0800244a       0x5a ./Application/User/Core/stm32h5xx_hal_uart.o
 .text.HAL_UARTEx_WakeupCallback
                0x080024a4       0x14 ./Application/User/Core/stm32h5xx_hal_uart_ex.o
                0x080024a4                HAL_UARTEx_WakeupCallback
 .text.HAL_UARTEx_RxFifoFullCallback
                0x080024b8       0x14 ./Application/User/Core/stm32h5xx_hal_uart_ex.o
                0x080024b8                HAL_UARTEx_RxFifoFullCallback
 .text.HAL_UARTEx_TxFifoEmptyCallback
                0x080024cc       0x14 ./Application/User/Core/stm32h5xx_hal_uart_ex.o
                0x080024cc                HAL_UARTEx_TxFifoEmptyCallback
 .text.HAL_UARTEx_DisableFifoMode
                0x080024e0       0x72 ./Application/User/Core/stm32h5xx_hal_uart_ex.o
                0x080024e0                HAL_UARTEx_DisableFifoMode
 .text.HAL_UARTEx_SetTxFifoThreshold
                0x08002552       0x7c ./Application/User/Core/stm32h5xx_hal_uart_ex.o
                0x08002552                HAL_UARTEx_SetTxFifoThreshold
 .text.HAL_UARTEx_SetRxFifoThreshold
                0x080025ce       0x7c ./Application/User/Core/stm32h5xx_hal_uart_ex.o
                0x080025ce                HAL_UARTEx_SetRxFifoThreshold
 *fill*         0x0800264a        0x2 
 .text.UARTEx_SetNbDataToProcess
                0x0800264c       0x9c ./Application/User/Core/stm32h5xx_hal_uart_ex.o
 .text.NMI_Handler
                0x080026e8        0x8 ./Application/User/Core/stm32h5xx_it.o
                0x080026e8                NMI_Handler
 .text.HardFault_Handler
                0x080026f0        0x8 ./Application/User/Core/stm32h5xx_it.o
                0x080026f0                HardFault_Handler
 .text.MemManage_Handler
                0x080026f8        0x8 ./Application/User/Core/stm32h5xx_it.o
                0x080026f8                MemManage_Handler
 .text.BusFault_Handler
                0x08002700        0x8 ./Application/User/Core/stm32h5xx_it.o
                0x08002700                BusFault_Handler
 .text.UsageFault_Handler
                0x08002708        0x8 ./Application/User/Core/stm32h5xx_it.o
                0x08002708                UsageFault_Handler
 .text.SVC_Handler
                0x08002710        0xe ./Application/User/Core/stm32h5xx_it.o
                0x08002710                SVC_Handler
 .text.DebugMon_Handler
                0x0800271e        0xe ./Application/User/Core/stm32h5xx_it.o
                0x0800271e                DebugMon_Handler
 .text.PendSV_Handler
                0x0800272c        0xe ./Application/User/Core/stm32h5xx_it.o
                0x0800272c                PendSV_Handler
 .text.SysTick_Handler
                0x0800273a        0xc ./Application/User/Core/stm32h5xx_it.o
                0x0800273a                SysTick_Handler
 *fill*         0x08002746        0x2 
 .text.UART4_IRQHandler
                0x08002748       0x14 ./Application/User/Core/stm32h5xx_it.o
                0x08002748                UART4_IRQHandler
 .text._getpid  0x0800275c       0x10 ./Application/User/Core/syscalls.o
                0x0800275c                _getpid
 .text._kill    0x0800276c       0x20 ./Application/User/Core/syscalls.o
                0x0800276c                _kill
 .text._exit    0x0800278c       0x16 ./Application/User/Core/syscalls.o
                0x0800278c                _exit
 .text._read    0x080027a2       0x3a ./Application/User/Core/syscalls.o
                0x080027a2                _read
 .text._write   0x080027dc       0x38 ./Application/User/Core/syscalls.o
                0x080027dc                _write
 .text._close   0x08002814       0x18 ./Application/User/Core/syscalls.o
                0x08002814                _close
 .text._fstat   0x0800282c       0x20 ./Application/User/Core/syscalls.o
                0x0800282c                _fstat
 .text._isatty  0x0800284c       0x16 ./Application/User/Core/syscalls.o
                0x0800284c                _isatty
 .text._lseek   0x08002862       0x1a ./Application/User/Core/syscalls.o
                0x08002862                _lseek
 .text._sbrk    0x0800287c       0x6c ./Application/User/Core/sysmem.o
                0x0800287c                _sbrk
 .text.Reset_Handler
                0x080028e8       0x50 ./Application/User/Startup/startup_stm32h573iikxq.o
                0x080028e8                Reset_Handler
 .text.Default_Handler
                0x08002938        0x2 ./Application/User/Startup/startup_stm32h573iikxq.o
                0x08002938                EXTI2_IRQHandler
                0x08002938                TIM8_TRG_COM_IRQHandler
                0x08002938                TIM8_CC_IRQHandler
                0x08002938                EXTI5_IRQHandler
                0x08002938                I3C1_ER_IRQHandler
                0x08002938                UART8_IRQHandler
                0x08002938                SPI4_IRQHandler
                0x08002938                GPDMA2_Channel1_IRQHandler
                0x08002938                FLASH_S_IRQHandler
                0x08002938                EXTI13_IRQHandler
                0x08002938                TIM1_CC_IRQHandler
                0x08002938                GPDMA2_Channel3_IRQHandler
                0x08002938                TAMP_IRQHandler
                0x08002938                TIM6_IRQHandler
                0x08002938                EXTI12_IRQHandler
                0x08002938                CORDIC_IRQHandler
                0x08002938                USB_DRD_FS_IRQHandler
                0x08002938                EXTI3_IRQHandler
                0x08002938                LPTIM4_IRQHandler
                0x08002938                GPDMA1_Channel5_IRQHandler
                0x08002938                EXTI8_IRQHandler
                0x08002938                GPDMA2_Channel5_IRQHandler
                0x08002938                LPTIM2_IRQHandler
                0x08002938                I2C3_ER_IRQHandler
                0x08002938                GPDMA2_Channel2_IRQHandler
                0x08002938                USART10_IRQHandler
                0x08002938                LPTIM3_IRQHandler
                0x08002938                EXTI0_IRQHandler
                0x08002938                I2C2_EV_IRQHandler
                0x08002938                FPU_IRQHandler
                0x08002938                GPDMA1_Channel3_IRQHandler
                0x08002938                GPDMA1_Channel7_IRQHandler
                0x08002938                FDCAN1_IT1_IRQHandler
                0x08002938                RAMCFG_IRQHandler
                0x08002938                DCACHE1_IRQHandler
                0x08002938                SPI1_IRQHandler
                0x08002938                OCTOSPI1_IRQHandler
                0x08002938                GPDMA1_Channel2_IRQHandler
                0x08002938                TIM8_UP_IRQHandler
                0x08002938                RCC_S_IRQHandler
                0x08002938                SAI2_IRQHandler
                0x08002938                ADC1_IRQHandler
                0x08002938                PKA_IRQHandler
                0x08002938                USART6_IRQHandler
                0x08002938                EXTI15_IRQHandler
                0x08002938                TIM17_IRQHandler
                0x08002938                USART3_IRQHandler
                0x08002938                RTC_IRQHandler
                0x08002938                EXTI9_IRQHandler
                0x08002938                LPTIM5_IRQHandler
                0x08002938                UART5_IRQHandler
                0x08002938                TIM4_IRQHandler
                0x08002938                I2C1_EV_IRQHandler
                0x08002938                GPDMA1_Channel1_IRQHandler
                0x08002938                TIM16_IRQHandler
                0x08002938                SecureFault_Handler
                0x08002938                TIM3_IRQHandler
                0x08002938                RCC_IRQHandler
                0x08002938                UART9_IRQHandler
                0x08002938                TIM1_TRG_COM_IRQHandler
                0x08002938                Default_Handler
                0x08002938                FMAC_IRQHandler
                0x08002938                CEC_IRQHandler
                0x08002938                USART11_IRQHandler
                0x08002938                TIM14_IRQHandler
                0x08002938                TIM13_IRQHandler
                0x08002938                OTFDEC1_IRQHandler
                0x08002938                GPDMA2_Channel4_IRQHandler
                0x08002938                SPI5_IRQHandler
                0x08002938                TIM12_IRQHandler
                0x08002938                TIM7_IRQHandler
                0x08002938                SDMMC1_IRQHandler
                0x08002938                SAES_IRQHandler
                0x08002938                TIM5_IRQHandler
                0x08002938                UCPD1_IRQHandler
                0x08002938                GPDMA1_Channel0_IRQHandler
                0x08002938                I3C1_EV_IRQHandler
                0x08002938                TIM15_IRQHandler
                0x08002938                PVD_AVD_IRQHandler
                0x08002938                I2C3_EV_IRQHandler
                0x08002938                ETH_WKUP_IRQHandler
                0x08002938                ADC2_IRQHandler
                0x08002938                SPI2_IRQHandler
                0x08002938                EXTI14_IRQHandler
                0x08002938                EXTI11_IRQHandler
                0x08002938                CRS_IRQHandler
                0x08002938                EXTI4_IRQHandler
                0x08002938                GPDMA2_Channel0_IRQHandler
                0x08002938                RTC_S_IRQHandler
                0x08002938                RNG_IRQHandler
                0x08002938                FDCAN2_IT1_IRQHandler
                0x08002938                ETH_IRQHandler
                0x08002938                GPDMA2_Channel6_IRQHandler
                0x08002938                TIM1_UP_IRQHandler
                0x08002938                UART12_IRQHandler
                0x08002938                WWDG_IRQHandler
                0x08002938                SPI6_IRQHandler
                0x08002938                I2C4_EV_IRQHandler
                0x08002938                FDCAN2_IT0_IRQHandler
                0x08002938                IWDG_IRQHandler
                0x08002938                LPUART1_IRQHandler
                0x08002938                FDCAN1_IT0_IRQHandler
                0x08002938                TIM2_IRQHandler
                0x08002938                GPDMA1_Channel4_IRQHandler
                0x08002938                EXTI7_IRQHandler
                0x08002938                TIM1_BRK_IRQHandler
                0x08002938                EXTI1_IRQHandler
                0x08002938                SDMMC2_IRQHandler
                0x08002938                AES_IRQHandler
                0x08002938                LPTIM6_IRQHandler
                0x08002938                DAC1_IRQHandler
                0x08002938                DTS_IRQHandler
                0x08002938                UART7_IRQHandler
                0x08002938                GTZC_IRQHandler
                0x08002938                USART2_IRQHandler
                0x08002938                GPDMA1_Channel6_IRQHandler
                0x08002938                GPDMA2_Channel7_IRQHandler
                0x08002938                I2C2_ER_IRQHandler
                0x08002938                TIM8_BRK_IRQHandler
                0x08002938                FLASH_IRQHandler
                0x08002938                USART1_IRQHandler
                0x08002938                EXTI10_IRQHandler
                0x08002938                SPI3_IRQHandler
                0x08002938                I2C1_ER_IRQHandler
                0x08002938                FMC_IRQHandler
                0x08002938                EXTI6_IRQHandler
                0x08002938                LPTIM1_IRQHandler
                0x08002938                DCMI_PSSI_IRQHandler
                0x08002938                I2C4_ER_IRQHandler
                0x08002938                ICACHE_IRQHandler
                0x08002938                SAI1_IRQHandler
                0x08002938                HASH_IRQHandler
 .text.lfs_max  0x0800293a       0x20 ./Application/littlefs/lfs.o
 .text.lfs_min  0x0800295a       0x20 ./Application/littlefs/lfs.o
 .text.lfs_aligndown
                0x0800297a       0x2a ./Application/littlefs/lfs.o
 .text.lfs_alignup
                0x080029a4       0x24 ./Application/littlefs/lfs.o
 .text.lfs_npw2
                0x080029c8       0x20 ./Application/littlefs/lfs.o
 .text.lfs_ctz  0x080029e8       0x1e ./Application/littlefs/lfs.o
 .text.lfs_popc
                0x08002a06       0x18 ./Application/littlefs/lfs.o
 .text.lfs_scmp
                0x08002a1e       0x1c ./Application/littlefs/lfs.o
 .text.lfs_fromle32
                0x08002a3a       0x16 ./Application/littlefs/lfs.o
 .text.lfs_tole32
                0x08002a50       0x18 ./Application/littlefs/lfs.o
 .text.lfs_frombe32
                0x08002a68       0x18 ./Application/littlefs/lfs.o
 .text.lfs_tobe32
                0x08002a80       0x18 ./Application/littlefs/lfs.o
 .text.lfs_malloc
                0x08002a98       0x18 ./Application/littlefs/lfs.o
 .text.lfs_free
                0x08002ab0       0x16 ./Application/littlefs/lfs.o
 .text.lfs_cache_drop
                0x08002ac6       0x1e ./Application/littlefs/lfs.o
 .text.lfs_cache_zero
                0x08002ae4       0x2c ./Application/littlefs/lfs.o
 .text.lfs_bd_read
                0x08002b10      0x298 ./Application/littlefs/lfs.o
 .text.lfs_bd_cmp
                0x08002da8       0xa2 ./Application/littlefs/lfs.o
 .text.lfs_bd_crc
                0x08002e4a       0x8c ./Application/littlefs/lfs.o
 *fill*         0x08002ed6        0x2 
 .text.lfs_bd_flush
                0x08002ed8       0xf4 ./Application/littlefs/lfs.o
 .text.lfs_bd_sync
                0x08002fcc       0x68 ./Application/littlefs/lfs.o
 .text.lfs_bd_prog
                0x08003034      0x15c ./Application/littlefs/lfs.o
 .text.lfs_bd_erase
                0x08003190       0x64 ./Application/littlefs/lfs.o
 .text.lfs_path_namelen
                0x080031f4       0x20 ./Application/littlefs/lfs.o
 .text.lfs_path_islast
                0x08003214       0x40 ./Application/littlefs/lfs.o
 .text.lfs_path_isdir
                0x08003254       0x28 ./Application/littlefs/lfs.o
 .text.lfs_pair_swap
                0x0800327c       0x2a ./Application/littlefs/lfs.o
 .text.lfs_pair_isnull
                0x080032a6       0x36 ./Application/littlefs/lfs.o
 .text.lfs_pair_cmp
                0x080032dc       0x54 ./Application/littlefs/lfs.o
 .text.lfs_pair_issync
                0x08003330       0x5a ./Application/littlefs/lfs.o
 .text.lfs_pair_fromle32
                0x0800338a       0x34 ./Application/littlefs/lfs.o
 .text.lfs_pair_tole32
                0x080033be       0x34 ./Application/littlefs/lfs.o
 .text.lfs_tag_isvalid
                0x080033f2       0x1c ./Application/littlefs/lfs.o
 .text.lfs_tag_isdelete
                0x0800340e       0x26 ./Application/littlefs/lfs.o
 .text.lfs_tag_type1
                0x08003434       0x20 ./Application/littlefs/lfs.o
 .text.lfs_tag_type2
                0x08003454       0x20 ./Application/littlefs/lfs.o
 .text.lfs_tag_type3
                0x08003474       0x20 ./Application/littlefs/lfs.o
 .text.lfs_tag_chunk
                0x08003494       0x1a ./Application/littlefs/lfs.o
 .text.lfs_tag_splice
                0x080034ae       0x1a ./Application/littlefs/lfs.o
 .text.lfs_tag_id
                0x080034c8       0x20 ./Application/littlefs/lfs.o
 .text.lfs_tag_size
                0x080034e8       0x1a ./Application/littlefs/lfs.o
 .text.lfs_tag_dsize
                0x08003502       0x28 ./Application/littlefs/lfs.o
 .text.lfs_gstate_xor
                0x0800352a       0x40 ./Application/littlefs/lfs.o
 .text.lfs_gstate_iszero
                0x0800356a       0x38 ./Application/littlefs/lfs.o
 .text.lfs_gstate_hasorphans
                0x080035a2       0x26 ./Application/littlefs/lfs.o
 .text.lfs_gstate_getorphans
                0x080035c8       0x1e ./Application/littlefs/lfs.o
 .text.lfs_gstate_hasmove
                0x080035e6       0x26 ./Application/littlefs/lfs.o
 .text.lfs_gstate_needssuperblock
                0x0800360c       0x28 ./Application/littlefs/lfs.o
 .text.lfs_gstate_hasmovehere
                0x08003634       0x40 ./Application/littlefs/lfs.o
 .text.lfs_gstate_fromle32
                0x08003674       0x40 ./Application/littlefs/lfs.o
 .text.lfs_gstate_tole32
                0x080036b4       0x40 ./Application/littlefs/lfs.o
 .text.lfs_fcrc_fromle32
                0x080036f4       0x30 ./Application/littlefs/lfs.o
 .text.lfs_fcrc_tole32
                0x08003724       0x30 ./Application/littlefs/lfs.o
 .text.lfs_ctz_fromle32
                0x08003754       0x30 ./Application/littlefs/lfs.o
 .text.lfs_ctz_tole32
                0x08003784       0x30 ./Application/littlefs/lfs.o
 .text.lfs_superblock_fromle32
                0x080037b4       0x70 ./Application/littlefs/lfs.o
 .text.lfs_superblock_tole32
                0x08003824       0x70 ./Application/littlefs/lfs.o
 .text.lfs_mlist_isopen
                0x08003894       0x3a ./Application/littlefs/lfs.o
 .text.lfs_mlist_remove
                0x080038ce       0x44 ./Application/littlefs/lfs.o
 .text.lfs_mlist_append
                0x08003912       0x24 ./Application/littlefs/lfs.o
 *fill*         0x08003936        0x2 
 .text.lfs_fs_disk_version
                0x08003938       0x1c ./Application/littlefs/lfs.o
 .text.lfs_fs_disk_version_major
                0x08003954       0x1c ./Application/littlefs/lfs.o
 .text.lfs_fs_disk_version_minor
                0x08003970       0x1a ./Application/littlefs/lfs.o
 .text.lfs_alloc_ckpoint
                0x0800398a       0x1c ./Application/littlefs/lfs.o
 .text.lfs_alloc_drop
                0x080039a6       0x22 ./Application/littlefs/lfs.o
 .text.lfs_alloc_lookahead
                0x080039c8       0x6a ./Application/littlefs/lfs.o
 *fill*         0x08003a32        0x2 
 .text.lfs_alloc_scan
                0x08003a34       0x84 ./Application/littlefs/lfs.o
 .text.lfs_alloc
                0x08003ab8      0x110 ./Application/littlefs/lfs.o
 .text.lfs_dir_getslice
                0x08003bc8      0x1ec ./Application/littlefs/lfs.o
 .text.lfs_dir_get
                0x08003db4       0x36 ./Application/littlefs/lfs.o
 .text.lfs_dir_getread
                0x08003dea      0x1b6 ./Application/littlefs/lfs.o
 .text.lfs_dir_traverse_filter
                0x08003fa0       0xb8 ./Application/littlefs/lfs.o
 .text.lfs_dir_traverse
                0x08004058      0x7c8 ./Application/littlefs/lfs.o
 .text.lfs_dir_fetchmatch
                0x08004820      0x7a0 ./Application/littlefs/lfs.o
 .text.lfs_dir_fetch
                0x08004fc0       0x36 ./Application/littlefs/lfs.o
 *fill*         0x08004ff6        0x2 
 .text.lfs_dir_getgstate
                0x08004ff8       0x64 ./Application/littlefs/lfs.o
 .text.lfs_dir_find_match
                0x0800505c       0x92 ./Application/littlefs/lfs.o
 *fill*         0x080050ee        0x2 
 .text.lfs_dir_find
                0x080050f0      0x208 ./Application/littlefs/lfs.o
 .text.lfs_dir_commitprog
                0x080052f8       0x6c ./Application/littlefs/lfs.o
 .text.lfs_dir_commitattr
                0x08005364      0x100 ./Application/littlefs/lfs.o
 .text.lfs_dir_commitcrc
                0x08005464      0x2e0 ./Application/littlefs/lfs.o
 .text.lfs_dir_alloc
                0x08005744       0xf2 ./Application/littlefs/lfs.o
 .text.lfs_dir_split
                0x08005836       0xa8 ./Application/littlefs/lfs.o
 .text.lfs_dir_commit_size
                0x080058de       0x2c ./Application/littlefs/lfs.o
 .text.lfs_dir_commit_commit
                0x0800590a       0x2a ./Application/littlefs/lfs.o
 .text.lfs_dir_needsrelocation
                0x08005934       0x4c ./Application/littlefs/lfs.o
 .text.lfs_dir_compact
                0x08005980      0x3f0 ./Application/littlefs/lfs.o
 .text.lfs_dir_splittingcompact
                0x08005d70      0x230 ./Application/littlefs/lfs.o
 .text.lfs_dir_relocatingcommit
                0x08005fa0      0x58c ./Application/littlefs/lfs.o
 .text.lfs_dir_orphaningcommit
                0x0800652c      0x5f4 ./Application/littlefs/lfs.o
 .text.lfs_dir_commit
                0x08006b20       0x4a ./Application/littlefs/lfs.o
 .text.lfs_ctz_index
                0x08006b6a       0x70 ./Application/littlefs/lfs.o
 .text.lfs_ctz_find
                0x08006bda       0xd6 ./Application/littlefs/lfs.o
 .text.lfs_ctz_extend
                0x08006cb0      0x214 ./Application/littlefs/lfs.o
 .text.lfs_ctz_traverse
                0x08006ec4       0xf8 ./Application/littlefs/lfs.o
 .text.lfs_file_opencfg_
                0x08006fbc      0x3c0 ./Application/littlefs/lfs.o
 .text.lfs_file_open_
                0x0800737c       0x30 ./Application/littlefs/lfs.o
 .text.lfs_file_close_
                0x080073ac       0x3a ./Application/littlefs/lfs.o
 *fill*         0x080073e6        0x2 
 .text.lfs_file_relocate
                0x080073e8      0x1b4 ./Application/littlefs/lfs.o
 .text.lfs_file_outline
                0x0800759c       0x42 ./Application/littlefs/lfs.o
 *fill*         0x080075de        0x2 
 .text.lfs_file_flush
                0x080075e0      0x1a8 ./Application/littlefs/lfs.o
 .text.lfs_file_sync_
                0x08007788      0x140 ./Application/littlefs/lfs.o
 .text.lfs_file_flushedread
                0x080078c8      0x1a4 ./Application/littlefs/lfs.o
 .text.lfs_file_flushedwrite
                0x08007a6c      0x21e ./Application/littlefs/lfs.o
 *fill*         0x08007c8a        0x2 
 .text.lfs_file_write_
                0x08007c8c      0x108 ./Application/littlefs/lfs.o
 .text.lfs_init
                0x08007d94      0x5d4 ./Application/littlefs/lfs.o
 .text.lfs_deinit
                0x08008368       0x4e ./Application/littlefs/lfs.o
 *fill*         0x080083b6        0x2 
 .text.lfs_format_
                0x080083b8      0x164 ./Application/littlefs/lfs.o
 .text.lfs_tortoise_detectcycles
                0x0800851c       0x80 ./Application/littlefs/lfs.o
 .text.lfs_mount_
                0x0800859c      0x404 ./Application/littlefs/lfs.o
 .text.lfs_unmount_
                0x080089a0       0x18 ./Application/littlefs/lfs.o
 .text.lfs_fs_traverse_
                0x080089b8      0x260 ./Application/littlefs/lfs.o
 .text.lfs_fs_pred
                0x08008c18       0x9c ./Application/littlefs/lfs.o
 .text.lfs_fs_parent_match
                0x08008cb4       0x84 ./Application/littlefs/lfs.o
 .text.lfs_fs_parent
                0x08008d38       0xbc ./Application/littlefs/lfs.o
 .text.lfs_fs_prepsuperblock
                0x08008df4       0x2a ./Application/littlefs/lfs.o
 *fill*         0x08008e1e        0x2 
 .text.lfs_fs_preporphans
                0x08008e20       0xa0 ./Application/littlefs/lfs.o
 .text.lfs_fs_prepmove
                0x08008ec0       0x74 ./Application/littlefs/lfs.o
 .text.lfs_fs_desuperblock
                0x08008f34       0xd8 ./Application/littlefs/lfs.o
 .text.lfs_fs_demove
                0x0800900c       0xf8 ./Application/littlefs/lfs.o
 .text.lfs_fs_deorphan
                0x08009104      0x360 ./Application/littlefs/lfs.o
 .text.lfs_fs_forceconsistency
                0x08009464       0x4a ./Application/littlefs/lfs.o
 .text.lfs_fs_size_count
                0x080094ae       0x26 ./Application/littlefs/lfs.o
 .text.lfs_fs_size_
                0x080094d4       0x34 ./Application/littlefs/lfs.o
 .text.lfs_format
                0x08009508       0x2c ./Application/littlefs/lfs.o
                0x08009508                lfs_format
 .text.lfs_mount
                0x08009534       0x2c ./Application/littlefs/lfs.o
                0x08009534                lfs_mount
 .text.lfs_file_open
                0x08009560       0x68 ./Application/littlefs/lfs.o
                0x08009560                lfs_file_open
 .text.lfs_file_close
                0x080095c8       0x58 ./Application/littlefs/lfs.o
                0x080095c8                lfs_file_close
 .text.lfs_file_write
                0x08009620       0x60 ./Application/littlefs/lfs.o
                0x08009620                lfs_file_write
 .text.lfs_crc  0x08009680       0x7c ./Application/littlefs/lfs_util.o
                0x08009680                lfs_crc
 .text.MX25LM51245G_GetFlashInfo
                0x080096fc       0x5e ./Drivers/BSP/Components/mx25lm51245g/mx25lm51245g.o
                0x080096fc                MX25LM51245G_GetFlashInfo
 .text.MX25LM51245G_AutoPollingMemReady
                0x0800975a      0x164 ./Drivers/BSP/Components/mx25lm51245g/mx25lm51245g.o
                0x0800975a                MX25LM51245G_AutoPollingMemReady
 .text.MX25LM51245G_ReadSTR
                0x080098be      0x112 ./Drivers/BSP/Components/mx25lm51245g/mx25lm51245g.o
                0x080098be                MX25LM51245G_ReadSTR
 .text.MX25LM51245G_ReadDTR
                0x080099d0       0xac ./Drivers/BSP/Components/mx25lm51245g/mx25lm51245g.o
                0x080099d0                MX25LM51245G_ReadDTR
 .text.MX25LM51245G_PageProgram
                0x08009a7c      0x108 ./Drivers/BSP/Components/mx25lm51245g/mx25lm51245g.o
                0x08009a7c                MX25LM51245G_PageProgram
 .text.MX25LM51245G_PageProgramDTR
                0x08009b84       0xaa ./Drivers/BSP/Components/mx25lm51245g/mx25lm51245g.o
                0x08009b84                MX25LM51245G_PageProgramDTR
 .text.MX25LM51245G_BlockErase
                0x08009c2e      0x136 ./Drivers/BSP/Components/mx25lm51245g/mx25lm51245g.o
                0x08009c2e                MX25LM51245G_BlockErase
 .text.MX25LM51245G_WriteEnable
                0x08009d64      0x1a0 ./Drivers/BSP/Components/mx25lm51245g/mx25lm51245g.o
                0x08009d64                MX25LM51245G_WriteEnable
 .text.MX25LM51245G_ReadStatusRegister
                0x08009f04      0x13c ./Drivers/BSP/Components/mx25lm51245g/mx25lm51245g.o
                0x08009f04                MX25LM51245G_ReadStatusRegister
 .text.MX25LM51245G_WriteCfg2Register
                0x0800a040      0x12a ./Drivers/BSP/Components/mx25lm51245g/mx25lm51245g.o
                0x0800a040                MX25LM51245G_WriteCfg2Register
 .text.MX25LM51245G_ReadCfg2Register
                0x0800a16a      0x13e ./Drivers/BSP/Components/mx25lm51245g/mx25lm51245g.o
                0x0800a16a                MX25LM51245G_ReadCfg2Register
 .text.MX25LM51245G_ReadSecurityRegister
                0x0800a2a8      0x13c ./Drivers/BSP/Components/mx25lm51245g/mx25lm51245g.o
                0x0800a2a8                MX25LM51245G_ReadSecurityRegister
 .text.MX25LM51245G_ResetEnable
                0x0800a3e4       0xb0 ./Drivers/BSP/Components/mx25lm51245g/mx25lm51245g.o
                0x0800a3e4                MX25LM51245G_ResetEnable
 .text.MX25LM51245G_ResetMemory
                0x0800a494       0xb0 ./Drivers/BSP/Components/mx25lm51245g/mx25lm51245g.o
                0x0800a494                MX25LM51245G_ResetMemory
 .text.BSP_XSPI_NOR_Init
                0x0800a544      0x134 ./Drivers/BSP/STM32H573I-DK/stm32h573i_discovery_xspi.o
                0x0800a544                BSP_XSPI_NOR_Init
 .text.MX_XSPI_NOR_Init
                0x0800a678       0x8c ./Drivers/BSP/STM32H573I-DK/stm32h573i_discovery_xspi.o
                0x0800a678                MX_XSPI_NOR_Init
 .text.BSP_XSPI_NOR_Read
                0x0800a704       0xac ./Drivers/BSP/STM32H573I-DK/stm32h573i_discovery_xspi.o
                0x0800a704                BSP_XSPI_NOR_Read
 .text.BSP_XSPI_NOR_Write
                0x0800a7b0      0x1cc ./Drivers/BSP/STM32H573I-DK/stm32h573i_discovery_xspi.o
                0x0800a7b0                BSP_XSPI_NOR_Write
 .text.BSP_XSPI_NOR_Erase_Block
                0x0800a97c       0xfc ./Drivers/BSP/STM32H573I-DK/stm32h573i_discovery_xspi.o
                0x0800a97c                BSP_XSPI_NOR_Erase_Block
 .text.BSP_XSPI_NOR_GetStatus
                0x0800aa78       0xec ./Drivers/BSP/STM32H573I-DK/stm32h573i_discovery_xspi.o
                0x0800aa78                BSP_XSPI_NOR_GetStatus
 .text.BSP_XSPI_NOR_ConfigFlash
                0x0800ab64      0x118 ./Drivers/BSP/STM32H573I-DK/stm32h573i_discovery_xspi.o
                0x0800ab64                BSP_XSPI_NOR_ConfigFlash
 .text.XSPI_NOR_MspInit
                0x0800ac7c      0x304 ./Drivers/BSP/STM32H573I-DK/stm32h573i_discovery_xspi.o
 .text.XSPI_NOR_ResetMemory
                0x0800af80      0x168 ./Drivers/BSP/STM32H573I-DK/stm32h573i_discovery_xspi.o
 .text.XSPI_NOR_EnterDOPIMode
                0x0800b0e8      0x1cc ./Drivers/BSP/STM32H573I-DK/stm32h573i_discovery_xspi.o
 .text.XSPI_NOR_EnterSOPIMode
                0x0800b2b4      0x184 ./Drivers/BSP/STM32H573I-DK/stm32h573i_discovery_xspi.o
 .text.XSPI_NOR_ExitOPIMode
                0x0800b438      0x160 ./Drivers/BSP/STM32H573I-DK/stm32h573i_discovery_xspi.o
 .text.OSPI1_DLYB_Enable
                0x0800b598       0x4c ./Drivers/BSP/STM32H573I-DK/stm32h573i_discovery_xspi.o
 .text.SystemInit
                0x0800b5e4       0xf8 ./Drivers/CMSIS/system_stm32h5xx.o
                0x0800b5e4                SystemInit
 .text.HAL_Init
                0x0800b6dc       0x50 ./Drivers/STM32H5xx_HAL_Driver/stm32h5xx_hal.o
                0x0800b6dc                HAL_Init
 .text.HAL_InitTick
                0x0800b72c       0xec ./Drivers/STM32H5xx_HAL_Driver/stm32h5xx_hal.o
                0x0800b72c                HAL_InitTick
 .text.HAL_IncTick
                0x0800b818       0x28 ./Drivers/STM32H5xx_HAL_Driver/stm32h5xx_hal.o
                0x0800b818                HAL_IncTick
 .text.HAL_GetTick
                0x0800b840       0x18 ./Drivers/STM32H5xx_HAL_Driver/stm32h5xx_hal.o
                0x0800b840                HAL_GetTick
 .text.HAL_Delay
                0x0800b858       0x48 ./Drivers/STM32H5xx_HAL_Driver/stm32h5xx_hal.o
                0x0800b858                HAL_Delay
 .text.__NVIC_SetPriorityGrouping
                0x0800b8a0       0x48 ./Drivers/STM32H5xx_HAL_Driver/stm32h5xx_hal_cortex.o
 .text.__NVIC_GetPriorityGrouping
                0x0800b8e8       0x1c ./Drivers/STM32H5xx_HAL_Driver/stm32h5xx_hal_cortex.o
 .text.__NVIC_EnableIRQ
                0x0800b904       0x3c ./Drivers/STM32H5xx_HAL_Driver/stm32h5xx_hal_cortex.o
 .text.__NVIC_SetPriority
                0x0800b940       0x54 ./Drivers/STM32H5xx_HAL_Driver/stm32h5xx_hal_cortex.o
 .text.NVIC_EncodePriority
                0x0800b994       0x66 ./Drivers/STM32H5xx_HAL_Driver/stm32h5xx_hal_cortex.o
 .text.HAL_NVIC_SetPriorityGrouping
                0x0800b9fa       0x16 ./Drivers/STM32H5xx_HAL_Driver/stm32h5xx_hal_cortex.o
                0x0800b9fa                HAL_NVIC_SetPriorityGrouping
 .text.HAL_NVIC_SetPriority
                0x0800ba10       0x34 ./Drivers/STM32H5xx_HAL_Driver/stm32h5xx_hal_cortex.o
                0x0800ba10                HAL_NVIC_SetPriority
 .text.HAL_NVIC_EnableIRQ
                0x0800ba44       0x1c ./Drivers/STM32H5xx_HAL_Driver/stm32h5xx_hal_cortex.o
                0x0800ba44                HAL_NVIC_EnableIRQ
 .text.HAL_SYSTICK_Config
                0x0800ba60       0x44 ./Drivers/STM32H5xx_HAL_Driver/stm32h5xx_hal_cortex.o
                0x0800ba60                HAL_SYSTICK_Config
 .text.HAL_SYSTICK_CLKSourceConfig
                0x0800baa4       0xb0 ./Drivers/STM32H5xx_HAL_Driver/stm32h5xx_hal_cortex.o
                0x0800baa4                HAL_SYSTICK_CLKSourceConfig
 .text.HAL_SYSTICK_GetCLKSourceConfig
                0x0800bb54       0x6c ./Drivers/STM32H5xx_HAL_Driver/stm32h5xx_hal_cortex.o
                0x0800bb54                HAL_SYSTICK_GetCLKSourceConfig
 .text.HAL_DMA_Init
                0x0800bbc0      0x284 ./Drivers/STM32H5xx_HAL_Driver/stm32h5xx_hal_dma.o
                0x0800bbc0                HAL_DMA_Init
 .text.HAL_DMA_Abort
                0x0800be44       0xf8 ./Drivers/STM32H5xx_HAL_Driver/stm32h5xx_hal_dma.o
                0x0800be44                HAL_DMA_Abort
 .text.HAL_DMA_Abort_IT
                0x0800bf3c       0x52 ./Drivers/STM32H5xx_HAL_Driver/stm32h5xx_hal_dma.o
                0x0800bf3c                HAL_DMA_Abort_IT
 .text.HAL_DMA_ConfigChannelAttributes
                0x0800bf8e       0x78 ./Drivers/STM32H5xx_HAL_Driver/stm32h5xx_hal_dma.o
                0x0800bf8e                HAL_DMA_ConfigChannelAttributes
 *fill*         0x0800c006        0x2 
 .text.DMA_Init
                0x0800c008      0x508 ./Drivers/STM32H5xx_HAL_Driver/stm32h5xx_hal_dma.o
 .text.HAL_GPIO_Init
                0x0800c510      0x2bc ./Drivers/STM32H5xx_HAL_Driver/stm32h5xx_hal_gpio.o
                0x0800c510                HAL_GPIO_Init
 .text.HAL_GPIO_WritePin
                0x0800c7cc       0x30 ./Drivers/STM32H5xx_HAL_Driver/stm32h5xx_hal_gpio.o
                0x0800c7cc                HAL_GPIO_WritePin
 .text.HAL_GPIO_TogglePin
                0x0800c7fc       0x34 ./Drivers/STM32H5xx_HAL_Driver/stm32h5xx_hal_gpio.o
                0x0800c7fc                HAL_GPIO_TogglePin
 .text.HAL_GPIO_EnableHighSPeedLowVoltage
                0x0800c830       0x24 ./Drivers/STM32H5xx_HAL_Driver/stm32h5xx_hal_gpio.o
                0x0800c830                HAL_GPIO_EnableHighSPeedLowVoltage
 .text.HAL_ICACHE_Enable
                0x0800c854       0x20 ./Drivers/STM32H5xx_HAL_Driver/stm32h5xx_hal_icache.o
                0x0800c854                HAL_ICACHE_Enable
 .text.HAL_RCC_OscConfig
                0x0800c874      0x870 ./Drivers/STM32H5xx_HAL_Driver/stm32h5xx_hal_rcc.o
                0x0800c874                HAL_RCC_OscConfig
 .text.HAL_RCC_ClockConfig
                0x0800d0e4      0x370 ./Drivers/STM32H5xx_HAL_Driver/stm32h5xx_hal_rcc.o
                0x0800d0e4                HAL_RCC_ClockConfig
 .text.HAL_RCC_GetSysClockFreq
                0x0800d454      0x258 ./Drivers/STM32H5xx_HAL_Driver/stm32h5xx_hal_rcc.o
                0x0800d454                HAL_RCC_GetSysClockFreq
 .text.HAL_RCC_GetHCLKFreq
                0x0800d6ac       0x38 ./Drivers/STM32H5xx_HAL_Driver/stm32h5xx_hal_rcc.o
                0x0800d6ac                HAL_RCC_GetHCLKFreq
 .text.HAL_RCC_GetPCLK1Freq
                0x0800d6e4       0x2c ./Drivers/STM32H5xx_HAL_Driver/stm32h5xx_hal_rcc.o
                0x0800d6e4                HAL_RCC_GetPCLK1Freq
 .text.HAL_RCC_GetPCLK2Freq
                0x0800d710       0x2c ./Drivers/STM32H5xx_HAL_Driver/stm32h5xx_hal_rcc.o
                0x0800d710                HAL_RCC_GetPCLK2Freq
 .text.HAL_RCC_GetPCLK3Freq
                0x0800d73c       0x2c ./Drivers/STM32H5xx_HAL_Driver/stm32h5xx_hal_rcc.o
                0x0800d73c                HAL_RCC_GetPCLK3Freq
 .text.HAL_RCCEx_PeriphCLKConfig
                0x0800d768     0x1f14 ./Drivers/STM32H5xx_HAL_Driver/stm32h5xx_hal_rcc_ex.o
                0x0800d768                HAL_RCCEx_PeriphCLKConfig
 .text.HAL_RCCEx_GetPLL1ClockFreq
                0x0800f67c      0x2d8 ./Drivers/STM32H5xx_HAL_Driver/stm32h5xx_hal_rcc_ex.o
                0x0800f67c                HAL_RCCEx_GetPLL1ClockFreq
 .text.HAL_RCCEx_GetPLL2ClockFreq
                0x0800f954      0x2d8 ./Drivers/STM32H5xx_HAL_Driver/stm32h5xx_hal_rcc_ex.o
                0x0800f954                HAL_RCCEx_GetPLL2ClockFreq
 .text.HAL_RCCEx_GetPLL3ClockFreq
                0x0800fc2c      0x2d8 ./Drivers/STM32H5xx_HAL_Driver/stm32h5xx_hal_rcc_ex.o
                0x0800fc2c                HAL_RCCEx_GetPLL3ClockFreq
 .text.HAL_RCCEx_GetPeriphCLKFreq
                0x0800ff04     0x26b4 ./Drivers/STM32H5xx_HAL_Driver/stm32h5xx_hal_rcc_ex.o
                0x0800ff04                HAL_RCCEx_GetPeriphCLKFreq
 .text.RCCEx_PLL2_Config
                0x080125b8      0x130 ./Drivers/STM32H5xx_HAL_Driver/stm32h5xx_hal_rcc_ex.o
 .text.RCCEx_PLL3_Config
                0x080126e8      0x130 ./Drivers/STM32H5xx_HAL_Driver/stm32h5xx_hal_rcc_ex.o
 .text.LL_DLYB_Enable
                0x08012818       0x20 ./Drivers/STM32H5xx_HAL_Driver/stm32h5xx_hal_xspi.o
 .text.LL_DLYB_Disable
                0x08012838       0x20 ./Drivers/STM32H5xx_HAL_Driver/stm32h5xx_hal_xspi.o
 .text.HAL_XSPI_Init
                0x08012858      0x1b0 ./Drivers/STM32H5xx_HAL_Driver/stm32h5xx_hal_xspi.o
                0x08012858                HAL_XSPI_Init
 .text.HAL_XSPI_Command
                0x08012a08      0x120 ./Drivers/STM32H5xx_HAL_Driver/stm32h5xx_hal_xspi.o
                0x08012a08                HAL_XSPI_Command
 .text.HAL_XSPI_Transmit
                0x08012b28       0xe6 ./Drivers/STM32H5xx_HAL_Driver/stm32h5xx_hal_xspi.o
                0x08012b28                HAL_XSPI_Transmit
 .text.HAL_XSPI_Receive
                0x08012c0e      0x146 ./Drivers/STM32H5xx_HAL_Driver/stm32h5xx_hal_xspi.o
                0x08012c0e                HAL_XSPI_Receive
 .text.HAL_XSPI_AutoPolling
                0x08012d54      0x114 ./Drivers/STM32H5xx_HAL_Driver/stm32h5xx_hal_xspi.o
                0x08012d54                HAL_XSPI_AutoPolling
 .text.HAL_XSPI_Abort
                0x08012e68      0x10e ./Drivers/STM32H5xx_HAL_Driver/stm32h5xx_hal_xspi.o
                0x08012e68                HAL_XSPI_Abort
 .text.HAL_XSPI_SetTimeout
                0x08012f76       0x1e ./Drivers/STM32H5xx_HAL_Driver/stm32h5xx_hal_xspi.o
                0x08012f76                HAL_XSPI_SetTimeout
 .text.HAL_XSPI_DLYB_SetConfig
                0x08012f94       0x78 ./Drivers/STM32H5xx_HAL_Driver/stm32h5xx_hal_xspi.o
                0x08012f94                HAL_XSPI_DLYB_SetConfig
 .text.HAL_XSPI_DLYB_GetClockPeriod
                0x0801300c       0x84 ./Drivers/STM32H5xx_HAL_Driver/stm32h5xx_hal_xspi.o
                0x0801300c                HAL_XSPI_DLYB_GetClockPeriod
 .text.XSPI_WaitFlagStateUntilTimeout
                0x08013090       0x6c ./Drivers/STM32H5xx_HAL_Driver/stm32h5xx_hal_xspi.o
 .text.XSPI_ConfigCmd
                0x080130fc      0x350 ./Drivers/STM32H5xx_HAL_Driver/stm32h5xx_hal_xspi.o
 .text.LL_DLYB_SetDelay
                0x0801344c       0x3e ./Drivers/STM32H5xx_HAL_Driver/stm32h5xx_ll_dlyb.o
                0x0801344c                LL_DLYB_SetDelay
 *fill*         0x0801348a        0x2 
 .text.LL_DLYB_GetClockPeriod
                0x0801348c       0xdc ./Drivers/STM32H5xx_HAL_Driver/stm32h5xx_ll_dlyb.o
                0x0801348c                LL_DLYB_GetClockPeriod
 .text.__assert_func
                0x08013568       0x3c C:/ST/STM32CubeIDE_1.13.2/STM32CubeIDE/plugins/com.st.stm32cube.ide.mcu.externaltools.gnu-tools-for-stm32.13.3.rel1.win32_1.0.0.202411081344/tools/bin/../lib/gcc/arm-none-eabi/13.3.1/../../../../arm-none-eabi/lib/thumb/v8-m.main+fp/hard\libc_nano.a(libc_a-assert.o)
                0x08013568                __assert_func
 .text.malloc   0x080135a4       0x10 C:/ST/STM32CubeIDE_1.13.2/STM32CubeIDE/plugins/com.st.stm32cube.ide.mcu.externaltools.gnu-tools-for-stm32.13.3.rel1.win32_1.0.0.202411081344/tools/bin/../lib/gcc/arm-none-eabi/13.3.1/../../../../arm-none-eabi/lib/thumb/v8-m.main+fp/hard\libc_nano.a(libc_a-malloc.o)
                0x080135a4                malloc
 .text.free     0x080135b4       0x10 C:/ST/STM32CubeIDE_1.13.2/STM32CubeIDE/plugins/com.st.stm32cube.ide.mcu.externaltools.gnu-tools-for-stm32.13.3.rel1.win32_1.0.0.202411081344/tools/bin/../lib/gcc/arm-none-eabi/13.3.1/../../../../arm-none-eabi/lib/thumb/v8-m.main+fp/hard\libc_nano.a(libc_a-malloc.o)
                0x080135b4                free
 .text.sbrk_aligned
                0x080135c4       0x44 C:/ST/STM32CubeIDE_1.13.2/STM32CubeIDE/plugins/com.st.stm32cube.ide.mcu.externaltools.gnu-tools-for-stm32.13.3.rel1.win32_1.0.0.202411081344/tools/bin/../lib/gcc/arm-none-eabi/13.3.1/../../../../arm-none-eabi/lib/thumb/v8-m.main+fp/hard\libc_nano.a(libc_a-mallocr.o)
 .text._malloc_r
                0x08013608      0x100 C:/ST/STM32CubeIDE_1.13.2/STM32CubeIDE/plugins/com.st.stm32cube.ide.mcu.externaltools.gnu-tools-for-stm32.13.3.rel1.win32_1.0.0.202411081344/tools/bin/../lib/gcc/arm-none-eabi/13.3.1/../../../../arm-none-eabi/lib/thumb/v8-m.main+fp/hard\libc_nano.a(libc_a-mallocr.o)
                0x08013608                _malloc_r
 .text.__malloc_lock
                0x08013708        0xc C:/ST/STM32CubeIDE_1.13.2/STM32CubeIDE/plugins/com.st.stm32cube.ide.mcu.externaltools.gnu-tools-for-stm32.13.3.rel1.win32_1.0.0.202411081344/tools/bin/../lib/gcc/arm-none-eabi/13.3.1/../../../../arm-none-eabi/lib/thumb/v8-m.main+fp/hard\libc_nano.a(libc_a-mlock.o)
                0x08013708                __malloc_lock
 .text.__malloc_unlock
                0x08013714        0xc C:/ST/STM32CubeIDE_1.13.2/STM32CubeIDE/plugins/com.st.stm32cube.ide.mcu.externaltools.gnu-tools-for-stm32.13.3.rel1.win32_1.0.0.202411081344/tools/bin/../lib/gcc/arm-none-eabi/13.3.1/../../../../arm-none-eabi/lib/thumb/v8-m.main+fp/hard\libc_nano.a(libc_a-mlock.o)
                0x08013714                __malloc_unlock
 .text.std      0x08013720       0x6c C:/ST/STM32CubeIDE_1.13.2/STM32CubeIDE/plugins/com.st.stm32cube.ide.mcu.externaltools.gnu-tools-for-stm32.13.3.rel1.win32_1.0.0.202411081344/tools/bin/../lib/gcc/arm-none-eabi/13.3.1/../../../../arm-none-eabi/lib/thumb/v8-m.main+fp/hard\libc_nano.a(libc_a-findfp.o)
 .text.stdio_exit_handler
                0x0801378c       0x18 C:/ST/STM32CubeIDE_1.13.2/STM32CubeIDE/plugins/com.st.stm32cube.ide.mcu.externaltools.gnu-tools-for-stm32.13.3.rel1.win32_1.0.0.202411081344/tools/bin/../lib/gcc/arm-none-eabi/13.3.1/../../../../arm-none-eabi/lib/thumb/v8-m.main+fp/hard\libc_nano.a(libc_a-findfp.o)
 .text.cleanup_stdio
                0x080137a4       0x40 C:/ST/STM32CubeIDE_1.13.2/STM32CubeIDE/plugins/com.st.stm32cube.ide.mcu.externaltools.gnu-tools-for-stm32.13.3.rel1.win32_1.0.0.202411081344/tools/bin/../lib/gcc/arm-none-eabi/13.3.1/../../../../arm-none-eabi/lib/thumb/v8-m.main+fp/hard\libc_nano.a(libc_a-findfp.o)
 .text.global_stdio_init.part.0
                0x080137e4       0x3c C:/ST/STM32CubeIDE_1.13.2/STM32CubeIDE/plugins/com.st.stm32cube.ide.mcu.externaltools.gnu-tools-for-stm32.13.3.rel1.win32_1.0.0.202411081344/tools/bin/../lib/gcc/arm-none-eabi/13.3.1/../../../../arm-none-eabi/lib/thumb/v8-m.main+fp/hard\libc_nano.a(libc_a-findfp.o)
 .text.__sfp_lock_acquire
                0x08013820        0xc C:/ST/STM32CubeIDE_1.13.2/STM32CubeIDE/plugins/com.st.stm32cube.ide.mcu.externaltools.gnu-tools-for-stm32.13.3.rel1.win32_1.0.0.202411081344/tools/bin/../lib/gcc/arm-none-eabi/13.3.1/../../../../arm-none-eabi/lib/thumb/v8-m.main+fp/hard\libc_nano.a(libc_a-findfp.o)
                0x08013820                __sfp_lock_acquire
 .text.__sfp_lock_release
                0x0801382c        0xc C:/ST/STM32CubeIDE_1.13.2/STM32CubeIDE/plugins/com.st.stm32cube.ide.mcu.externaltools.gnu-tools-for-stm32.13.3.rel1.win32_1.0.0.202411081344/tools/bin/../lib/gcc/arm-none-eabi/13.3.1/../../../../arm-none-eabi/lib/thumb/v8-m.main+fp/hard\libc_nano.a(libc_a-findfp.o)
                0x0801382c                __sfp_lock_release
 .text.__sinit  0x08013838       0x30 C:/ST/STM32CubeIDE_1.13.2/STM32CubeIDE/plugins/com.st.stm32cube.ide.mcu.externaltools.gnu-tools-for-stm32.13.3.rel1.win32_1.0.0.202411081344/tools/bin/../lib/gcc/arm-none-eabi/13.3.1/../../../../arm-none-eabi/lib/thumb/v8-m.main+fp/hard\libc_nano.a(libc_a-findfp.o)
                0x08013838                __sinit
 .text.fprintf  0x08013868       0x24 C:/ST/STM32CubeIDE_1.13.2/STM32CubeIDE/plugins/com.st.stm32cube.ide.mcu.externaltools.gnu-tools-for-stm32.13.3.rel1.win32_1.0.0.202411081344/tools/bin/../lib/gcc/arm-none-eabi/13.3.1/../../../../arm-none-eabi/lib/thumb/v8-m.main+fp/hard\libc_nano.a(libc_a-fprintf.o)
                0x08013868                fiprintf
                0x08013868                fprintf
 .text._fwalk_sglue
                0x0801388c       0x3c C:/ST/STM32CubeIDE_1.13.2/STM32CubeIDE/plugins/com.st.stm32cube.ide.mcu.externaltools.gnu-tools-for-stm32.13.3.rel1.win32_1.0.0.202411081344/tools/bin/../lib/gcc/arm-none-eabi/13.3.1/../../../../arm-none-eabi/lib/thumb/v8-m.main+fp/hard\libc_nano.a(libc_a-fwalk.o)
                0x0801388c                _fwalk_sglue
 .text.printf   0x080138c8       0x24 C:/ST/STM32CubeIDE_1.13.2/STM32CubeIDE/plugins/com.st.stm32cube.ide.mcu.externaltools.gnu-tools-for-stm32.13.3.rel1.win32_1.0.0.202411081344/tools/bin/../lib/gcc/arm-none-eabi/13.3.1/../../../../arm-none-eabi/lib/thumb/v8-m.main+fp/hard\libc_nano.a(libc_a-printf.o)
                0x080138c8                iprintf
                0x080138c8                printf
 .text._puts_r  0x080138ec       0xaa C:/ST/STM32CubeIDE_1.13.2/STM32CubeIDE/plugins/com.st.stm32cube.ide.mcu.externaltools.gnu-tools-for-stm32.13.3.rel1.win32_1.0.0.202411081344/tools/bin/../lib/gcc/arm-none-eabi/13.3.1/../../../../arm-none-eabi/lib/thumb/v8-m.main+fp/hard\libc_nano.a(libc_a-puts.o)
                0x080138ec                _puts_r
 *fill*         0x08013996        0x2 
 .text.puts     0x08013998       0x10 C:/ST/STM32CubeIDE_1.13.2/STM32CubeIDE/plugins/com.st.stm32cube.ide.mcu.externaltools.gnu-tools-for-stm32.13.3.rel1.win32_1.0.0.202411081344/tools/bin/../lib/gcc/arm-none-eabi/13.3.1/../../../../arm-none-eabi/lib/thumb/v8-m.main+fp/hard\libc_nano.a(libc_a-puts.o)
                0x08013998                puts
 .text.__sread  0x080139a8       0x22 C:/ST/STM32CubeIDE_1.13.2/STM32CubeIDE/plugins/com.st.stm32cube.ide.mcu.externaltools.gnu-tools-for-stm32.13.3.rel1.win32_1.0.0.202411081344/tools/bin/../lib/gcc/arm-none-eabi/13.3.1/../../../../arm-none-eabi/lib/thumb/v8-m.main+fp/hard\libc_nano.a(libc_a-stdio.o)
                0x080139a8                __sread
 .text.__swrite
                0x080139ca       0x38 C:/ST/STM32CubeIDE_1.13.2/STM32CubeIDE/plugins/com.st.stm32cube.ide.mcu.externaltools.gnu-tools-for-stm32.13.3.rel1.win32_1.0.0.202411081344/tools/bin/../lib/gcc/arm-none-eabi/13.3.1/../../../../arm-none-eabi/lib/thumb/v8-m.main+fp/hard\libc_nano.a(libc_a-stdio.o)
                0x080139ca                __swrite
 .text.__sseek  0x08013a02       0x24 C:/ST/STM32CubeIDE_1.13.2/STM32CubeIDE/plugins/com.st.stm32cube.ide.mcu.externaltools.gnu-tools-for-stm32.13.3.rel1.win32_1.0.0.202411081344/tools/bin/../lib/gcc/arm-none-eabi/13.3.1/../../../../arm-none-eabi/lib/thumb/v8-m.main+fp/hard\libc_nano.a(libc_a-stdio.o)
                0x08013a02                __sseek
 .text.__sclose
                0x08013a26        0x8 C:/ST/STM32CubeIDE_1.13.2/STM32CubeIDE/plugins/com.st.stm32cube.ide.mcu.externaltools.gnu-tools-for-stm32.13.3.rel1.win32_1.0.0.202411081344/tools/bin/../lib/gcc/arm-none-eabi/13.3.1/../../../../arm-none-eabi/lib/thumb/v8-m.main+fp/hard\libc_nano.a(libc_a-stdio.o)
                0x08013a26                __sclose
 .text.__swbuf_r
                0x08013a2e       0x7c C:/ST/STM32CubeIDE_1.13.2/STM32CubeIDE/plugins/com.st.stm32cube.ide.mcu.externaltools.gnu-tools-for-stm32.13.3.rel1.win32_1.0.0.202411081344/tools/bin/../lib/gcc/arm-none-eabi/13.3.1/../../../../arm-none-eabi/lib/thumb/v8-m.main+fp/hard\libc_nano.a(libc_a-wbuf.o)
                0x08013a2e                __swbuf_r
 *fill*         0x08013aaa        0x2 
 .text.__swsetup_r
                0x08013aac       0xac C:/ST/STM32CubeIDE_1.13.2/STM32CubeIDE/plugins/com.st.stm32cube.ide.mcu.externaltools.gnu-tools-for-stm32.13.3.rel1.win32_1.0.0.202411081344/tools/bin/../lib/gcc/arm-none-eabi/13.3.1/../../../../arm-none-eabi/lib/thumb/v8-m.main+fp/hard\libc_nano.a(libc_a-wsetup.o)
                0x08013aac                __swsetup_r
 .text.memcmp   0x08013b58       0x20 C:/ST/STM32CubeIDE_1.13.2/STM32CubeIDE/plugins/com.st.stm32cube.ide.mcu.externaltools.gnu-tools-for-stm32.13.3.rel1.win32_1.0.0.202411081344/tools/bin/../lib/gcc/arm-none-eabi/13.3.1/../../../../arm-none-eabi/lib/thumb/v8-m.main+fp/hard\libc_nano.a(libc_a-memcmp.o)
                0x08013b58                memcmp
 .text.memset   0x08013b78       0x10 C:/ST/STM32CubeIDE_1.13.2/STM32CubeIDE/plugins/com.st.stm32cube.ide.mcu.externaltools.gnu-tools-for-stm32.13.3.rel1.win32_1.0.0.202411081344/tools/bin/../lib/gcc/arm-none-eabi/13.3.1/../../../../arm-none-eabi/lib/thumb/v8-m.main+fp/hard\libc_nano.a(libc_a-memset.o)
                0x08013b78                memset
 .text.strcspn  0x08013b88       0x22 C:/ST/STM32CubeIDE_1.13.2/STM32CubeIDE/plugins/com.st.stm32cube.ide.mcu.externaltools.gnu-tools-for-stm32.13.3.rel1.win32_1.0.0.202411081344/tools/bin/../lib/gcc/arm-none-eabi/13.3.1/../../../../arm-none-eabi/lib/thumb/v8-m.main+fp/hard\libc_nano.a(libc_a-strcspn.o)
                0x08013b88                strcspn
 .text.strspn   0x08013baa       0x20 C:/ST/STM32CubeIDE_1.13.2/STM32CubeIDE/plugins/com.st.stm32cube.ide.mcu.externaltools.gnu-tools-for-stm32.13.3.rel1.win32_1.0.0.202411081344/tools/bin/../lib/gcc/arm-none-eabi/13.3.1/../../../../arm-none-eabi/lib/thumb/v8-m.main+fp/hard\libc_nano.a(libc_a-strspn.o)
                0x08013baa                strspn
 *fill*         0x08013bca        0x2 
 .text._close_r
                0x08013bcc       0x20 C:/ST/STM32CubeIDE_1.13.2/STM32CubeIDE/plugins/com.st.stm32cube.ide.mcu.externaltools.gnu-tools-for-stm32.13.3.rel1.win32_1.0.0.202411081344/tools/bin/../lib/gcc/arm-none-eabi/13.3.1/../../../../arm-none-eabi/lib/thumb/v8-m.main+fp/hard\libc_nano.a(libc_a-closer.o)
                0x08013bcc                _close_r
 .text._lseek_r
                0x08013bec       0x24 C:/ST/STM32CubeIDE_1.13.2/STM32CubeIDE/plugins/com.st.stm32cube.ide.mcu.externaltools.gnu-tools-for-stm32.13.3.rel1.win32_1.0.0.202411081344/tools/bin/../lib/gcc/arm-none-eabi/13.3.1/../../../../arm-none-eabi/lib/thumb/v8-m.main+fp/hard\libc_nano.a(libc_a-lseekr.o)
                0x08013bec                _lseek_r
 .text._read_r  0x08013c10       0x24 C:/ST/STM32CubeIDE_1.13.2/STM32CubeIDE/plugins/com.st.stm32cube.ide.mcu.externaltools.gnu-tools-for-stm32.13.3.rel1.win32_1.0.0.202411081344/tools/bin/../lib/gcc/arm-none-eabi/13.3.1/../../../../arm-none-eabi/lib/thumb/v8-m.main+fp/hard\libc_nano.a(libc_a-readr.o)
                0x08013c10                _read_r
 .text._sbrk_r  0x08013c34       0x20 C:/ST/STM32CubeIDE_1.13.2/STM32CubeIDE/plugins/com.st.stm32cube.ide.mcu.externaltools.gnu-tools-for-stm32.13.3.rel1.win32_1.0.0.202411081344/tools/bin/../lib/gcc/arm-none-eabi/13.3.1/../../../../arm-none-eabi/lib/thumb/v8-m.main+fp/hard\libc_nano.a(libc_a-sbrkr.o)
                0x08013c34                _sbrk_r
 .text._write_r
                0x08013c54       0x24 C:/ST/STM32CubeIDE_1.13.2/STM32CubeIDE/plugins/com.st.stm32cube.ide.mcu.externaltools.gnu-tools-for-stm32.13.3.rel1.win32_1.0.0.202411081344/tools/bin/../lib/gcc/arm-none-eabi/13.3.1/../../../../arm-none-eabi/lib/thumb/v8-m.main+fp/hard\libc_nano.a(libc_a-writer.o)
                0x08013c54                _write_r
 .text.__errno  0x08013c78        0xc C:/ST/STM32CubeIDE_1.13.2/STM32CubeIDE/plugins/com.st.stm32cube.ide.mcu.externaltools.gnu-tools-for-stm32.13.3.rel1.win32_1.0.0.202411081344/tools/bin/../lib/gcc/arm-none-eabi/13.3.1/../../../../arm-none-eabi/lib/thumb/v8-m.main+fp/hard\libc_nano.a(libc_a-errno.o)
                0x08013c78                __errno
 .text.__libc_init_array
                0x08013c84       0x48 C:/ST/STM32CubeIDE_1.13.2/STM32CubeIDE/plugins/com.st.stm32cube.ide.mcu.externaltools.gnu-tools-for-stm32.13.3.rel1.win32_1.0.0.202411081344/tools/bin/../lib/gcc/arm-none-eabi/13.3.1/../../../../arm-none-eabi/lib/thumb/v8-m.main+fp/hard\libc_nano.a(libc_a-init.o)
                0x08013c84                __libc_init_array
 .text.__retarget_lock_init_recursive
                0x08013ccc        0x2 C:/ST/STM32CubeIDE_1.13.2/STM32CubeIDE/plugins/com.st.stm32cube.ide.mcu.externaltools.gnu-tools-for-stm32.13.3.rel1.win32_1.0.0.202411081344/tools/bin/../lib/gcc/arm-none-eabi/13.3.1/../../../../arm-none-eabi/lib/thumb/v8-m.main+fp/hard\libc_nano.a(libc_a-lock.o)
                0x08013ccc                __retarget_lock_init_recursive
 .text.__retarget_lock_acquire_recursive
                0x08013cce        0x2 C:/ST/STM32CubeIDE_1.13.2/STM32CubeIDE/plugins/com.st.stm32cube.ide.mcu.externaltools.gnu-tools-for-stm32.13.3.rel1.win32_1.0.0.202411081344/tools/bin/../lib/gcc/arm-none-eabi/13.3.1/../../../../arm-none-eabi/lib/thumb/v8-m.main+fp/hard\libc_nano.a(libc_a-lock.o)
                0x08013cce                __retarget_lock_acquire_recursive
 .text.__retarget_lock_release_recursive
                0x08013cd0        0x2 C:/ST/STM32CubeIDE_1.13.2/STM32CubeIDE/plugins/com.st.stm32cube.ide.mcu.externaltools.gnu-tools-for-stm32.13.3.rel1.win32_1.0.0.202411081344/tools/bin/../lib/gcc/arm-none-eabi/13.3.1/../../../../arm-none-eabi/lib/thumb/v8-m.main+fp/hard\libc_nano.a(libc_a-lock.o)
                0x08013cd0                __retarget_lock_release_recursive
 .text.memcpy   0x08013cd2       0x1a C:/ST/STM32CubeIDE_1.13.2/STM32CubeIDE/plugins/com.st.stm32cube.ide.mcu.externaltools.gnu-tools-for-stm32.13.3.rel1.win32_1.0.0.202411081344/tools/bin/../lib/gcc/arm-none-eabi/13.3.1/../../../../arm-none-eabi/lib/thumb/v8-m.main+fp/hard\libc_nano.a(libc_a-memcpy-stub.o)
                0x08013cd2                memcpy
 .text.abort    0x08013cec        0xe C:/ST/STM32CubeIDE_1.13.2/STM32CubeIDE/plugins/com.st.stm32cube.ide.mcu.externaltools.gnu-tools-for-stm32.13.3.rel1.win32_1.0.0.202411081344/tools/bin/../lib/gcc/arm-none-eabi/13.3.1/../../../../arm-none-eabi/lib/thumb/v8-m.main+fp/hard\libc_nano.a(libc_a-abort.o)
                0x08013cec                abort
 *fill*         0x08013cfa        0x2 
 .text._free_r  0x08013cfc       0x94 C:/ST/STM32CubeIDE_1.13.2/STM32CubeIDE/plugins/com.st.stm32cube.ide.mcu.externaltools.gnu-tools-for-stm32.13.3.rel1.win32_1.0.0.202411081344/tools/bin/../lib/gcc/arm-none-eabi/13.3.1/../../../../arm-none-eabi/lib/thumb/v8-m.main+fp/hard\libc_nano.a(libc_a-freer.o)
                0x08013cfc                _free_r
 .text.__sfputc_r
                0x08013d90       0x2e C:/ST/STM32CubeIDE_1.13.2/STM32CubeIDE/plugins/com.st.stm32cube.ide.mcu.externaltools.gnu-tools-for-stm32.13.3.rel1.win32_1.0.0.202411081344/tools/bin/../lib/gcc/arm-none-eabi/13.3.1/../../../../arm-none-eabi/lib/thumb/v8-m.main+fp/hard\libc_nano.a(libc_a-nano-vfprintf.o)
 .text.__sfputs_r
                0x08013dbe       0x24 C:/ST/STM32CubeIDE_1.13.2/STM32CubeIDE/plugins/com.st.stm32cube.ide.mcu.externaltools.gnu-tools-for-stm32.13.3.rel1.win32_1.0.0.202411081344/tools/bin/../lib/gcc/arm-none-eabi/13.3.1/../../../../arm-none-eabi/lib/thumb/v8-m.main+fp/hard\libc_nano.a(libc_a-nano-vfprintf.o)
                0x08013dbe                __sfputs_r
 *fill*         0x08013de2        0x2 
 .text._vfprintf_r
                0x08013de4      0x230 C:/ST/STM32CubeIDE_1.13.2/STM32CubeIDE/plugins/com.st.stm32cube.ide.mcu.externaltools.gnu-tools-for-stm32.13.3.rel1.win32_1.0.0.202411081344/tools/bin/../lib/gcc/arm-none-eabi/13.3.1/../../../../arm-none-eabi/lib/thumb/v8-m.main+fp/hard\libc_nano.a(libc_a-nano-vfprintf.o)
                0x08013de4                _vfprintf_r
                0x08013de4                _vfiprintf_r
 .text._printf_common
                0x08014014       0xe4 C:/ST/STM32CubeIDE_1.13.2/STM32CubeIDE/plugins/com.st.stm32cube.ide.mcu.externaltools.gnu-tools-for-stm32.13.3.rel1.win32_1.0.0.202411081344/tools/bin/../lib/gcc/arm-none-eabi/13.3.1/../../../../arm-none-eabi/lib/thumb/v8-m.main+fp/hard\libc_nano.a(libc_a-nano-vfprintf_i.o)
                0x08014014                _printf_common
 .text._printf_i
                0x080140f8      0x23c C:/ST/STM32CubeIDE_1.13.2/STM32CubeIDE/plugins/com.st.stm32cube.ide.mcu.externaltools.gnu-tools-for-stm32.13.3.rel1.win32_1.0.0.202411081344/tools/bin/../lib/gcc/arm-none-eabi/13.3.1/../../../../arm-none-eabi/lib/thumb/v8-m.main+fp/hard\libc_nano.a(libc_a-nano-vfprintf_i.o)
                0x080140f8                _printf_i
 .text.__sflush_r
                0x08014334      0x108 C:/ST/STM32CubeIDE_1.13.2/STM32CubeIDE/plugins/com.st.stm32cube.ide.mcu.externaltools.gnu-tools-for-stm32.13.3.rel1.win32_1.0.0.202411081344/tools/bin/../lib/gcc/arm-none-eabi/13.3.1/../../../../arm-none-eabi/lib/thumb/v8-m.main+fp/hard\libc_nano.a(libc_a-fflush.o)
                0x08014334                __sflush_r
 .text._fflush_r
                0x0801443c       0x50 C:/ST/STM32CubeIDE_1.13.2/STM32CubeIDE/plugins/com.st.stm32cube.ide.mcu.externaltools.gnu-tools-for-stm32.13.3.rel1.win32_1.0.0.202411081344/tools/bin/../lib/gcc/arm-none-eabi/13.3.1/../../../../arm-none-eabi/lib/thumb/v8-m.main+fp/hard\libc_nano.a(libc_a-fflush.o)
                0x0801443c                _fflush_r
 .text.__swhatbuf_r
                0x0801448c       0x4a C:/ST/STM32CubeIDE_1.13.2/STM32CubeIDE/plugins/com.st.stm32cube.ide.mcu.externaltools.gnu-tools-for-stm32.13.3.rel1.win32_1.0.0.202411081344/tools/bin/../lib/gcc/arm-none-eabi/13.3.1/../../../../arm-none-eabi/lib/thumb/v8-m.main+fp/hard\libc_nano.a(libc_a-makebuf.o)
                0x0801448c                __swhatbuf_r
 .text.__smakebuf_r
                0x080144d6       0x78 C:/ST/STM32CubeIDE_1.13.2/STM32CubeIDE/plugins/com.st.stm32cube.ide.mcu.externaltools.gnu-tools-for-stm32.13.3.rel1.win32_1.0.0.202411081344/tools/bin/../lib/gcc/arm-none-eabi/13.3.1/../../../../arm-none-eabi/lib/thumb/v8-m.main+fp/hard\libc_nano.a(libc_a-makebuf.o)
                0x080144d6                __smakebuf_r
 .text._raise_r
                0x0801454e       0x50 C:/ST/STM32CubeIDE_1.13.2/STM32CubeIDE/plugins/com.st.stm32cube.ide.mcu.externaltools.gnu-tools-for-stm32.13.3.rel1.win32_1.0.0.202411081344/tools/bin/../lib/gcc/arm-none-eabi/13.3.1/../../../../arm-none-eabi/lib/thumb/v8-m.main+fp/hard\libc_nano.a(libc_a-signal.o)
                0x0801454e                _raise_r
 *fill*         0x0801459e        0x2 
 .text.raise    0x080145a0       0x10 C:/ST/STM32CubeIDE_1.13.2/STM32CubeIDE/plugins/com.st.stm32cube.ide.mcu.externaltools.gnu-tools-for-stm32.13.3.rel1.win32_1.0.0.202411081344/tools/bin/../lib/gcc/arm-none-eabi/13.3.1/../../../../arm-none-eabi/lib/thumb/v8-m.main+fp/hard\libc_nano.a(libc_a-signal.o)
                0x080145a0                raise
 .text._fstat_r
                0x080145b0       0x24 C:/ST/STM32CubeIDE_1.13.2/STM32CubeIDE/plugins/com.st.stm32cube.ide.mcu.externaltools.gnu-tools-for-stm32.13.3.rel1.win32_1.0.0.202411081344/tools/bin/../lib/gcc/arm-none-eabi/13.3.1/../../../../arm-none-eabi/lib/thumb/v8-m.main+fp/hard\libc_nano.a(libc_a-fstatr.o)
                0x080145b0                _fstat_r
 .text._isatty_r
                0x080145d4       0x20 C:/ST/STM32CubeIDE_1.13.2/STM32CubeIDE/plugins/com.st.stm32cube.ide.mcu.externaltools.gnu-tools-for-stm32.13.3.rel1.win32_1.0.0.202411081344/tools/bin/../lib/gcc/arm-none-eabi/13.3.1/../../../../arm-none-eabi/lib/thumb/v8-m.main+fp/hard\libc_nano.a(libc_a-isattyr.o)
                0x080145d4                _isatty_r
 .text._kill_r  0x080145f4       0x24 C:/ST/STM32CubeIDE_1.13.2/STM32CubeIDE/plugins/com.st.stm32cube.ide.mcu.externaltools.gnu-tools-for-stm32.13.3.rel1.win32_1.0.0.202411081344/tools/bin/../lib/gcc/arm-none-eabi/13.3.1/../../../../arm-none-eabi/lib/thumb/v8-m.main+fp/hard\libc_nano.a(libc_a-signalr.o)
                0x080145f4                _kill_r
 .text._getpid_r
                0x08014618        0x4 C:/ST/STM32CubeIDE_1.13.2/STM32CubeIDE/plugins/com.st.stm32cube.ide.mcu.externaltools.gnu-tools-for-stm32.13.3.rel1.win32_1.0.0.202411081344/tools/bin/../lib/gcc/arm-none-eabi/13.3.1/../../../../arm-none-eabi/lib/thumb/v8-m.main+fp/hard\libc_nano.a(libc_a-signalr.o)
                0x08014618                _getpid_r
 .text.memchr   0x0801461c       0x1c C:/ST/STM32CubeIDE_1.13.2/STM32CubeIDE/plugins/com.st.stm32cube.ide.mcu.externaltools.gnu-tools-for-stm32.13.3.rel1.win32_1.0.0.202411081344/tools/bin/../lib/gcc/arm-none-eabi/13.3.1/../../../../arm-none-eabi/lib/thumb/v8-m.main+fp/hard\libc_nano.a(libc_a-memchr-stub.o)
                0x0801461c                memchr
 *(.glue_7)
 .glue_7        0x08014638        0x0 linker stubs
 *(.glue_7t)
 .glue_7t       0x08014638        0x0 linker stubs
 *(.eh_frame)
 .eh_frame      0x08014638        0x0 C:/ST/STM32CubeIDE_1.13.2/STM32CubeIDE/plugins/com.st.stm32cube.ide.mcu.externaltools.gnu-tools-for-stm32.13.3.rel1.win32_1.0.0.202411081344/tools/bin/../lib/gcc/arm-none-eabi/13.3.1/thumb/v8-m.main+fp/hard/crtbegin.o
 *(.init)
 .init          0x08014638        0x4 C:/ST/STM32CubeIDE_1.13.2/STM32CubeIDE/plugins/com.st.stm32cube.ide.mcu.externaltools.gnu-tools-for-stm32.13.3.rel1.win32_1.0.0.202411081344/tools/bin/../lib/gcc/arm-none-eabi/13.3.1/thumb/v8-m.main+fp/hard/crti.o
                0x08014638                _init
 .init          0x0801463c        0x8 C:/ST/STM32CubeIDE_1.13.2/STM32CubeIDE/plugins/com.st.stm32cube.ide.mcu.externaltools.gnu-tools-for-stm32.13.3.rel1.win32_1.0.0.202411081344/tools/bin/../lib/gcc/arm-none-eabi/13.3.1/thumb/v8-m.main+fp/hard/crtn.o
 *(.fini)
 .fini          0x08014644        0x4 C:/ST/STM32CubeIDE_1.13.2/STM32CubeIDE/plugins/com.st.stm32cube.ide.mcu.externaltools.gnu-tools-for-stm32.13.3.rel1.win32_1.0.0.202411081344/tools/bin/../lib/gcc/arm-none-eabi/13.3.1/thumb/v8-m.main+fp/hard/crti.o
                0x08014644                _fini
 .fini          0x08014648        0x8 C:/ST/STM32CubeIDE_1.13.2/STM32CubeIDE/plugins/com.st.stm32cube.ide.mcu.externaltools.gnu-tools-for-stm32.13.3.rel1.win32_1.0.0.202411081344/tools/bin/../lib/gcc/arm-none-eabi/13.3.1/thumb/v8-m.main+fp/hard/crtn.o
                0x08014650                        . = ALIGN (0x4)
                0x08014650                        _etext = .

.vfp11_veneer   0x08014650        0x0
 .vfp11_veneer  0x08014650        0x0 linker stubs

.v4_bx          0x08014650        0x0
 .v4_bx         0x08014650        0x0 linker stubs

.iplt           0x08014650        0x0
 .iplt          0x08014650        0x0 C:/ST/STM32CubeIDE_1.13.2/STM32CubeIDE/plugins/com.st.stm32cube.ide.mcu.externaltools.gnu-tools-for-stm32.13.3.rel1.win32_1.0.0.202411081344/tools/bin/../lib/gcc/arm-none-eabi/13.3.1/thumb/v8-m.main+fp/hard/crtbegin.o

.rodata         0x08014650     0x106c
                0x08014650                        . = ALIGN (0x4)
 *(.rodata)
 .rodata        0x08014650       0x43 ./Application/User/Core/main.o
 *fill*         0x08014693        0x1 
 .rodata        0x08014694      0xe12 ./Application/littlefs/lfs.o
 *(.rodata*)
 *fill*         0x080154a6        0x2 
 .rodata.UARTPrescTable
                0x080154a8       0x18 ./Application/User/Core/stm32h5xx_hal_uart.o
                0x080154a8                UARTPrescTable
 .rodata.numerator.1
                0x080154c0        0x8 ./Application/User/Core/stm32h5xx_hal_uart_ex.o
 .rodata.denominator.0
                0x080154c8        0x8 ./Application/User/Core/stm32h5xx_hal_uart_ex.o
 .rodata.__func__.28
                0x080154d0        0xc ./Application/littlefs/lfs.o
 .rodata.__func__.27
                0x080154dc        0xd ./Application/littlefs/lfs.o
 *fill*         0x080154e9        0x3 
 .rodata.__func__.26
                0x080154ec        0xc ./Application/littlefs/lfs.o
 .rodata.__func__.25
                0x080154f8        0xc ./Application/littlefs/lfs.o
 .rodata.__func__.24
                0x08015504        0xd ./Application/littlefs/lfs.o
 *fill*         0x08015511        0x3 
 .rodata.__func__.23
                0x08015514       0x11 ./Application/littlefs/lfs.o
 *fill*         0x08015525        0x3 
 .rodata.__func__.22
                0x08015528       0x10 ./Application/littlefs/lfs.o
 .rodata.__func__.21
                0x08015538       0x19 ./Application/littlefs/lfs.o
 *fill*         0x08015551        0x3 
 .rodata.__func__.20
                0x08015554       0x18 ./Application/littlefs/lfs.o
 .rodata.defaults.19
                0x0801556c        0xc ./Application/littlefs/lfs.o
 .rodata.__func__.17
                0x08015578       0x10 ./Application/littlefs/lfs.o
 .rodata.__func__.15
                0x08015588        0x9 ./Application/littlefs/lfs.o
 *fill*         0x08015591        0x3 
 .rodata.__func__.14
                0x08015594        0xc ./Application/littlefs/lfs.o
 .rodata.__func__.13
                0x080155a0       0x13 ./Application/littlefs/lfs.o
 *fill*         0x080155b3        0x1 
 .rodata.__func__.12
                0x080155b4        0xe ./Application/littlefs/lfs.o
 *fill*         0x080155c2        0x2 
 .rodata.__func__.10
                0x080155c4        0xe ./Application/littlefs/lfs.o
 *fill*         0x080155d2        0x2 
 .rodata.__func__.8
                0x080155d4        0xf ./Application/littlefs/lfs.o
 *fill*         0x080155e3        0x1 
 .rodata.__func__.5
                0x080155e4        0xf ./Application/littlefs/lfs.o
 *fill*         0x080155f3        0x1 
 .rodata.rtable.0
                0x080155f4       0x40 ./Application/littlefs/lfs_util.o
 .rodata.AHBPrescTable
                0x08015634       0x10 ./Drivers/CMSIS/system_stm32h5xx.o
                0x08015634                AHBPrescTable
 .rodata.APBPrescTable
                0x08015644        0x8 ./Drivers/CMSIS/system_stm32h5xx.o
                0x08015644                APBPrescTable
 .rodata.__assert_func.str1.1
                0x0801564c       0x6f C:/ST/STM32CubeIDE_1.13.2/STM32CubeIDE/plugins/com.st.stm32cube.ide.mcu.externaltools.gnu-tools-for-stm32.13.3.rel1.win32_1.0.0.202411081344/tools/bin/../lib/gcc/arm-none-eabi/13.3.1/../../../../arm-none-eabi/lib/thumb/v8-m.main+fp/hard\libc_nano.a(libc_a-assert.o)
                                 0x3d (size before relaxing)
 .rodata._vfprintf_r.str1.1
                0x080156bb       0x11 C:/ST/STM32CubeIDE_1.13.2/STM32CubeIDE/plugins/com.st.stm32cube.ide.mcu.externaltools.gnu-tools-for-stm32.13.3.rel1.win32_1.0.0.202411081344/tools/bin/../lib/gcc/arm-none-eabi/13.3.1/../../../../arm-none-eabi/lib/thumb/v8-m.main+fp/hard\libc_nano.a(libc_a-nano-vfprintf.o)
 .rodata._printf_i.str1.1
                0x080156bb       0x22 C:/ST/STM32CubeIDE_1.13.2/STM32CubeIDE/plugins/com.st.stm32cube.ide.mcu.externaltools.gnu-tools-for-stm32.13.3.rel1.win32_1.0.0.202411081344/tools/bin/../lib/gcc/arm-none-eabi/13.3.1/../../../../arm-none-eabi/lib/thumb/v8-m.main+fp/hard\libc_nano.a(libc_a-nano-vfprintf_i.o)
                0x080156e0                        . = ALIGN (0x4)
 *fill*         0x080156bb        0x1 

.ARM.extab      0x080156bc        0x0
                0x080156bc                        . = ALIGN (0x4)
 *(.ARM.extab* .gnu.linkonce.armextab.*)
                0x080156bc                        . = ALIGN (0x4)

.ARM            0x080156bc        0x8
                0x080156bc                        . = ALIGN (0x4)
                0x080156bc                        __exidx_start = .
 *(.ARM.exidx*)
 .ARM.exidx     0x080156bc        0x8 C:/ST/STM32CubeIDE_1.13.2/STM32CubeIDE/plugins/com.st.stm32cube.ide.mcu.externaltools.gnu-tools-for-stm32.13.3.rel1.win32_1.0.0.202411081344/tools/bin/../lib/gcc/arm-none-eabi/13.3.1/../../../../arm-none-eabi/lib/thumb/v8-m.main+fp/hard\libc_nano.a(libc_a-strlen.o)
 .ARM.exidx     0x080156c4        0x0 C:/ST/STM32CubeIDE_1.13.2/STM32CubeIDE/plugins/com.st.stm32cube.ide.mcu.externaltools.gnu-tools-for-stm32.13.3.rel1.win32_1.0.0.202411081344/tools/bin/../lib/gcc/arm-none-eabi/13.3.1/thumb/v8-m.main+fp/hard\libgcc.a(_udivmoddi4.o)
                                  0x8 (size before relaxing)
                0x080156c4                        __exidx_end = .
                0x080156c4                        . = ALIGN (0x4)

.preinit_array  0x080156c4        0x0
                0x080156c4                        . = ALIGN (0x4)
                0x080156c4                        PROVIDE (__preinit_array_start = .)
 *(.preinit_array*)
                0x080156c4                        PROVIDE (__preinit_array_end = .)
                0x080156c4                        . = ALIGN (0x4)

.init_array     0x080156c4        0x4
                0x080156c4                        . = ALIGN (0x4)
                0x080156c4                        PROVIDE (__init_array_start = .)
 *(SORT_BY_NAME(.init_array.*))
 *(.init_array*)
 .init_array    0x080156c4        0x4 C:/ST/STM32CubeIDE_1.13.2/STM32CubeIDE/plugins/com.st.stm32cube.ide.mcu.externaltools.gnu-tools-for-stm32.13.3.rel1.win32_1.0.0.202411081344/tools/bin/../lib/gcc/arm-none-eabi/13.3.1/thumb/v8-m.main+fp/hard/crtbegin.o
                0x080156c8                        PROVIDE (__init_array_end = .)
                0x080156c8                        . = ALIGN (0x4)

.fini_array     0x080156c8        0x4
                0x080156c8                        . = ALIGN (0x4)
                [!provide]                        PROVIDE (__fini_array_start = .)
 *(SORT_BY_NAME(.fini_array.*))
 *(.fini_array*)
 .fini_array    0x080156c8        0x4 C:/ST/STM32CubeIDE_1.13.2/STM32CubeIDE/plugins/com.st.stm32cube.ide.mcu.externaltools.gnu-tools-for-stm32.13.3.rel1.win32_1.0.0.202411081344/tools/bin/../lib/gcc/arm-none-eabi/13.3.1/thumb/v8-m.main+fp/hard/crtbegin.o
                [!provide]                        PROVIDE (__fini_array_end = .)
                0x080156cc                        . = ALIGN (0x4)
                0x080156cc                        _sidata = LOADADDR (.data)

.rel.dyn        0x080156cc        0x0
 .rel.iplt      0x080156cc        0x0 C:/ST/STM32CubeIDE_1.13.2/STM32CubeIDE/plugins/com.st.stm32cube.ide.mcu.externaltools.gnu-tools-for-stm32.13.3.rel1.win32_1.0.0.202411081344/tools/bin/../lib/gcc/arm-none-eabi/13.3.1/thumb/v8-m.main+fp/hard/crtbegin.o

.data           0x20000000       0xbc load address 0x080156cc
                0x20000000                        . = ALIGN (0x4)
                0x20000000                        _sdata = .
 *(.data)
 *(.data*)
 .data.cfg      0x20000000       0x54 ./Application/User/Core/lfs_config.o
                0x20000000                cfg
 .data.SystemCoreClock
                0x20000054        0x4 ./Drivers/CMSIS/system_stm32h5xx.o
                0x20000054                SystemCoreClock
 .data.uwTickPrio
                0x20000058        0x4 ./Drivers/STM32H5xx_HAL_Driver/stm32h5xx_hal.o
                0x20000058                uwTickPrio
 .data.uwTickFreq
                0x2000005c        0x1 ./Drivers/STM32H5xx_HAL_Driver/stm32h5xx_hal.o
                0x2000005c                uwTickFreq
 *fill*         0x2000005d        0x3 
 .data.__sglue  0x20000060        0xc C:/ST/STM32CubeIDE_1.13.2/STM32CubeIDE/plugins/com.st.stm32cube.ide.mcu.externaltools.gnu-tools-for-stm32.13.3.rel1.win32_1.0.0.202411081344/tools/bin/../lib/gcc/arm-none-eabi/13.3.1/../../../../arm-none-eabi/lib/thumb/v8-m.main+fp/hard\libc_nano.a(libc_a-findfp.o)
                0x20000060                __sglue
 .data._impure_ptr
                0x2000006c        0x4 C:/ST/STM32CubeIDE_1.13.2/STM32CubeIDE/plugins/com.st.stm32cube.ide.mcu.externaltools.gnu-tools-for-stm32.13.3.rel1.win32_1.0.0.202411081344/tools/bin/../lib/gcc/arm-none-eabi/13.3.1/../../../../arm-none-eabi/lib/thumb/v8-m.main+fp/hard\libc_nano.a(libc_a-impure.o)
                0x2000006c                _impure_ptr
 .data._impure_data
                0x20000070       0x4c C:/ST/STM32CubeIDE_1.13.2/STM32CubeIDE/plugins/com.st.stm32cube.ide.mcu.externaltools.gnu-tools-for-stm32.13.3.rel1.win32_1.0.0.202411081344/tools/bin/../lib/gcc/arm-none-eabi/13.3.1/../../../../arm-none-eabi/lib/thumb/v8-m.main+fp/hard\libc_nano.a(libc_a-impure.o)
                0x20000070                _impure_data
 *(.RamFunc)
 *(.RamFunc*)
                0x200000bc                        . = ALIGN (0x4)
                0x200000bc                        _edata = .

.igot.plt       0x200000bc        0x0 load address 0x08015788
 .igot.plt      0x200000bc        0x0 C:/ST/STM32CubeIDE_1.13.2/STM32CubeIDE/plugins/com.st.stm32cube.ide.mcu.externaltools.gnu-tools-for-stm32.13.3.rel1.win32_1.0.0.202411081344/tools/bin/../lib/gcc/arm-none-eabi/13.3.1/thumb/v8-m.main+fp/hard/crtbegin.o
                0x200000bc                        . = ALIGN (0x4)

.bss            0x200000bc      0x3f0 load address 0x08015788
                0x200000bc                        _sbss = .
                0x200000bc                        __bss_start__ = _sbss
 *(.bss)
 .bss           0x200000bc       0x1c C:/ST/STM32CubeIDE_1.13.2/STM32CubeIDE/plugins/com.st.stm32cube.ide.mcu.externaltools.gnu-tools-for-stm32.13.3.rel1.win32_1.0.0.202411081344/tools/bin/../lib/gcc/arm-none-eabi/13.3.1/thumb/v8-m.main+fp/hard/crtbegin.o
 *(.bss*)
 .bss.initialized.0
                0x200000d8        0x1 ./Application/User/Core/lfs_config.o
 *fill*         0x200000d9        0x3 
 .bss.handle_GPDMA1_Channel1
                0x200000dc       0x78 ./Application/User/Core/main.o
                0x200000dc                handle_GPDMA1_Channel1
 .bss.handle_GPDMA1_Channel0
                0x20000154       0x78 ./Application/User/Core/main.o
                0x20000154                handle_GPDMA1_Channel0
 .bss.hospi1    0x200001cc       0x5c ./Application/User/Core/main.o
                0x200001cc                hospi1
 .bss.huart4    0x20000228       0xcc ./Application/User/Core/main.o
                0x20000228                huart4
 .bss.__sbrk_heap_end
                0x200002f4        0x4 ./Application/User/Core/sysmem.o
 .bss.hospi_nor
                0x200002f8       0x5c ./Drivers/BSP/STM32H573I-DK/stm32h573i_discovery_xspi.o
                0x200002f8                hospi_nor
 .bss.Xspi_Nor_Ctx
                0x20000354        0x3 ./Drivers/BSP/STM32H573I-DK/stm32h573i_discovery_xspi.o
                0x20000354                Xspi_Nor_Ctx
 *fill*         0x20000357        0x1 
 .bss.reg.0     0x20000358        0x2 ./Drivers/BSP/STM32H573I-DK/stm32h573i_discovery_xspi.o
 *fill*         0x2000035a        0x2 
 .bss.uwTick    0x2000035c        0x4 ./Drivers/STM32H5xx_HAL_Driver/stm32h5xx_hal.o
                0x2000035c                uwTick
 .bss.__malloc_sbrk_start
                0x20000360        0x4 C:/ST/STM32CubeIDE_1.13.2/STM32CubeIDE/plugins/com.st.stm32cube.ide.mcu.externaltools.gnu-tools-for-stm32.13.3.rel1.win32_1.0.0.202411081344/tools/bin/../lib/gcc/arm-none-eabi/13.3.1/../../../../arm-none-eabi/lib/thumb/v8-m.main+fp/hard\libc_nano.a(libc_a-mallocr.o)
                0x20000360                __malloc_sbrk_start
 .bss.__malloc_free_list
                0x20000364        0x4 C:/ST/STM32CubeIDE_1.13.2/STM32CubeIDE/plugins/com.st.stm32cube.ide.mcu.externaltools.gnu-tools-for-stm32.13.3.rel1.win32_1.0.0.202411081344/tools/bin/../lib/gcc/arm-none-eabi/13.3.1/../../../../arm-none-eabi/lib/thumb/v8-m.main+fp/hard\libc_nano.a(libc_a-mallocr.o)
                0x20000364                __malloc_free_list
 .bss.__sf      0x20000368      0x138 C:/ST/STM32CubeIDE_1.13.2/STM32CubeIDE/plugins/com.st.stm32cube.ide.mcu.externaltools.gnu-tools-for-stm32.13.3.rel1.win32_1.0.0.202411081344/tools/bin/../lib/gcc/arm-none-eabi/13.3.1/../../../../arm-none-eabi/lib/thumb/v8-m.main+fp/hard\libc_nano.a(libc_a-findfp.o)
                0x20000368                __sf
 .bss.__stdio_exit_handler
                0x200004a0        0x4 C:/ST/STM32CubeIDE_1.13.2/STM32CubeIDE/plugins/com.st.stm32cube.ide.mcu.externaltools.gnu-tools-for-stm32.13.3.rel1.win32_1.0.0.202411081344/tools/bin/../lib/gcc/arm-none-eabi/13.3.1/../../../../arm-none-eabi/lib/thumb/v8-m.main+fp/hard\libc_nano.a(libc_a-findfp.o)
                0x200004a0                __stdio_exit_handler
 .bss.errno     0x200004a4        0x4 C:/ST/STM32CubeIDE_1.13.2/STM32CubeIDE/plugins/com.st.stm32cube.ide.mcu.externaltools.gnu-tools-for-stm32.13.3.rel1.win32_1.0.0.202411081344/tools/bin/../lib/gcc/arm-none-eabi/13.3.1/../../../../arm-none-eabi/lib/thumb/v8-m.main+fp/hard\libc_nano.a(libc_a-reent.o)
                0x200004a4                errno
 .bss.__lock___malloc_recursive_mutex
                0x200004a8        0x1 C:/ST/STM32CubeIDE_1.13.2/STM32CubeIDE/plugins/com.st.stm32cube.ide.mcu.externaltools.gnu-tools-for-stm32.13.3.rel1.win32_1.0.0.202411081344/tools/bin/../lib/gcc/arm-none-eabi/13.3.1/../../../../arm-none-eabi/lib/thumb/v8-m.main+fp/hard\libc_nano.a(libc_a-lock.o)
                0x200004a8                __lock___malloc_recursive_mutex
 .bss.__lock___sfp_recursive_mutex
                0x200004a9        0x1 C:/ST/STM32CubeIDE_1.13.2/STM32CubeIDE/plugins/com.st.stm32cube.ide.mcu.externaltools.gnu-tools-for-stm32.13.3.rel1.win32_1.0.0.202411081344/tools/bin/../lib/gcc/arm-none-eabi/13.3.1/../../../../arm-none-eabi/lib/thumb/v8-m.main+fp/hard\libc_nano.a(libc_a-lock.o)
                0x200004a9                __lock___sfp_recursive_mutex
 *(COMMON)
                0x200004ac                        . = ALIGN (0x4)
 *fill*         0x200004aa        0x2 
                0x200004ac                        _ebss = .
                0x200004ac                        __bss_end__ = _ebss

._user_heap_stack
                0x200004ac      0x604 load address 0x08015788
                0x200004b0                        . = ALIGN (0x8)
 *fill*         0x200004ac        0x4 
                [!provide]                        PROVIDE (end = .)
                0x200004b0                        PROVIDE (_end = .)
                0x200006b0                        . = (. + _Min_Heap_Size)
 *fill*         0x200004b0      0x200 
                0x20000ab0                        . = (. + _Min_Stack_Size)
 *fill*         0x200006b0      0x400 
                0x20000ab0                        . = ALIGN (0x8)

/DISCARD/
 libc.a(*)
 libm.a(*)
 libgcc.a(*)

.ARM.attributes
                0x00000000       0x36
 *(.ARM.attributes)
 .ARM.attributes
                0x00000000       0x26 C:/ST/STM32CubeIDE_1.13.2/STM32CubeIDE/plugins/com.st.stm32cube.ide.mcu.externaltools.gnu-tools-for-stm32.13.3.rel1.win32_1.0.0.202411081344/tools/bin/../lib/gcc/arm-none-eabi/13.3.1/thumb/v8-m.main+fp/hard/crti.o
 .ARM.attributes
                0x00000026       0x38 C:/ST/STM32CubeIDE_1.13.2/STM32CubeIDE/plugins/com.st.stm32cube.ide.mcu.externaltools.gnu-tools-for-stm32.13.3.rel1.win32_1.0.0.202411081344/tools/bin/../lib/gcc/arm-none-eabi/13.3.1/thumb/v8-m.main+fp/hard/crtbegin.o
 .ARM.attributes
                0x0000005e       0x3a ./Application/User/Core/lfs_config.o
 .ARM.attributes
                0x00000098       0x3a ./Application/User/Core/main.o
 .ARM.attributes
                0x000000d2       0x3a ./Application/User/Core/stm32h5xx_hal_msp.o
 .ARM.attributes
                0x0000010c       0x3a ./Application/User/Core/stm32h5xx_hal_uart.o
 .ARM.attributes
                0x00000146       0x3a ./Application/User/Core/stm32h5xx_hal_uart_ex.o
 .ARM.attributes
                0x00000180       0x3a ./Application/User/Core/stm32h5xx_it.o
 .ARM.attributes
                0x000001ba       0x3a ./Application/User/Core/syscalls.o
 .ARM.attributes
                0x000001f4       0x3a ./Application/User/Core/sysmem.o
 .ARM.attributes
                0x0000022e       0x24 ./Application/User/Startup/startup_stm32h573iikxq.o
 .ARM.attributes
                0x00000252       0x3a ./Application/littlefs/lfs.o
 .ARM.attributes
                0x0000028c       0x3a ./Application/littlefs/lfs_util.o
 .ARM.attributes
                0x000002c6       0x3a ./Drivers/BSP/Components/mx25lm51245g/mx25lm51245g.o
 .ARM.attributes
                0x00000300       0x3a ./Drivers/BSP/STM32H573I-DK/stm32h573i_discovery_xspi.o
 .ARM.attributes
                0x0000033a       0x3a ./Drivers/CMSIS/system_stm32h5xx.o
 .ARM.attributes
                0x00000374       0x3a ./Drivers/STM32H5xx_HAL_Driver/stm32h5xx_hal.o
 .ARM.attributes
                0x000003ae       0x3a ./Drivers/STM32H5xx_HAL_Driver/stm32h5xx_hal_cortex.o
 .ARM.attributes
                0x000003e8       0x3a ./Drivers/STM32H5xx_HAL_Driver/stm32h5xx_hal_dma.o
 .ARM.attributes