../Drivers/BSP/STM32H573I-DK/stm32h573i_discovery_xspi.c:141:9:BSP_XSPI_NOR_Init	96	static,ignoring_inline_asm
../Drivers/BSP/STM32H573I-DK/stm32h573i_discovery_xspi.c:225:9:BSP_OSPI_NOR_DeInit	24	static
../Drivers/BSP/STM32H573I-DK/stm32h573i_discovery_xspi.c:275:26:MX_XSPI_NOR_Init	16	static
../Drivers/BSP/STM32H573I-DK/stm32h573i_discovery_xspi.c:387:9:BSP_XSPI_NOR_Read	40	static
../Drivers/BSP/STM32H573I-DK/stm32h573i_discovery_xspi.c:435:9:BSP_XSPI_NOR_Write	64	static
../Drivers/BSP/STM32H573I-DK/stm32h573i_discovery_xspi.c:533:9:BSP_XSPI_NOR_Erase_Block	48	static
../Drivers/BSP/STM32H573I-DK/stm32h573i_discovery_xspi.c:576:9:BSP_XSPI_NOR_Erase_Chip	32	static
../Drivers/BSP/STM32H573I-DK/stm32h573i_discovery_xspi.c:618:9:BSP_XSPI_NOR_GetStatus	32	static
../Drivers/BSP/STM32H573I-DK/stm32h573i_discovery_xspi.c:668:9:BSP_XSPI_NOR_GetInfo	24	static
../Drivers/BSP/STM32H573I-DK/stm32h573i_discovery_xspi.c:691:9:BSP_XSPI_NOR_EnableMemoryMappedMode	24	static
../Drivers/BSP/STM32H573I-DK/stm32h573i_discovery_xspi.c:738:9:BSP_XSPI_NOR_DisableMemoryMappedMode	24	static
../Drivers/BSP/STM32H573I-DK/stm32h573i_discovery_xspi.c:774:9:BSP_XSPI_NOR_ReadID	32	static
../Drivers/BSP/STM32H573I-DK/stm32h573i_discovery_xspi.c:806:9:BSP_XSPI_NOR_ConfigFlash	24	static
../Drivers/BSP/STM32H573I-DK/stm32h573i_discovery_xspi.c:888:9:BSP_XSPI_NOR_SuspendErase	32	static
../Drivers/BSP/STM32H573I-DK/stm32h573i_discovery_xspi.c:925:9:BSP_XSPI_NOR_ResumeErase	32	static
../Drivers/BSP/STM32H573I-DK/stm32h573i_discovery_xspi.c:967:9:BSP_XSPI_NOR_EnterDeepPowerDown	32	static
../Drivers/BSP/STM32H573I-DK/stm32h573i_discovery_xspi.c:997:9:BSP_XSPI_NOR_LeaveDeepPowerDown	32	static
../Drivers/BSP/STM32H573I-DK/stm32h573i_discovery_xspi.c:1035:13:XSPI_NOR_MspInit	88	static
../Drivers/BSP/STM32H573I-DK/stm32h573i_discovery_xspi.c:1141:13:XSPI_NOR_MspDeInit	16	static
../Drivers/BSP/STM32H573I-DK/stm32h573i_discovery_xspi.c:1172:16:XSPI_NOR_ResetMemory	32	static
../Drivers/BSP/STM32H573I-DK/stm32h573i_discovery_xspi.c:1229:16:XSPI_NOR_EnterDOPIMode	40	static
../Drivers/BSP/STM32H573I-DK/stm32h573i_discovery_xspi.c:1300:16:XSPI_NOR_EnterSOPIMode	40	static
../Drivers/BSP/STM32H573I-DK/stm32h573i_discovery_xspi.c:1364:16:XSPI_NOR_ExitOPIMode	40	static
../Drivers/BSP/STM32H573I-DK/stm32h573i_discovery_xspi.c:1434:13:OSPI1_DLYB_Enable	24	static
