../Drivers/BSP/STM32H573I-DK/stm32h573i_discovery_ospi.c:131:9:BSP_OSPI_NOR_Init	96	static,ignoring_inline_asm
../Drivers/BSP/STM32H573I-DK/stm32h573i_discovery_ospi.c:203:9:BSP_OSPI_NOR_DeInit	24	static
../Drivers/BSP/STM32H573I-DK/stm32h573i_discovery_ospi.c:246:26:MX_OSPI_NOR_Init	16	static
../Drivers/BSP/STM32H573I-DK/stm32h573i_discovery_ospi.c:355:9:BSP_OSPI_NOR_Read	40	static
../Drivers/BSP/STM32H573I-DK/stm32h573i_discovery_ospi.c:394:9:BSP_OSPI_NOR_Write	64	static
../Drivers/BSP/STM32H573I-DK/stm32h573i_discovery_ospi.c:483:9:BSP_OSPI_NOR_Erase_Block	48	static
../Drivers/BSP/STM32H573I-DK/stm32h573i_discovery_ospi.c:521:9:BSP_OSPI_NOR_Erase_Chip	32	static
../Drivers/BSP/STM32H573I-DK/stm32h573i_discovery_ospi.c:557:9:BSP_OSPI_NOR_GetStatus	32	static
../Drivers/BSP/STM32H573I-DK/stm32h573i_discovery_ospi.c:598:9:BSP_OSPI_NOR_GetInfo	24	static
../Drivers/BSP/STM32H573I-DK/stm32h573i_discovery_ospi.c:617:9:BSP_OSPI_NOR_EnableMemoryMappedMode	24	static
../Drivers/BSP/STM32H573I-DK/stm32h573i_discovery_ospi.c:654:9:BSP_OSPI_NOR_DisableMemoryMappedMode	24	static
../Drivers/BSP/STM32H573I-DK/stm32h573i_discovery_ospi.c:683:9:BSP_OSPI_NOR_ReadID	32	static
../Drivers/BSP/STM32H573I-DK/stm32h573i_discovery_ospi.c:710:9:BSP_OSPI_NOR_ConfigFlash	24	static
../Drivers/BSP/STM32H573I-DK/stm32h573i_discovery_ospi.c:778:9:BSP_OSPI_NOR_SuspendErase	32	static
../Drivers/BSP/STM32H573I-DK/stm32h573i_discovery_ospi.c:807:9:BSP_OSPI_NOR_ResumeErase	32	static
../Drivers/BSP/STM32H573I-DK/stm32h573i_discovery_ospi.c:842:9:BSP_OSPI_NOR_EnterDeepPowerDown	32	static
../Drivers/BSP/STM32H573I-DK/stm32h573i_discovery_ospi.c:867:9:BSP_OSPI_NOR_LeaveDeepPowerDown	32	static
../Drivers/BSP/STM32H573I-DK/stm32h573i_discovery_ospi.c:900:13:OSPI_NOR_MspInit	88	static
../Drivers/BSP/STM32H573I-DK/stm32h573i_discovery_ospi.c:1006:13:OSPI_NOR_MspDeInit	16	static
../Drivers/BSP/STM32H573I-DK/stm32h573i_discovery_ospi.c:1036:16:OSPI_NOR_ResetMemory	32	static
../Drivers/BSP/STM32H573I-DK/stm32h573i_discovery_ospi.c:1084:16:OSPI_NOR_EnterDOPIMode	40	static
../Drivers/BSP/STM32H573I-DK/stm32h573i_discovery_ospi.c:1147:16:OSPI_NOR_EnterSOPIMode	40	static
../Drivers/BSP/STM32H573I-DK/stm32h573i_discovery_ospi.c:1204:16:OSPI_NOR_ExitOPIMode	40	static
../Drivers/BSP/STM32H573I-DK/stm32h573i_discovery_ospi.c:1263:13:OSPI1_DLYB_Enable	24	static
