C:/Users/hp/Desktop/pfa/OSPI-amalbranche/OSPI-amalbranche/Core/Src/main.c:78:5:__io_putchar	1
C:/Users/hp/Desktop/pfa/OSPI-amalbranche/OSPI-amalbranche/Core/Src/main.c:121:8:blink_error	2
C:/Users/hp/Desktop/pfa/OSPI-amalbranche/OSPI-amalbranche/Core/Src/main.c:90:5:main	8
C:/Users/hp/Desktop/pfa/OSPI-amalbranche/OSPI-amalbranche/Core/Src/main.c:192:6:SystemClock_Config	4
C:/Users/hp/Desktop/pfa/OSPI-amalbranche/OSPI-amalbranche/Core/Src/main.c:250:13:MX_GPDMA1_Init	5
C:/Users/hp/Desktop/pfa/OSPI-amalbranche/OSPI-amalbranche/Core/Src/main.c:318:13:MX_ICACHE_Init	2
C:/Users/hp/Desktop/pfa/OSPI-amalbranche/OSPI-amalbranche/Core/Src/main.c:346:13:MX_OCTOSPI1_Init	2
C:/Users/hp/Desktop/pfa/OSPI-amalbranche/OSPI-amalbranche/Core/Src/main.c:387:13:MX_UART4_Init	5
C:/Users/hp/Desktop/pfa/OSPI-amalbranche/OSPI-amalbranche/Core/Src/main.c:435:13:MX_GPIO_Init	1
C:/Users/hp/Desktop/pfa/OSPI-amalbranche/OSPI-amalbranche/Core/Src/main.c:473:6:Error_Handler	1
