C:/Users/LENOVO/Downloads/OSPI-master/OSPI-master/Core/Src/main.c:79:5:main	160	static
C:/Users/LENOVO/Downloads/OSPI-master/OSPI-master/Core/Src/main.c:144:6:SystemClock_Config	120	static
C:/Users/LENOVO/Downloads/OSPI-master/OSPI-master/Core/Src/main.c:202:13:MX_GPDMA1_Init	16	static
C:/Users/LENOVO/Downloads/OSPI-master/OSPI-master/Core/Src/main.c:270:13:MX_ICACHE_Init	8	static
C:/Users/LENOVO/Downloads/OSPI-master/OSPI-master/Core/Src/main.c:298:13:MX_OCTOSPI1_Init	8	static
C:/Users/LENOVO/Downloads/OSPI-master/OSPI-master/Core/Src/main.c:339:13:MX_GPIO_Init	40	static
C:/Users/LENOVO/Downloads/OSPI-master/OSPI-master/Core/Src/main.c:368:6:Error_Handler	4	static,ignoring_inline_asm
