C:/Users/hp/Desktop/pfa/essai_OSPI/Core/Src/main.c:78:5:main	232	static
C:/Users/hp/Desktop/pfa/essai_OSPI/Core/Src/main.c:157:6:SystemClock_Config	120	static
C:/Users/hp/Desktop/pfa/essai_OSPI/Core/Src/main.c:215:13:MX_GPDMA1_Init	16	static
C:/Users/hp/Desktop/pfa/essai_OSPI/Core/Src/main.c:283:13:MX_ICACHE_Init	8	static
C:/Users/hp/Desktop/pfa/essai_OSPI/Core/Src/main.c:311:13:MX_OCTOSPI1_Init	8	static
C:/Users/hp/Desktop/pfa/essai_OSPI/Core/Src/main.c:352:13:MX_GPIO_Init	64	static
C:/Users/hp/Desktop/pfa/essai_OSPI/Core/Src/main.c:390:6:Error_Handler	4	static,ignoring_inline_asm
